Archive member included to satisfy reference by file (symbol)

c:/st/stm32cubeide_1.4.0/stm32cubeide/plugins/com.st.stm32cube.ide.mcu.externaltools.gnu-tools-for-stm32.7-2018-q2-update.win32_1.4.0.202007081208/tools/bin/../lib/gcc/arm-none-eabi/7.3.1/../../../../arm-none-eabi/lib/thumb/v7-m\libc_nano.a(lib_a-errno.o)
                              Src/syscalls.o (__errno)
c:/st/stm32cubeide_1.4.0/stm32cubeide/plugins/com.st.stm32cube.ide.mcu.externaltools.gnu-tools-for-stm32.7-2018-q2-update.win32_1.4.0.202007081208/tools/bin/../lib/gcc/arm-none-eabi/7.3.1/../../../../arm-none-eabi/lib/thumb/v7-m\libc_nano.a(lib_a-exit.o)
                              c:/st/stm32cubeide_1.4.0/stm32cubeide/plugins/com.st.stm32cube.ide.mcu.externaltools.gnu-tools-for-stm32.7-2018-q2-update.win32_1.4.0.202007081208/tools/bin/../lib/gcc/arm-none-eabi/7.3.1/../../../../arm-none-eabi/lib/thumb/v7-m/crt0.o (exit)
c:/st/stm32cubeide_1.4.0/stm32cubeide/plugins/com.st.stm32cube.ide.mcu.externaltools.gnu-tools-for-stm32.7-2018-q2-update.win32_1.4.0.202007081208/tools/bin/../lib/gcc/arm-none-eabi/7.3.1/../../../../arm-none-eabi/lib/thumb/v7-m\libc_nano.a(lib_a-impure.o)
                              c:/st/stm32cubeide_1.4.0/stm32cubeide/plugins/com.st.stm32cube.ide.mcu.externaltools.gnu-tools-for-stm32.7-2018-q2-update.win32_1.4.0.202007081208/tools/bin/../lib/gcc/arm-none-eabi/7.3.1/../../../../arm-none-eabi/lib/thumb/v7-m\libc_nano.a(lib_a-exit.o) (_global_impure_ptr)
c:/st/stm32cubeide_1.4.0/stm32cubeide/plugins/com.st.stm32cube.ide.mcu.externaltools.gnu-tools-for-stm32.7-2018-q2-update.win32_1.4.0.202007081208/tools/bin/../lib/gcc/arm-none-eabi/7.3.1/../../../../arm-none-eabi/lib/thumb/v7-m\libc_nano.a(lib_a-init.o)
                              c:/st/stm32cubeide_1.4.0/stm32cubeide/plugins/com.st.stm32cube.ide.mcu.externaltools.gnu-tools-for-stm32.7-2018-q2-update.win32_1.4.0.202007081208/tools/bin/../lib/gcc/arm-none-eabi/7.3.1/../../../../arm-none-eabi/lib/thumb/v7-m/crt0.o (__libc_init_array)
c:/st/stm32cubeide_1.4.0/stm32cubeide/plugins/com.st.stm32cube.ide.mcu.externaltools.gnu-tools-for-stm32.7-2018-q2-update.win32_1.4.0.202007081208/tools/bin/../lib/gcc/arm-none-eabi/7.3.1/../../../../arm-none-eabi/lib/thumb/v7-m\libc_nano.a(lib_a-memset.o)
                              c:/st/stm32cubeide_1.4.0/stm32cubeide/plugins/com.st.stm32cube.ide.mcu.externaltools.gnu-tools-for-stm32.7-2018-q2-update.win32_1.4.0.202007081208/tools/bin/../lib/gcc/arm-none-eabi/7.3.1/../../../../arm-none-eabi/lib/thumb/v7-m/crt0.o (memset)

Allocating common symbols
Common symbol       size              file

PinCfg              0x4               HAL/Keypad_Driver/STM32F103C6_KEYPAD.o
ch                  0x2               Src/main.o
GP_IRQ_CallBack     0x3c              Stm32_F103C6_Drivers/Stm32_F103C6_EXTI_driver.o

Discarded input sections

 .text          0x0000000000000000        0x0 c:/st/stm32cubeide_1.4.0/stm32cubeide/plugins/com.st.stm32cube.ide.mcu.externaltools.gnu-tools-for-stm32.7-2018-q2-update.win32_1.4.0.202007081208/tools/bin/../lib/gcc/arm-none-eabi/7.3.1/thumb/v7-m/crti.o
 .data          0x0000000000000000        0x0 c:/st/stm32cubeide_1.4.0/stm32cubeide/plugins/com.st.stm32cube.ide.mcu.externaltools.gnu-tools-for-stm32.7-2018-q2-update.win32_1.4.0.202007081208/tools/bin/../lib/gcc/arm-none-eabi/7.3.1/thumb/v7-m/crti.o
 .bss           0x0000000000000000        0x0 c:/st/stm32cubeide_1.4.0/stm32cubeide/plugins/com.st.stm32cube.ide.mcu.externaltools.gnu-tools-for-stm32.7-2018-q2-update.win32_1.4.0.202007081208/tools/bin/../lib/gcc/arm-none-eabi/7.3.1/thumb/v7-m/crti.o
 .data          0x0000000000000000        0x4 c:/st/stm32cubeide_1.4.0/stm32cubeide/plugins/com.st.stm32cube.ide.mcu.externaltools.gnu-tools-for-stm32.7-2018-q2-update.win32_1.4.0.202007081208/tools/bin/../lib/gcc/arm-none-eabi/7.3.1/thumb/v7-m/crtbegin.o
 .text          0x0000000000000000       0x74 c:/st/stm32cubeide_1.4.0/stm32cubeide/plugins/com.st.stm32cube.ide.mcu.externaltools.gnu-tools-for-stm32.7-2018-q2-update.win32_1.4.0.202007081208/tools/bin/../lib/gcc/arm-none-eabi/7.3.1/../../../../arm-none-eabi/lib/thumb/v7-m/crt0.o
 .data          0x0000000000000000        0x0 c:/st/stm32cubeide_1.4.0/stm32cubeide/plugins/com.st.stm32cube.ide.mcu.externaltools.gnu-tools-for-stm32.7-2018-q2-update.win32_1.4.0.202007081208/tools/bin/../lib/gcc/arm-none-eabi/7.3.1/../../../../arm-none-eabi/lib/thumb/v7-m/crt0.o
 .bss           0x0000000000000000        0x0 c:/st/stm32cubeide_1.4.0/stm32cubeide/plugins/com.st.stm32cube.ide.mcu.externaltools.gnu-tools-for-stm32.7-2018-q2-update.win32_1.4.0.202007081208/tools/bin/../lib/gcc/arm-none-eabi/7.3.1/../../../../arm-none-eabi/lib/thumb/v7-m/crt0.o
 .ARM.extab     0x0000000000000000        0x0 c:/st/stm32cubeide_1.4.0/stm32cubeide/plugins/com.st.stm32cube.ide.mcu.externaltools.gnu-tools-for-stm32.7-2018-q2-update.win32_1.4.0.202007081208/tools/bin/../lib/gcc/arm-none-eabi/7.3.1/../../../../arm-none-eabi/lib/thumb/v7-m/crt0.o
[...]
Memory Configuration

Name             Origin             Length             Attributes
RAM              0x0000000020000000 0x0000000000002800 xrw
ROM              0x0000000008000000 0x0000000000008000 xr
*default*        0x0000000000000000 0xffffffffffffffff

Linker script and memory map

LOAD c:/st/stm32cubeide_1.4.0/stm32cubeide/plugins/com.st.stm32cube.ide.mcu.externaltools.gnu-tools-for-stm32.7-2018-q2-update.win32_1.4.0.202007081208/tools/bin/../lib/gcc/arm-none-eabi/7.3.1/thumb/v7-m/crti.o
LOAD c:/st/stm32cubeide_1.4.0/stm32cubeide/plugins/com.st.stm32cube.ide.mcu.externaltools.gnu-tools-for-stm32.7-2018-q2-update.win32_1.4.0.202007081208/tools/bin/../lib/gcc/arm-none-eabi/7.3.1/thumb/v7-m/crtbegin.o
LOAD c:/st/stm32cubeide_1.4.0/stm32cubeide/plugins/com.st.stm32cube.ide.mcu.externaltools.gnu-tools-for-stm32.7-2018-q2-update.win32_1.4.0.202007081208/tools/bin/../lib/gcc/arm-none-eabi/7.3.1/../../../../arm-none-eabi/lib/thumb/v7-m/crt0.o
LOAD HAL/Keypad_Driver/STM32F103C6_KEYPAD.o
LOAD HAL/LCD_Driver/STM32F103C6_LCD.o
LOAD Src/main.o
LOAD Src/syscalls.o
LOAD Src/sysmem.o
LOAD Startup/startup_stm32f103c6tx.o
LOAD Stm32_F103C6_Drivers/Stm32_F103C6_EXTI_driver.o
LOAD Stm32_F103C6_Drivers/Stm32_F103C6_RCC_driver.o
LOAD Stm32_F103C6_Drivers/Stm32_F103C6_SPI_driver.o
LOAD Stm32_F103C6_Drivers/Stm32_F103C6_USART_driver.o
LOAD Stm32_F103C6_Drivers/Stm32_F103C6_gpio_driver.o
START GROUP
LOAD c:/st/stm32cubeide_1.4.0/stm32cubeide/plugins/com.st.stm32cube.ide.mcu.externaltools.gnu-tools-for-stm32.7-2018-q2-update.win32_1.4.0.202007081208/tools/bin/../lib/gcc/arm-none-eabi/7.3.1/../../../../arm-none-eabi/lib/thumb/v7-m\libc_nano.a
LOAD c:/st/stm32cubeide_1.4.0/stm32cubeide/plugins/com.st.stm32cube.ide.mcu.externaltools.gnu-tools-for-stm32.7-2018-q2-update.win32_1.4.0.202007081208/tools/bin/../lib/gcc/arm-none-eabi/7.3.1/../../../../arm-none-eabi/lib/thumb/v7-m\libm.a
END GROUP
START GROUP
LOAD c:/st/stm32cubeide_1.4.0/stm32cubeide/plugins/com.st.stm32cube.ide.mcu.externaltools.gnu-tools-for-stm32.7-2018-q2-update.win32_1.4.0.202007081208/tools/bin/../lib/gcc/arm-none-eabi/7.3.1/thumb/v7-m\libgcc.a
LOAD c:/st/stm32cubeide_1.4.0/stm32cubeide/plugins/com.st.stm32cube.ide.mcu.externaltools.gnu-tools-for-stm32.7-2018-q2-update.win32_1.4.0.202007081208/tools/bin/../lib/gcc/arm-none-eabi/7.3.1/../../../../arm-none-eabi/lib/thumb/v7-m\libg_nano.a
LOAD c:/st/stm32cubeide_1.4.0/stm32cubeide/plugins/com.st.stm32cube.ide.mcu.externaltools.gnu-tools-for-stm32.7-2018-q2-update.win32_1.4.0.202007081208/tools/bin/../lib/gcc/arm-none-eabi/7.3.1/../../../../arm-none-eabi/lib/thumb/v7-m\libc_nano.a
END GROUP
START GROUP
LOAD c:/st/stm32cubeide_1.4.0/stm32cubeide/plugins/com.st.stm32cube.ide.mcu.externaltools.gnu-tools-for-stm32.7-2018-q2-update.win32_1.4.0.202007081208/tools/bin/../lib/gcc/arm-none-eabi/7.3.1/thumb/v7-m\libgcc.a
LOAD c:/st/stm32cubeide_1.4.0/stm32cubeide/plugins/com.st.stm32cube.ide.mcu.externaltools.gnu-tools-for-stm32.7-2018-q2-update.win32_1.4.0.202007081208/tools/bin/../lib/gcc/arm-none-eabi/7.3.1/../../../../arm-none-eabi/lib/thumb/v7-m\libc_nano.a
LOAD c:/st/stm32cubeide_1.4.0/stm32cubeide/plugins/com.st.stm32cube.ide.mcu.externaltools.gnu-tools-for-stm32.7-2018-q2-update.win32_1.4.0.202007081208/tools/bin/../lib/gcc/arm-none-eabi/7.3.1/../../../../arm-none-eabi/lib/thumb/v7-m\libnosys.a
END GROUP
START GROUP
LOAD c:/st/stm32cubeide_1.4.0/stm32cubeide/plugins/com.st.stm32cube.ide.mcu.externaltools.gnu-tools-for-stm32.7-2018-q2-update.win32_1.4.0.202007081208/tools/bin/../lib/gcc/arm-none-eabi/7.3.1/thumb/v7-m\libgcc.a
LOAD c:/st/stm32cubeide_1.4.0/stm32cubeide/plugins/com.st.stm32cube.ide.mcu.externaltools.gnu-tools-for-stm32.7-2018-q2-update.win32_1.4.0.202007081208/tools/bin/../lib/gcc/arm-none-eabi/7.3.1/../../../../arm-none-eabi/lib/thumb/v7-m\libc_nano.a
LOAD c:/st/stm32cubeide_1.4.0/stm32cubeide/plugins/com.st.stm32cube.ide.mcu.externaltools.gnu-tools-for-stm32.7-2018-q2-update.win32_1.4.0.202007081208/tools/bin/../lib/gcc/arm-none-eabi/7.3.1/../../../../arm-none-eabi/lib/thumb/v7-m\libnosys.a
END GROUP
LOAD c:/st/stm32cubeide_1.4.0/stm32cubeide/plugins/com.st.stm32cube.ide.mcu.externaltools.gnu-tools-for-stm32.7-2018-q2-update.win32_1.4.0.202007081208/tools/bin/../lib/gcc/arm-none-eabi/7.3.1/thumb/v7-m/crtend.o
LOAD c:/st/stm32cubeide_1.4.0/stm32cubeide/plugins/com.st.stm32cube.ide.mcu.externaltools.gnu-tools-for-stm32.7-2018-q2-update.win32_1.4.0.202007081208/tools/bin/../lib/gcc/arm-none-eabi/7.3.1/thumb/v7-m/crtn.o
                0x0000000020002800                _estack = (ORIGIN (RAM) + LENGTH (RAM))
                0x0000000000000200                _Min_Heap_Size = 0x200
                0x0000000000000400                _Min_Stack_Size = 0x400

.isr_vector     0x0000000008000000      0x130
                0x0000000008000000                . = ALIGN (0x4)
 *(.isr_vector)
 .isr_vector    0x0000000008000000      0x130 Startup/startup_stm32f103c6tx.o
                0x0000000008000000                g_pfnVectors
                0x0000000008000130                . = ALIGN (0x4)

.text           0x0000000008000130      0xdd0
                0x0000000008000130                . = ALIGN (0x4)
 *(.text)
 .text          0x0000000008000130       0x40 c:/st/stm32cubeide_1.4.0/stm32cubeide/plugins/com.st.stm32cube.ide.mcu.externaltools.gnu-tools-for-stm32.7-2018-q2-update.win32_1.4.0.202007081208/tools/bin/../lib/gcc/arm-none-eabi/7.3.1/thumb/v7-m/crtbegin.o
 *(.text*)
 .text.USART_IRQ_CallBack
                0x0000000008000170       0x4c Src/main.o
                0x0000000008000170                USART_IRQ_CallBack
 .text.clock_init
                0x00000000080001bc       0x34 Src/main.o
                0x00000000080001bc                clock_init
 .text.main     0x00000000080001f0       0xb8 Src/main.o
                0x00000000080001f0                main
 .text.Reset_Handler
                0x00000000080002a8       0x50 Startup/startup_stm32f103c6tx.o
                0x00000000080002a8                Reset_Handler
 .text.Default_Handler
                0x00000000080002f8        0x2 Startup/startup_stm32f103c6tx.o
                0x00000000080002f8                TIM8_TRG_COM_IRQHandler
                0x00000000080002f8                TIM8_CC_IRQHandler
                0x00000000080002f8                DebugMon_Handler
                0x00000000080002f8                TIM1_CC_IRQHandler
                0x00000000080002f8                HardFault_Handler
                0x00000000080002f8                TIM6_IRQHandler
                0x00000000080002f8                SysTick_Handler
                0x00000000080002f8                PVD_IRQHandler
                0x00000000080002f8                SDIO_IRQHandler
                0x00000000080002f8                PendSV_Handler
                0x00000000080002f8                NMI_Handler
                0x00000000080002f8                USB_HP_CAN_TX_IRQHandler
                0x00000000080002f8                I2C2_EV_IRQHandler
                0x00000000080002f8                UsageFault_Handler
                0x00000000080002f8                ADC1_2_IRQHandler
                0x00000000080002f8                SPI1_IRQHandler
                0x00000000080002f8                CAN_SCE_IRQHandler
                0x00000000080002f8                TAMPER_IRQHandler
                0x00000000080002f8                TIM8_UP_IRQHandler
                0x00000000080002f8                DMA2_Channel2_IRQHandler
                0x00000000080002f8                DMA1_Channel4_IRQHandler
                0x00000000080002f8                RTC_IRQHandler
                0x00000000080002f8                DMA1_Channel7_IRQHandler
                0x00000000080002f8                UART5_IRQHandler
                0x00000000080002f8                ADC3_IRQHandler
                0x00000000080002f8                TIM4_IRQHandler
                0x00000000080002f8                CAN_RX1_IRQHandler
                0x00000000080002f8                DMA2_Channel1_IRQHandler
                0x00000000080002f8                I2C1_EV_IRQHandler
                0x00000000080002f8                DMA1_Channel6_IRQHandler
                0x00000000080002f8                UART4_IRQHandler
                0x00000000080002f8                TIM3_IRQHandler
                0x00000000080002f8                RCC_IRQHandler
                0x00000000080002f8                TIM1_TRG_COM_IRQHandler
                0x00000000080002f8                DMA1_Channel1_IRQHandler
                0x00000000080002f8                Default_Handler
                0x00000000080002f8                TIM7_IRQHandler
                0x00000000080002f8                TIM5_IRQHandler
                0x00000000080002f8                USB_LP_CAN_RX0_IRQHandler
                0x00000000080002f8                MemManage_Handler
                0x00000000080002f8                SVC_Handler
                0x00000000080002f8                DMA1_Channel5_IRQHandler
                0x00000000080002f8                DMA1_Channel3_IRQHandler
                0x00000000080002f8                FSMC_IRQHandler
                0x00000000080002f8                TIM1_UP_IRQHandler
                0x00000000080002f8                WWDG_IRQHandler
                0x00000000080002f8                TIM2_IRQHandler
                0x00000000080002f8                TIM1_BRK_IRQHandler
                0x00000000080002f8                RTCAlarm_IRQHandler
                0x00000000080002f8                DMA2_Channel4_5_IRQHandler
                0x00000000080002f8                I2C2_ER_IRQHandler
                0x00000000080002f8                DMA1_Channel2_IRQHandler
                0x00000000080002f8                TIM8_BRK_IRQHandler
                0x00000000080002f8                FLASH_IRQHandler
                0x00000000080002f8                BusFault_Handler
                0x00000000080002f8                SPI3_IRQHandler
                0x00000000080002f8                I2C1_ER_IRQHandler
                0x00000000080002f8                DMA2_Channel3_IRQHandler
 *fill*         0x00000000080002fa        0x2 
 .text.EXTI0_IRQHandler
                0x00000000080002fc       0x24 Stm32_F103C6_Drivers/Stm32_F103C6_EXTI_driver.o
                0x00000000080002fc                EXTI0_IRQHandler
 .text.EXTI1_IRQHandler
                0x0000000008000320       0x24 Stm32_F103C6_Drivers/Stm32_F103C6_EXTI_driver.o
                0x0000000008000320                EXTI1_IRQHandler
 .text.EXTI2_IRQHandler
                0x0000000008000344       0x24 Stm32_F103C6_Drivers/Stm32_F103C6_EXTI_driver.o
                0x0000000008000344                EXTI2_IRQHandler
 .text.EXTI3_IRQHandler
                0x0000000008000368       0x24 Stm32_F103C6_Drivers/Stm32_F103C6_EXTI_driver.o
                0x0000000008000368                EXTI3_IRQHandler
 .text.EXTI4_IRQHandler
                0x000000000800038c       0x24 Stm32_F103C6_Drivers/Stm32_F103C6_EXTI_driver.o
                0x000000000800038c                EXTI4_IRQHandler
 .text.EXTI9_5_IRQHandler
                0x00000000080003b0       0x8c Stm32_F103C6_Drivers/Stm32_F103C6_EXTI_driver.o
                0x00000000080003b0                EXTI9_5_IRQHandler
 .text.EXTI15_10_IRQHandler
                0x000000000800043c       0xac Stm32_F103C6_Drivers/Stm32_F103C6_EXTI_driver.o
                0x000000000800043c                EXTI15_10_IRQHandler
 .text.MCAL_RCC_Get_SYSCLK_FREQ
                0x00000000080004e8       0x40 Stm32_F103C6_Drivers/Stm32_F103C6_RCC_driver.o
                0x00000000080004e8                MCAL_RCC_Get_SYSCLK_FREQ
 .text.MCAL_RCC_Get_HCLK_FREQ
                0x0000000008000528       0x28 Stm32_F103C6_Drivers/Stm32_F103C6_RCC_driver.o
                0x0000000008000528                MCAL_RCC_Get_HCLK_FREQ
 .text.MCAL_RCC_Get_PCLK1_FREQ
                0x0000000008000550       0x28 Stm32_F103C6_Drivers/Stm32_F103C6_RCC_driver.o
                0x0000000008000550                MCAL_RCC_Get_PCLK1_FREQ
 .text.MCAL_RCC_Get_PCLK2_FREQ
                0x0000000008000578       0x28 Stm32_F103C6_Drivers/Stm32_F103C6_RCC_driver.o
                0x0000000008000578                MCAL_RCC_Get_PCLK2_FREQ
 .text.MCAL_SPI_Init
                0x00000000080005a0      0x12c Stm32_F103C6_Drivers/Stm32_F103C6_SPI_driver.o
                0x00000000080005a0                MCAL_SPI_Init
 .text.MCAL_SPI_GPIO_Set_Pins
                0x00000000080006cc      0x204 Stm32_F103C6_Drivers/Stm32_F103C6_SPI_driver.o
                0x00000000080006cc                MCAL_SPI_GPIO_Set_Pins
 .text.MCAL_SPI_Tx_Rx
                0x00000000080008d0       0x54 Stm32_F103C6_Drivers/Stm32_F103C6_SPI_driver.o
                0x00000000080008d0                MCAL_SPI_Tx_Rx
 .text.SPI2_IRQHandler
                0x0000000008000924       0x58 Stm32_F103C6_Drivers/Stm32_F103C6_SPI_driver.o
                0x0000000008000924                SPI2_IRQHandler
 .text.MCAL_UART_Init
                0x000000000800097c      0x184 Stm32_F103C6_Drivers/Stm32_F103C6_USART_driver.o
                0x000000000800097c                MCAL_UART_Init
 .text.MCAL_UART_GPIO_SetPins
                0x0000000008000b00       0xc0 Stm32_F103C6_Drivers/Stm32_F103C6_USART_driver.o
                0x0000000008000b00                MCAL_UART_GPIO_SetPins
 .text.MCAL_UART_SendData
                0x0000000008000bc0       0x4c Stm32_F103C6_Drivers/Stm32_F103C6_USART_driver.o
                0x0000000008000bc0                MCAL_UART_SendData
 .text.MCAL_UART_ReceiveData
                0x0000000008000c0c       0x5c Stm32_F103C6_Drivers/Stm32_F103C6_USART_driver.o
                0x0000000008000c0c                MCAL_UART_ReceiveData
 .text.USART1_IRQHandler
                0x0000000008000c68       0x14 Stm32_F103C6_Drivers/Stm32_F103C6_USART_driver.o
                0x0000000008000c68                USART1_IRQHandler
 .text.USART2_IRQHandler
                0x0000000008000c7c       0x14 Stm32_F103C6_Drivers/Stm32_F103C6_USART_driver.o
                0x0000000008000c7c                USART2_IRQHandler
 .text.USART3_IRQHandler
                0x0000000008000c90       0x14 Stm32_F103C6_Drivers/Stm32_F103C6_USART_driver.o
                0x0000000008000c90                USART3_IRQHandler
 .text.Get_CRLH_POSITION
                0x0000000008000ca4       0xc6 Stm32_F103C6_Drivers/Stm32_F103C6_gpio_driver.o
                0x0000000008000ca4                Get_CRLH_POSITION
 .text.MCAL_GPIO_Init
                0x0000000008000d6a       0xfe Stm32_F103C6_Drivers/Stm32_F103C6_gpio_driver.o
                0x0000000008000d6a                MCAL_GPIO_Init
 .text.MCAL_GPIO_WritePin
                0x0000000008000e68       0x36 Stm32_F103C6_Drivers/Stm32_F103C6_gpio_driver.o
                0x0000000008000e68                MCAL_GPIO_WritePin
 *fill*         0x0000000008000e9e        0x2 
 .text.__libc_init_array
                0x0000000008000ea0       0x48 c:/st/stm32cubeide_1.4.0/stm32cubeide/plugins/com.st.stm32cube.ide.mcu.externaltools.gnu-tools-for-stm32.7-2018-q2-update.win32_1.4.0.202007081208/tools/bin/../lib/gcc/arm-none-eabi/7.3.1/../../../../arm-none-eabi/lib/thumb/v7-m\libc_nano.a(lib_a-init.o)
                0x0000000008000ea0                __libc_init_array
 *(.glue_7)
 .glue_7        0x0000000008000ee8        0x0 linker stubs
 *(.glue_7t)
 .glue_7t       0x0000000008000ee8        0x0 linker stubs
 *(.eh_frame)
 .eh_frame      0x0000000008000ee8        0x0 c:/st/stm32cubeide_1.4.0/stm32cubeide/plugins/com.st.stm32cube.ide.mcu.externaltools.gnu-tools-for-stm32.7-2018-q2-update.win32_1.4.0.202007081208/tools/bin/../lib/gcc/arm-none-eabi/7.3.1/thumb/v7-m/crtbegin.o
 *(.init)
 .init          0x0000000008000ee8        0x4 c:/st/stm32cubeide_1.4.0/stm32cubeide/plugins/com.st.stm32cube.ide.mcu.externaltools.gnu-tools-for-stm32.7-2018-q2-update.win32_1.4.0.202007081208/tools/bin/../lib/gcc/arm-none-eabi/7.3.1/thumb/v7-m/crti.o
                0x0000000008000ee8                _init
 .init          0x0000000008000eec        0x8 c:/st/stm32cubeide_1.4.0/stm32cubeide/plugins/com.st.stm32cube.ide.mcu.externaltools.gnu-tools-for-stm32.7-2018-q2-update.win32_1.4.0.202007081208/tools/bin/../lib/gcc/arm-none-eabi/7.3.1/thumb/v7-m/crtn.o
 *(.fini)
 .fini          0x0000000008000ef4        0x4 c:/st/stm32cubeide_1.4.0/stm32cubeide/plugins/com.st.stm32cube.ide.mcu.externaltools.gnu-tools-for-stm32.7-2018-q2-update.win32_1.4.0.202007081208/tools/bin/../lib/gcc/arm-none-eabi/7.3.1/thumb/v7-m/crti.o
                0x0000000008000ef4                _fini
 .fini          0x0000000008000ef8        0x8 c:/st/stm32cubeide_1.4.0/stm32cubeide/plugins/com.st.stm32cube.ide.mcu.externaltools.gnu-tools-for-stm32.7-2018-q2-update.win32_1.4.0.202007081208/tools/bin/../lib/gcc/arm-none-eabi/7.3.1/thumb/v7-m/crtn.o
                0x0000000008000f00                . = ALIGN (0x4)
                0x0000000008000f00                _etext = .

.vfp11_veneer   0x0000000008000f00        0x0
 .vfp11_veneer  0x0000000008000f00        0x0 linker stubs

.v4_bx          0x0000000008000f00        0x0
 .v4_bx         0x0000000008000f00        0x0 linker stubs

.iplt           0x0000000008000f00        0x0
 .iplt          0x0000000008000f00        0x0 c:/st/stm32cubeide_1.4.0/stm32cubeide/plugins/com.st.stm32cube.ide.mcu.externaltools.gnu-tools-for-stm32.7-2018-q2-update.win32_1.4.0.202007081208/tools/bin/../lib/gcc/arm-none-eabi/7.3.1/thumb/v7-m/crtbegin.o

.rodata         0x0000000008000f00       0x18
                0x0000000008000f00                . = ALIGN (0x4)
 *(.rodata)
 *(.rodata*)
 .rodata.APB_Prescalar
                0x0000000008000f00        0x8 Stm32_F103C6_Drivers/Stm32_F103C6_RCC_driver.o
                0x0000000008000f00                APB_Prescalar
 .rodata.AHB_Prescalar
                0x0000000008000f08       0x10 Stm32_F103C6_Drivers/Stm32_F103C6_RCC_driver.o
                0x0000000008000f08                AHB_Prescalar
                0x0000000008000f18                . = ALIGN (0x4)

.rel.dyn        0x0000000008000f18        0x0
 .rel.iplt      0x0000000008000f18        0x0 c:/st/stm32cubeide_1.4.0/stm32cubeide/plugins/com.st.stm32cube.ide.mcu.externaltools.gnu-tools-for-stm32.7-2018-q2-update.win32_1.4.0.202007081208/tools/bin/../lib/gcc/arm-none-eabi/7.3.1/thumb/v7-m/crtbegin.o

.ARM.extab      0x0000000008000f18        0x0
                0x0000000008000f18                . = ALIGN (0x4)
 *(.ARM.extab* .gnu.linkonce.armextab.*)
                0x0000000008000f18                . = ALIGN (0x4)

.ARM            0x0000000008000f18        0x0
                0x0000000008000f18                . = ALIGN (0x4)
                0x0000000008000f18                __exidx_start = .
 *(.ARM.exidx*)
                0x0000000008000f18                __exidx_end = .
                0x0000000008000f18                . = ALIGN (0x4)

.preinit_array  0x0000000008000f18        0x0
                0x0000000008000f18                . = ALIGN (0x4)
                0x0000000008000f18                PROVIDE (__preinit_array_start = .)
 *(.preinit_array*)
                0x0000000008000f18                PROVIDE (__preinit_array_end = .)
                0x0000000008000f18                . = ALIGN (0x4)

.init_array     0x0000000008000f18        0x4
                0x0000000008000f18                . = ALIGN (0x4)
                0x0000000008000f18                PROVIDE (__init_array_start = .)
 *(SORT_BY_NAME(.init_array.*))
 *(.init_array*)
 .init_array    0x0000000008000f18        0x4 c:/st/stm32cubeide_1.4.0/stm32cubeide/plugins/com.st.stm32cube.ide.mcu.externaltools.gnu-tools-for-stm32.7-2018-q2-update.win32_1.4.0.202007081208/tools/bin/../lib/gcc/arm-none-eabi/7.3.1/thumb/v7-m/crtbegin.o
                0x0000000008000f1c                PROVIDE (__init_array_end = .)
                0x0000000008000f1c                . = ALIGN (0x4)

.fini_array     0x0000000008000f1c        0x4
                0x0000000008000f1c                . = ALIGN (0x4)
                [!provide]                        PROVIDE (__fini_array_start = .)
 *(SORT_BY_NAME(.fini_array.*))
 *(.fini_array*)
 .fini_array    0x0000000008000f1c        0x4 c:/st/stm32cubeide_1.4.0/stm32cubeide/plugins/com.st.stm32cube.ide.mcu.externaltools.gnu-tools-for-stm32.7-2018-q2-update.win32_1.4.0.202007081208/tools/bin/../lib/gcc/arm-none-eabi/7.3.1/thumb/v7-m/crtbegin.o
                [!provide]                        PROVIDE (__fini_array_end = .)
                0x0000000008000f20                . = ALIGN (0x4)
                0x0000000008000f20                _sidata = LOADADDR (.data)

.data           0x0000000020000000        0x0 load address 0x0000000008000f20
                0x0000000020000000                . = ALIGN (0x4)
                0x0000000020000000                _sdata = .
 *(.data)
 *(.data*)
                0x0000000020000000                . = ALIGN (0x4)
                0x0000000020000000                _edata = .

.igot.plt       0x0000000020000000        0x0 load address 0x0000000008000f20
 .igot.plt      0x0000000020000000        0x0 c:/st/stm32cubeide_1.4.0/stm32cubeide/plugins/com.st.stm32cube.ide.mcu.externaltools.gnu-tools-for-stm32.7-2018-q2-update.win32_1.4.0.202007081208/tools/bin/../lib/gcc/arm-none-eabi/7.3.1/thumb/v7-m/crtbegin.o
                0x0000000020000000                . = ALIGN (0x4)

.bss            0x0000000020000000       0x68 load address 0x0000000008000f20
                0x0000000020000000                _sbss = .
                0x0000000020000000                __bss_start__ = _sbss
 *(.bss)
 .bss           0x0000000020000000       0x1c c:/st/stm32cubeide_1.4.0/stm32cubeide/plugins/com.st.stm32cube.ide.mcu.externaltools.gnu-tools-for-stm32.7-2018-q2-update.win32_1.4.0.202007081208/tools/bin/../lib/gcc/arm-none-eabi/7.3.1/thumb/v7-m/crtbegin.o
 *(.bss*)
 .bss.Global_SPI_Config
                0x000000002000001c        0x8 Stm32_F103C6_Drivers/Stm32_F103C6_SPI_driver.o
                0x000000002000001c                Global_SPI_Config
 .bss.Global_UART_Config
                0x0000000020000024        0x4 Stm32_F103C6_Drivers/Stm32_F103C6_USART_driver.o
                0x0000000020000024                Global_UART_Config
 *(COMMON)
 COMMON         0x0000000020000028        0x2 Src/main.o
                0x0000000020000028                ch
 *fill*         0x000000002000002a        0x2 
 COMMON         0x000000002000002c       0x3c Stm32_F103C6_Drivers/Stm32_F103C6_EXTI_driver.o
                0x000000002000002c                GP_IRQ_CallBack
                0x0000000020000068                . = ALIGN (0x4)
                0x0000000020000068                _ebss = .
                0x0000000020000068                __bss_end__ = _ebss

._user_heap_stack
                0x0000000020000068      0x600 load address 0x0000000008000f20
                0x0000000020000068                . = ALIGN (0x8)
                [!provide]                        PROVIDE (end = .)
                0x0000000020000068                PROVIDE (_end = .)
                0x0000000020000268                . = (. + _Min_Heap_Size)
 *fill*         0x0000000020000068      0x200 
                0x0000000020000668                . = (. + _Min_Stack_Size)
 *fill*         0x0000000020000268      0x400 
                0x0000000020000668                . = ALIGN (0x8)

/DISCARD/
 libc.a(*)
 libm.a(*)
 libgcc.a(*)

.ARM.attributes
                0x0000000000000000       0x29
 *(.ARM.attributes)
 .ARM.attributes
                0x0000000000000000       0x1d c:/st/stm32cubeide_1.4.0/stm32cubeide/plugins/com.st.stm32cube.ide.mcu.externaltools.gnu-tools-for-stm32.7-2018-q2-update.win32_1.4.0.202007081208/tools/bin/../lib/gcc/arm-none-eabi/7.3.1/thumb/v7-m/crti.o
 .ARM.attributes
                0x000000000000001d       0x2d c:/st/stm32cubeide_1.4.0/stm32cubeide/plugins/com.st.stm32cube.ide.mcu.externaltools.gnu-tools-for-stm32.7-2018-q2-update.win32_1.4.0.202007081208/tools/bin/../lib/gcc/arm-none-eabi/7.3.1/thumb/v7-m/crtbegin.o
 .ARM.attributes
                0x000000000000004a       0x33 Src/main.o
 .ARM.attributes
                0x000000000000007d       0x21 Startup/startup_stm32f103c6tx.o
 .ARM.attributes
                0x000000000000009e       0x33 Stm32_F103C6_Drivers/Stm32_F103C6_EXTI_driver.o
 .ARM.attributes
                0x00000000000000d1       0x33 Stm32_F103C6_Drivers/Stm32_F103C6_RCC_driver.o
 .ARM.attributes
                0x0000000000000104       0x33 Stm32_F103C6_Drivers/Stm32_F103C6_SPI_driver.o
 .ARM.attributes
                0x0000000000000137       0x33 Stm32_F103C6_Drivers/Stm32_F103C6_USART_driver.o
 .ARM.attributes
                0x000000000000016a       0x33 Stm32_F103C6_Drivers/Stm32_F103C6_gpio_driver.o
 .ARM.attributes
                0x000000000000019d       0x2d c:/st/stm32cubeide_1.4.0/stm32cubeide/plugins/com.st.stm32cube.ide.mcu.externaltools.gnu-tools-for-stm32.7-2018-q2-update.win32_1.4.0.202007081208/tools/bin/../lib/gcc/arm-none-eabi/7.3.1/../../../../arm-none-eabi/lib/thumb/v7-m\libc_nano.a(lib_a-init.o)
 .ARM.attributes
                0x00000000000001ca       0x1d c:/st/stm32cubeide_1.4.0/stm32cubeide/plugins/com.st.stm32cube.ide.mcu.externaltools.gnu-tools-for-stm32.7-2018-q2-update.win32_1.4.0.202007081208/tools/bin/../lib/gcc/arm-none-eabi/7.3.1/thumb/v7-m/crtn.o
OUTPUT(Drivers.elf elf32-littlearm)

.debug_info     0x0000000000000000     0x5153
 .debug_info    0x0000000000000000      0xe69 Src/main.o
 .debug_info    0x0000000000000e69       0x22 Startup/startup_stm32f103c6tx.o
 .debug_info    0x0000000000000e8b      0xd90 Stm32_F103C6_Drivers/Stm32_F103C6_EXTI_driver.o
 .debug_info    0x0000000000001c1b      0xb09 Stm32_F103C6_Drivers/Stm32_F103C6_RCC_driver.o
 .debug_info    0x0000000000002724      0xee9 Stm32_F103C6_Drivers/Stm32_F103C6_SPI_driver.o
 .debug_info    0x000000000000360d      0xdf7 Stm32_F103C6_Drivers/Stm32_F103C6_USART_driver.o
 .debug_info    0x0000000000004404      0xd4f Stm32_F103C6_Drivers/Stm32_F103C6_gpio_driver.o

.debug_abbrev   0x0000000000000000      0xc6c
 .debug_abbrev  0x0000000000000000      0x217 Src/main.o
 .debug_abbrev  0x0000000000000217       0x12 Startup/startup_stm32f103c6tx.o
 .debug_abbrev  0x0000000000000229      0x228 Stm32_F103C6_Drivers/Stm32_F103C6_EXTI_driver.o
 .debug_abbrev  0x0000000000000451      0x19b Stm32_F103C6_Drivers/Stm32_F103C6_RCC_driver.o
 .debug_abbrev  0x00000000000005ec      0x267 Stm32_F103C6_Drivers/Stm32_F103C6_SPI_driver.o
 .debug_abbrev  0x0000000000000853      0x22c Stm32_F103C6_Drivers/Stm32_F103C6_USART_driver.o
 .debug_abbrev  0x0000000000000a7f      0x1ed Stm32_F103C6_Drivers/Stm32_F103C6_gpio_driver.o

.debug_loc      0x0000000000000000      0xcc0
 .debug_loc     0x0000000000000000       0xa8 Src/main.o
 .debug_loc     0x00000000000000a8      0x2d0 Stm32_F103C6_Drivers/Stm32_F103C6_EXTI_driver.o
 .debug_loc     0x0000000000000378       0xc8 Stm32_F103C6_Drivers/Stm32_F103C6_RCC_driver.o
 .debug_loc     0x0000000000000440      0x2bc Stm32_F103C6_Drivers/Stm32_F103C6_SPI_driver.o
 .debug_loc     0x00000000000006fc      0x294 Stm32_F103C6_Drivers/Stm32_F103C6_USART_driver.o
 .debug_loc     0x0000000000000990      0x330 Stm32_F103C6_Drivers/Stm32_F103C6_gpio_driver.o

.debug_aranges  0x0000000000000000      0x220
 .debug_aranges
                0x0000000000000000       0x30 Src/main.o
 .debug_aranges
                0x0000000000000030       0x28 Startup/startup_stm32f103c6tx.o
 .debug_aranges
                0x0000000000000058       0x78 Stm32_F103C6_Drivers/Stm32_F103C6_EXTI_driver.o
 .debug_aranges
                0x00000000000000d0       0x38 Stm32_F103C6_Drivers/Stm32_F103C6_RCC_driver.o
 .debug_aranges
                0x0000000000000108       0x58 Stm32_F103C6_Drivers/Stm32_F103C6_SPI_driver.o
 .debug_aranges
                0x0000000000000160       0x60 Stm32_F103C6_Drivers/Stm32_F103C6_USART_driver.o
 .debug_aranges
                0x00000000000001c0       0x60 Stm32_F103C6_Drivers/Stm32_F103C6_gpio_driver.o

.debug_ranges   0x0000000000000000      0x1b8
 .debug_ranges  0x0000000000000000       0x20 Src/main.o
 .debug_ranges  0x0000000000000020       0x20 Startup/startup_stm32f103c6tx.o
 .debug_ranges  0x0000000000000040       0x68 Stm32_F103C6_Drivers/Stm32_F103C6_EXTI_driver.o
 .debug_ranges  0x00000000000000a8       0x28 Stm32_F103C6_Drivers/Stm32_F103C6_RCC_driver.o
 .debug_ranges  0x00000000000000d0       0x48 Stm32_F103C6_Drivers/Stm32_F103C6_SPI_driver.o
 .debug_ranges  0x0000000000000118       0x50 Stm32_F103C6_Drivers/Stm32_F103C6_USART_driver.o
 .debug_ranges  0x0000000000000168       0x50 Stm32_F103C6_Drivers/Stm32_F103C6_gpio_driver.o

.debug_macro    0x0000000000000000      0xedb
 .debug_macro   0x0000000000000000      0x189 Src/main.o
 .debug_macro   0x0000000000000189       0xd6 Src/main.o
 .debug_macro   0x000000000000025f      0x21e Src/main.o
 .debug_macro   0x000000000000047d       0x16 Src/main.o
 .debug_macro   0x0000000000000493       0xe2 Src/main.o
 .debug_macro   0x0000000000000575       0xf4 Src/main.o
 .debug_macro   0x0000000000000669       0x46 Src/main.o
 .debug_macro   0x00000000000006af       0xc4 Src/main.o
 .debug_macro   0x0000000000000773      0x14e Stm32_F103C6_Drivers/Stm32_F103C6_EXTI_driver.o
 .debug_macro   0x00000000000008c1      0x152 Stm32_F103C6_Drivers/Stm32_F103C6_RCC_driver.o
 .debug_macro   0x0000000000000a13       0x10 Stm32_F103C6_Drivers/Stm32_F103C6_RCC_driver.o
 .debug_macro   0x0000000000000a23      0x160 Stm32_F103C6_Drivers/Stm32_F103C6_SPI_driver.o
 .debug_macro   0x0000000000000b83       0xbe Stm32_F103C6_Drivers/Stm32_F103C6_SPI_driver.o
 .debug_macro   0x0000000000000c41      0x15b Stm32_F103C6_Drivers/Stm32_F103C6_USART_driver.o
 .debug_macro   0x0000000000000d9c      0x13f Stm32_F103C6_Drivers/Stm32_F103C6_gpio_driver.o

.debug_line     0x0000000000000000     0x281f
 .debug_line    0x0000000000000000      0x6da Src/main.o
 .debug_line    0x00000000000006da       0x84 Startup/startup_stm32f103c6tx.o
 .debug_line    0x000000000000075e      0x6fe Stm32_F103C6_Drivers/Stm32_F103C6_EXTI_driver.o
 .debug_line    0x0000000000000e5c      0x5cd Stm32_F103C6_Drivers/Stm32_F103C6_RCC_driver.o
 .debug_line    0x0000000000001429      0x6c2 Stm32_F103C6_Drivers/Stm32_F103C6_SPI_driver.o
 .debug_line    0x0000000000001aeb      0x6ad Stm32_F103C6_Drivers/Stm32_F103C6_USART_driver.o
 .debug_line    0x0000000000002198      0x687 Stm32_F103C6_Drivers/Stm32_F103C6_gpio_driver.o

.debug_str      0x0000000000000000     0xa91f
 .debug_str     0x0000000000000000     0xa29a Src/main.o
                                       0xa51e (size before relaxing)
 .debug_str     0x000000000000a29a       0x31 Startup/startup_stm32f103c6tx.o
                                         0x71 (size before relaxing)
 .debug_str     0x000000000000a2cb      0x256 Stm32_F103C6_Drivers/Stm32_F103C6_EXTI_driver.o
                                       0x9574 (size before relaxing)
 .debug_str     0x000000000000a521       0xae Stm32_F103C6_Drivers/Stm32_F103C6_RCC_driver.o
                                       0x8213 (size before relaxing)
 .debug_str     0x000000000000a5cf      0x156 Stm32_F103C6_Drivers/Stm32_F103C6_SPI_driver.o
                                       0x88d4 (size before relaxing)
 .debug_str     0x000000000000a725       0xfb Stm32_F103C6_Drivers/Stm32_F103C6_USART_driver.o
                                       0x894d (size before relaxing)
 .debug_str     0x000000000000a820       0xff Stm32_F103C6_Drivers/Stm32_F103C6_gpio_driver.o
                                       0x8290 (size before relaxing)

.comment        0x0000000000000000       0x7b
 .comment       0x0000000000000000       0x7b Src/main.o
                                         0x7c (size before relaxing)
 .comment       0x000000000000007b       0x7c Stm32_F103C6_Drivers/Stm32_F103C6_EXTI_driver.o
 .comment       0x000000000000007b       0x7c Stm32_F103C6_Drivers/Stm32_F103C6_RCC_driver.o
 .comment       0x000000000000007b       0x7c Stm32_F103C6_Drivers/Stm32_F103C6_SPI_driver.o
 .comment       0x000000000000007b       0x7c Stm32_F103C6_Drivers/Stm32_F103C6_USART_driver.o
 .comment       0x000000000000007b       0x7c Stm32_F103C6_Drivers/Stm32_F103C6_gpio_driver.o

.debug_frame    0x0000000000000000      0x6b0
 .debug_frame   0x0000000000000000       0x6c Src/main.o
 .debug_frame   0x000000000000006c      0x18c Stm32_F103C6_Drivers/Stm32_F103C6_EXTI_driver.o
 .debug_frame   0x00000000000001f8       0x84 Stm32_F103C6_Drivers/Stm32_F103C6_RCC_driver.o
 .debug_frame   0x000000000000027c      0x144 Stm32_F103C6_Drivers/Stm32_F103C6_SPI_driver.o
 .debug_frame   0x00000000000003c0      0x14c Stm32_F103C6_Drivers/Stm32_F103C6_USART_driver.o
 .debug_frame   0x000000000000050c      0x178 Stm32_F103C6_Drivers/Stm32_F103C6_gpio_driver.o
 .debug_frame   0x0000000000000684       0x2c c:/st/stm32cubeide_1.4.0/stm32cubeide/plugins/com.st.stm32cube.ide.mcu.externaltools.gnu-tools-for-stm32.7-2018-q2-update.win32_1.4.0.202007081208/tools/bin/../lib/gcc/arm-none-eabi/7.3.1/../../../../arm-none-eabi/lib/thumb/v7-m\libc_nano.a(lib_a-init.o)
