17:18:54 **** Build of configuration Debug for project Drivers ****
make -j12 all 
arm-none-eabi-gcc -gdward-2 "../Stm32_F103C6_Drivers/Stm32_F103C6_gpio_driver.c" -mcpu=cortex-m3 -std=gnu11 -g3 -DSTM32 -DSTM32F1 -DSTM32F103C6Tx -DDEBUG -c -I../Inc -I"D:/sho8l/embedded diploma/units_lab/unit7_lesson3/Drivers/Stm32_F103C6_Drivers/inc" -O0 -ffunction-sections -fdata-sections -Wall -fstack-usage -MMD -MP -MF"Stm32_F103C6_Drivers/Stm32_F103C6_gpio_driver.d" -MT"Stm32_F103C6_Drivers/Stm32_F103C6_gpio_driver.o" --specs=nano.specs -mfloat-abi=soft -mthumb -o "Stm32_F103C6_Drivers/Stm32_F103C6_gpio_driver.o"
arm-none-eabi-gcc -gdward-2 -mcpu=cortex-m3 -g3 -c -x assembler-with-cpp -MMD -MP -MF"Startup/startup_stm32f103c6tx.d" -MT"Startup/startup_stm32f103c6tx.o" --specs=nano.specs -mfloat-abi=soft -mthumb -o "Startup/startup_stm32f103c6tx.o" "../Startup/startup_stm32f103c6tx.s"
arm-none-eabi-gcc -gdward-2 "../Src/main.c" -mcpu=cortex-m3 -std=gnu11 -g3 -DSTM32 -DSTM32F1 -DSTM32F103C6Tx -DDEBUG -c -I../Inc -I"D:/sho8l/embedded diploma/units_lab/unit7_lesson3/Drivers/Stm32_F103C6_Drivers/inc" -O0 -ffunction-sections -fdata-sections -Wall -fstack-usage -MMD -MP -MF"Src/main.d" -MT"Src/main.o" --specs=nano.specs -mfloat-abi=soft -mthumb -o "Src/main.o"
arm-none-eabi-gcc -gdward-2 "../Src/syscalls.c" -mcpu=cortex-m3 -std=gnu11 -g3 -DSTM32 -DSTM32F1 -DSTM32F103C6Tx -DDEBUG -c -I../Inc -I"D:/sho8l/embedded diploma/units_lab/unit7_lesson3/Drivers/Stm32_F103C6_Drivers/inc" -O0 -ffunction-sections -fdata-sections -Wall -fstack-usage -MMD -MP -MF"Src/syscalls.d" -MT"Src/syscalls.o" --specs=nano.specs -mfloat-abi=soft -mthumb -o "Src/syscalls.o"
arm-none-eabi-gcc -gdward-2 "../Src/sysmem.c" -mcpu=cortex-m3 -std=gnu11 -g3 -DSTM32 -DSTM32F1 -DSTM32F103C6Tx -DDEBUG -c -I../Inc -I"D:/sho8l/embedded diploma/units_lab/unit7_lesson3/Drivers/Stm32_F103C6_Drivers/inc" -O0 -ffunction-sections -fdata-sections -Wall -fstack-usage -MMD -MP -MF"Src/sysmem.d" -MT"Src/sysmem.o" --specs=nano.specs -mfloat-abi=soft -mthumb -o "Src/sysmem.o"
arm-none-eabi-gcc: error: unrecognized debug output level 'dward-2'
arm-none-eabi-gcc: error: unrecognized debug output level 'dward-2'
arm-none-eabi-gcc: error: unrecognized debug output level 'dward-2'
arm-none-eabi-gcc: error: unrecognized debug output level 'dward-2'
arm-none-eabi-gcc: error: unrecognized debug output level 'dward-2'
make: *** [Src/subdir.mk:24: Src/main.o] Error 1
make: *** Waiting for unfinished jobs....
make: *** [Src/subdir.mk:26: Src/syscalls.o] Error 1
make: *** [Startup/subdir.mk:18: Startup/startup_stm32f103c6tx.o] Error 1
make: *** [Stm32_F103C6_Drivers/subdir.mk:18: Stm32_F103C6_Drivers/Stm32_F103C6_gpio_driver.o] Error 1
make: *** [Src/subdir.mk:28: Src/sysmem.o] Error 1
"make -j12 all" terminated with exit code 2. Build might be incomplete.
17:19:20 **** Incremental Build of configuration Debug for project Drivers ****
make -j12 all 
arm-none-eabi-gcc -gdward-2 "../Stm32_F103C6_Drivers/Stm32_F103C6_gpio_driver.c" -mcpu=cortex-m3 -std=gnu11 -g3 -DSTM32 -DSTM32F1 -DSTM32F103C6Tx -DDEBUG -c -I../Inc -I"D:/sho8l/embedded diploma/units_lab/unit7_lesson3/Drivers/Stm32_F103C6_Drivers/inc" -O0 -ffunction-sections -fdata-sections -Wall -fstack-usage -MMD -MP -MF"Stm32_F103C6_Drivers/Stm32_F103C6_gpio_driver.d" -MT"Stm32_F103C6_Drivers/Stm32_F103C6_gpio_driver.o" --specs=nano.specs -mfloat-abi=soft -mthumb -o "Stm32_F103C6_Drivers/Stm32_F103C6_gpio_driver.o"
arm-none-eabi-gcc -gdward-2 -mcpu=cortex-m3 -g3 -c -x assembler-with-cpp -MMD -MP -MF"Startup/startup_stm32f103c6tx.d" -MT"Startup/startup_stm32f103c6tx.o" --specs=nano.specs -mfloat-abi=soft -mthumb -o "Startup/startup_stm32f103c6tx.o" "../Startup/startup_stm32f103c6tx.s"
arm-none-eabi-gcc -gdward-2 "../Src/main.c" -mcpu=cortex-m3 -std=gnu11 -g3 -DSTM32 -DSTM32F1 -DSTM32F103C6Tx -DDEBUG -c -I../Inc -I"D:/sho8l/embedded diploma/units_lab/unit7_lesson3/Drivers/Stm32_F103C6_Drivers/inc" -O0 -ffunction-sections -fdata-sections -Wall -fstack-usage -MMD -MP -MF"Src/main.d" -MT"Src/main.o" --specs=nano.specs -mfloat-abi=soft -mthumb -o "Src/main.o"
arm-none-eabi-gcc -gdward-2 "../Src/syscalls.c" -mcpu=cortex-m3 -std=gnu11 -g3 -DSTM32 -DSTM32F1 -DSTM32F103C6Tx -DDEBUG -c -I../Inc -I"D:/sho8l/embedded diploma/units_lab/unit7_lesson3/Drivers/Stm32_F103C6_Drivers/inc" -O0 -ffunction-sections -fdata-sections -Wall -fstack-usage -MMD -MP -MF"Src/syscalls.d" -MT"Src/syscalls.o" --specs=nano.specs -mfloat-abi=soft -mthumb -o "Src/syscalls.o"
arm-none-eabi-gcc: error: unrecognized debug output level 'dward-2'
arm-none-eabi-gcc: error: unrecognized debug output level 'dward-2'
arm-none-eabi-gcc -gdward-2 "../Src/sysmem.c" -mcpu=cortex-m3 -std=gnu11 -g3 -DSTM32 -DSTM32F1 -DSTM32F103C6Tx -DDEBUG -c -I../Inc -I"D:/sho8l/embedded diploma/units_lab/unit7_lesson3/Drivers/Stm32_F103C6_Drivers/inc" -O0 -ffunction-sections -fdata-sections -Wall -fstack-usage -MMD -MP -MF"Src/sysmem.d" -MT"Src/sysmem.o" --specs=nano.specs -mfloat-abi=soft -mthumb -o "Src/sysmem.o"
make: *** [Stm32_F103C6_Drivers/subdir.mk:18: Stm32_F103C6_Drivers/Stm32_F103C6_gpio_driver.o] Error 1
make: *** Waiting for unfinished jobs....
make: *** [Startup/subdir.mk:18: Startup/startup_stm32f103c6tx.o] Error 1
arm-none-eabi-gcc: error: unrecognized debug output level 'dward-2'
arm-none-eabi-gcc: error: unrecognized debug output level 'dward-2'
arm-none-eabi-gcc: error: unrecognized debug output level 'dward-2'
make: *** [Src/subdir.mk:24: Src/main.o] Error 1
make: *** [Src/subdir.mk:26: Src/syscalls.o] Error 1
make: *** [Src/subdir.mk:28: Src/sysmem.o] Error 1
"make -j12 all" terminated with exit code 2. Build might be incomplete.
17:19:22 **** Incremental Build of configuration Debug for project Drivers ****
make -j12 all 
arm-none-eabi-gcc -gdward-2 "../Stm32_F103C6_Drivers/Stm32_F103C6_gpio_driver.c" -mcpu=cortex-m3 -std=gnu11 -g3 -DSTM32 -DSTM32F1 -DSTM32F103C6Tx -DDEBUG -c -I../Inc -I"D:/sho8l/embedded diploma/units_lab/unit7_lesson3/Drivers/Stm32_F103C6_Drivers/inc" -O0 -ffunction-sections -fdata-sections -Wall -fstack-usage -MMD -MP -MF"Stm32_F103C6_Drivers/Stm32_F103C6_gpio_driver.d" -MT"Stm32_F103C6_Drivers/Stm32_F103C6_gpio_driver.o" --specs=nano.specs -mfloat-abi=soft -mthumb -o "Stm32_F103C6_Drivers/Stm32_F103C6_gpio_driver.o"
arm-none-eabi-gcc -gdward-2 -mcpu=cortex-m3 -g3 -c -x assembler-with-cpp -MMD -MP -MF"Startup/startup_stm32f103c6tx.d" -MT"Startup/startup_stm32f103c6tx.o" --specs=nano.specs -mfloat-abi=soft -mthumb -o "Startup/startup_stm32f103c6tx.o" "../Startup/startup_stm32f103c6tx.s"
arm-none-eabi-gcc -gdward-2 "../Src/main.c" -mcpu=cortex-m3 -std=gnu11 -g3 -DSTM32 -DSTM32F1 -DSTM32F103C6Tx -DDEBUG -c -I../Inc -I"D:/sho8l/embedded diploma/units_lab/unit7_lesson3/Drivers/Stm32_F103C6_Drivers/inc" -O0 -ffunction-sections -fdata-sections -Wall -fstack-usage -MMD -MP -MF"Src/main.d" -MT"Src/main.o" --specs=nano.specs -mfloat-abi=soft -mthumb -o "Src/main.o"
arm-none-eabi-gcc -gdward-2 "../Src/syscalls.c" -mcpu=cortex-m3 -std=gnu11 -g3 -DSTM32 -DSTM32F1 -DSTM32F103C6Tx -DDEBUG -c -I../Inc -I"D:/sho8l/embedded diploma/units_lab/unit7_lesson3/Drivers/Stm32_F103C6_Drivers/inc" -O0 -ffunction-sections -fdata-sections -Wall -fstack-usage -MMD -MP -MF"Src/syscalls.d" -MT"Src/syscalls.o" --specs=nano.specs -mfloat-abi=soft -mthumb -o "Src/syscalls.o"
arm-none-eabi-gcc -gdward-2 "../Src/sysmem.c" -mcpu=cortex-m3 -std=gnu11 -g3 -DSTM32 -DSTM32F1 -DSTM32F103C6Tx -DDEBUG -c -I../Inc -I"D:/sho8l/embedded diploma/units_lab/unit7_lesson3/Drivers/Stm32_F103C6_Drivers/inc" -O0 -ffunction-sections -fdata-sections -Wall -fstack-usage -MMD -MP -MF"Src/sysmem.d" -MT"Src/sysmem.o" --specs=nano.specs -mfloat-abi=soft -mthumb -o "Src/sysmem.o"
arm-none-eabi-gcc: error: unrecognized debug output level 'dward-2'
arm-none-eabi-gcc: error: unrecognized debug output level 'dward-2'
make: *** [Stm32_F103C6_Drivers/subdir.mk:18: Stm32_F103C6_Drivers/Stm32_F103C6_gpio_driver.o] Error 1
make: *** Waiting for unfinished jobs....
arm-none-eabi-gcc: error: unrecognized debug output level 'dward-2'
arm-none-eabi-gcc: error: unrecognized debug output level 'dward-2'
make: *** [Startup/subdir.mk:18: Startup/startup_stm32f103c6tx.o] Error 1
make: *** [Src/subdir.mk:24: Src/main.o] Error 1
arm-none-eabi-gcc: error: unrecognized debug output level 'dward-2'
make: *** [Src/subdir.mk:26: Src/syscalls.o] Error 1
make: *** [Src/subdir.mk:28: Src/sysmem.o] Error 1
"make -j12 all" terminated with exit code 2. Build might be incomplete.
17:20:02 **** Incremental Build of configuration Debug for project Drivers ****
make -j12 all 
arm-none-eabi-gcc -gdward-2 "../Stm32_F103C6_Drivers/Stm32_F103C6_gpio_driver.c" -mcpu=cortex-m3 -std=gnu11 -g3 -DSTM32 -DSTM32F1 -DSTM32F103C6Tx -DDEBUG -c -I../Inc -I"D:/sho8l/embedded diploma/units_lab/unit7_lesson3/Drivers/Stm32_F103C6_Drivers/inc" -O0 -ffunction-sections -fdata-sections -Wall -fstack-usage -MMD -MP -MF"Stm32_F103C6_Drivers/Stm32_F103C6_gpio_driver.d" -MT"Stm32_F103C6_Drivers/Stm32_F103C6_gpio_driver.o" --specs=nano.specs -mfloat-abi=soft -mthumb -o "Stm32_F103C6_Drivers/Stm32_F103C6_gpio_driver.o"
arm-none-eabi-gcc -gdward-2 -mcpu=cortex-m3 -g3 -c -x assembler-with-cpp -MMD -MP -MF"Startup/startup_stm32f103c6tx.d" -MT"Startup/startup_stm32f103c6tx.o" --specs=nano.specs -mfloat-abi=soft -mthumb -o "Startup/startup_stm32f103c6tx.o" "../Startup/startup_stm32f103c6tx.s"
arm-none-eabi-gcc -gdward-2 "../Src/main.c" -mcpu=cortex-m3 -std=gnu11 -g3 -DSTM32 -DSTM32F1 -DSTM32F103C6Tx -DDEBUG -c -I../Inc -I"D:/sho8l/embedded diploma/units_lab/unit7_lesson3/Drivers/Stm32_F103C6_Drivers/inc" -O0 -ffunction-sections -fdata-sections -Wall -fstack-usage -MMD -MP -MF"Src/main.d" -MT"Src/main.o" --specs=nano.specs -mfloat-abi=soft -mthumb -o "Src/main.o"
arm-none-eabi-gcc -gdward-2 "../Src/syscalls.c" -mcpu=cortex-m3 -std=gnu11 -g3 -DSTM32 -DSTM32F1 -DSTM32F103C6Tx -DDEBUG -c -I../Inc -I"D:/sho8l/embedded diploma/units_lab/unit7_lesson3/Drivers/Stm32_F103C6_Drivers/inc" -O0 -ffunction-sections -fdata-sections -Wall -fstack-usage -MMD -MP -MF"Src/syscalls.d" -MT"Src/syscalls.o" --specs=nano.specs -mfloat-abi=soft -mthumb -o "Src/syscalls.o"
arm-none-eabi-gcc -gdward-2 "../Src/sysmem.c" -mcpu=cortex-m3 -std=gnu11 -g3 -DSTM32 -DSTM32F1 -DSTM32F103C6Tx -DDEBUG -c -I../Inc -I"D:/sho8l/embedded diploma/units_lab/unit7_lesson3/Drivers/Stm32_F103C6_Drivers/inc" -O0 -ffunction-sections -fdata-sections -Wall -fstack-usage -MMD -MP -MF"Src/sysmem.d" -MT"Src/sysmem.o" --specs=nano.specs -mfloat-abi=soft -mthumb -o "Src/sysmem.o"
arm-none-eabi-gcc: error: unrecognized debug output level 'dward-2'
arm-none-eabi-gcc: error: unrecognized debug output level 'dward-2'
arm-none-eabi-gcc: error: unrecognized debug output level 'dward-2'
make: *** [Stm32_F103C6_Drivers/subdir.mk:18: Stm32_F103C6_Drivers/Stm32_F103C6_gpio_driver.o] Error 1
make: *** Waiting for unfinished jobs....
make: *** [Startup/subdir.mk:18: Startup/startup_stm32f103c6tx.o] Error 1
arm-none-eabi-gcc: error: unrecognized debug output level 'dward-2'
make: *** [Src/subdir.mk:24: Src/main.o] Error 1
arm-none-eabi-gcc: error: unrecognized debug output level 'dward-2'
make: *** [Src/subdir.mk:26: Src/syscalls.o] Error 1
make: *** [Src/subdir.mk:28: Src/sysmem.o] Error 1
"make -j12 all" terminated with exit code 2. Build might be incomplete.
17:20:14 **** Incremental Build of configuration Debug for project Drivers ****
make -j12 all 
arm-none-eabi-gcc -gdward-2 "../Stm32_F103C6_Drivers/Stm32_F103C6_gpio_driver.c" -mcpu=cortex-m3 -std=gnu11 -g3 -DSTM32 -DSTM32F1 -DSTM32F103C6Tx -DDEBUG -c -I../Inc -I"D:/sho8l/embedded diploma/units_lab/unit7_lesson3/Drivers/Stm32_F103C6_Drivers/inc" -O0 -ffunction-sections -fdata-sections -Wall -fstack-usage -MMD -MP -MF"Stm32_F103C6_Drivers/Stm32_F103C6_gpio_driver.d" -MT"Stm32_F103C6_Drivers/Stm32_F103C6_gpio_driver.o" --specs=nano.specs -mfloat-abi=soft -mthumb -o "Stm32_F103C6_Drivers/Stm32_F103C6_gpio_driver.o"
arm-none-eabi-gcc -gdward-2 -mcpu=cortex-m3 -g3 -c -x assembler-with-cpp -MMD -MP -MF"Startup/startup_stm32f103c6tx.d" -MT"Startup/startup_stm32f103c6tx.o" --specs=nano.specs -mfloat-abi=soft -mthumb -o "Startup/startup_stm32f103c6tx.o" "../Startup/startup_stm32f103c6tx.s"
arm-none-eabi-gcc -gdward-2 "../Src/main.c" -mcpu=cortex-m3 -std=gnu11 -g3 -DSTM32 -DSTM32F1 -DSTM32F103C6Tx -DDEBUG -c -I../Inc -I"D:/sho8l/embedded diploma/units_lab/unit7_lesson3/Drivers/Stm32_F103C6_Drivers/inc" -O0 -ffunction-sections -fdata-sections -Wall -fstack-usage -MMD -MP -MF"Src/main.d" -MT"Src/main.o" --specs=nano.specs -mfloat-abi=soft -mthumb -o "Src/main.o"
arm-none-eabi-gcc -gdward-2 "../Src/syscalls.c" -mcpu=cortex-m3 -std=gnu11 -g3 -DSTM32 -DSTM32F1 -DSTM32F103C6Tx -DDEBUG -c -I../Inc -I"D:/sho8l/embedded diploma/units_lab/unit7_lesson3/Drivers/Stm32_F103C6_Drivers/inc" -O0 -ffunction-sections -fdata-sections -Wall -fstack-usage -MMD -MP -MF"Src/syscalls.d" -MT"Src/syscalls.o" --specs=nano.specs -mfloat-abi=soft -mthumb -o "Src/syscalls.o"
arm-none-eabi-gcc -gdward-2 "../Src/sysmem.c" -mcpu=cortex-m3 -std=gnu11 -g3 -DSTM32 -DSTM32F1 -DSTM32F103C6Tx -DDEBUG -c -I../Inc -I"D:/sho8l/embedded diploma/units_lab/unit7_lesson3/Drivers/Stm32_F103C6_Drivers/inc" -O0 -ffunction-sections -fdata-sections -Wall -fstack-usage -MMD -MP -MF"Src/sysmem.d" -MT"Src/sysmem.o" --specs=nano.specs -mfloat-abi=soft -mthumb -o "Src/sysmem.o"
arm-none-eabi-gcc: error: unrecognized debug output level 'dward-2'
arm-none-eabi-gcc: error: unrecognized debug output level 'dward-2'
arm-none-eabi-gcc: error: unrecognized debug output level 'dward-2'
make: *** [Stm32_F103C6_Drivers/subdir.mk:18: Stm32_F103C6_Drivers/Stm32_F103C6_gpio_driver.o] Error 1
make: *** Waiting for unfinished jobs....
make: *** [Startup/subdir.mk:18: Startup/startup_stm32f103c6tx.o] Error 1
arm-none-eabi-gcc: error: unrecognized debug output level 'dward-2'
make: *** [Src/subdir.mk:24: Src/main.o] Error 1
arm-none-eabi-gcc: error: unrecognized debug output level 'dward-2'
make: *** [Src/subdir.mk:26: Src/syscalls.o] Error 1
make: *** [Src/subdir.mk:28: Src/sysmem.o] Error 1
"make -j12 all" terminated with exit code 2. Build might be incomplete.
17:21:03 **** Incremental Build of configuration Debug for project Drivers ****
make -j12 all 
arm-none-eabi-gcc -gdward-2 "../Stm32_F103C6_Drivers/Stm32_F103C6_gpio_driver.c" -mcpu=cortex-m3 -std=gnu11 -g3 -DSTM32 -DSTM32F1 -DSTM32F103C6Tx -DDEBUG -c -I../Inc -O0 -ffunction-sections -fdata-sections -Wall -fstack-usage -MMD -MP -MF"Stm32_F103C6_Drivers/Stm32_F103C6_gpio_driver.d" -MT"Stm32_F103C6_Drivers/Stm32_F103C6_gpio_driver.o" --specs=nano.specs -mfloat-abi=soft -mthumb -o "Stm32_F103C6_Drivers/Stm32_F103C6_gpio_driver.o"
arm-none-eabi-gcc -gdward-2 -mcpu=cortex-m3 -g3 -c -x assembler-with-cpp -MMD -MP -MF"Startup/startup_stm32f103c6tx.d" -MT"Startup/startup_stm32f103c6tx.o" --specs=nano.specs -mfloat-abi=soft -mthumb -o "Startup/startup_stm32f103c6tx.o" "../Startup/startup_stm32f103c6tx.s"
arm-none-eabi-gcc -gdward-2 "../Src/main.c" -mcpu=cortex-m3 -std=gnu11 -g3 -DSTM32 -DSTM32F1 -DSTM32F103C6Tx -DDEBUG -c -I../Inc -O0 -ffunction-sections -fdata-sections -Wall -fstack-usage -MMD -MP -MF"Src/main.d" -MT"Src/main.o" --specs=nano.specs -mfloat-abi=soft -mthumb -o "Src/main.o"
arm-none-eabi-gcc -gdward-2 "../Src/syscalls.c" -mcpu=cortex-m3 -std=gnu11 -g3 -DSTM32 -DSTM32F1 -DSTM32F103C6Tx -DDEBUG -c -I../Inc -O0 -ffunction-sections -fdata-sections -Wall -fstack-usage -MMD -MP -MF"Src/syscalls.d" -MT"Src/syscalls.o" --specs=nano.specs -mfloat-abi=soft -mthumb -o "Src/syscalls.o"
arm-none-eabi-gcc -gdward-2 "../Src/sysmem.c" -mcpu=cortex-m3 -std=gnu11 -g3 -DSTM32 -DSTM32F1 -DSTM32F103C6Tx -DDEBUG -c -I../Inc -O0 -ffunction-sections -fdata-sections -Wall -fstack-usage -MMD -MP -MF"Src/sysmem.d" -MT"Src/sysmem.o" --specs=nano.specs -mfloat-abi=soft -mthumb -o "Src/sysmem.o"
arm-none-eabi-gcc: error: unrecognized debug output level 'dward-2'
arm-none-eabi-gcc: error: unrecognized debug output level 'dward-2'
make: *** [Stm32_F103C6_Drivers/subdir.mk:18: Stm32_F103C6_Drivers/Stm32_F103C6_gpio_driver.o] Error 1
make: *** Waiting for unfinished jobs....
make: *** [Startup/subdir.mk:18: Startup/startup_stm32f103c6tx.o] Error 1
arm-none-eabi-gcc: error: unrecognized debug output level 'dward-2'
arm-none-eabi-gcc: error: unrecognized debug output level 'dward-2'
make: *** [Src/subdir.mk:24: Src/main.o] Error 1
arm-none-eabi-gcc: error: unrecognized debug output level 'dward-2'
make: *** [Src/subdir.mk:26: Src/syscalls.o] Error 1
make: *** [Src/subdir.mk:28: Src/sysmem.o] Error 1
"make -j12 all" terminated with exit code 2. Build might be incomplete.
17:21:52 **** Incremental Build of configuration Debug for project Drivers ****
make -j12 all 
arm-none-eabi-gcc -gdward-2 "../Stm32_F103C6_Drivers/Stm32_F103C6_gpio_driver.c" -mcpu=cortex-m3 -std=gnu11 -g3 -DSTM32 -DSTM32F1 -DSTM32F103C6Tx -DDEBUG -c -I../Inc -O0 -ffunction-sections -fdata-sections -Wall -fstack-usage -MMD -MP -MF"Stm32_F103C6_Drivers/Stm32_F103C6_gpio_driver.d" -MT"Stm32_F103C6_Drivers/Stm32_F103C6_gpio_driver.o" --specs=nano.specs -mfloat-abi=soft -mthumb -o "Stm32_F103C6_Drivers/Stm32_F103C6_gpio_driver.o"
arm-none-eabi-gcc -gdward-2 -mcpu=cortex-m3 -g3 -c -x assembler-with-cpp -MMD -MP -MF"Startup/startup_stm32f103c6tx.d" -MT"Startup/startup_stm32f103c6tx.o" --specs=nano.specs -mfloat-abi=soft -mthumb -o "Startup/startup_stm32f103c6tx.o" "../Startup/startup_stm32f103c6tx.s"
arm-none-eabi-gcc -gdward-2 "../Src/main.c" -mcpu=cortex-m3 -std=gnu11 -g3 -DSTM32 -DSTM32F1 -DSTM32F103C6Tx -DDEBUG -c -I../Inc -O0 -ffunction-sections -fdata-sections -Wall -fstack-usage -MMD -MP -MF"Src/main.d" -MT"Src/main.o" --specs=nano.specs -mfloat-abi=soft -mthumb -o "Src/main.o"
arm-none-eabi-gcc -gdward-2 "../Src/syscalls.c" -mcpu=cortex-m3 -std=gnu11 -g3 -DSTM32 -DSTM32F1 -DSTM32F103C6Tx -DDEBUG -c -I../Inc -O0 -ffunction-sections -fdata-sections -Wall -fstack-usage -MMD -MP -MF"Src/syscalls.d" -MT"Src/syscalls.o" --specs=nano.specs -mfloat-abi=soft -mthumb -o "Src/syscalls.o"
arm-none-eabi-gcc -gdward-2 "../Src/sysmem.c" -mcpu=cortex-m3 -std=gnu11 -g3 -DSTM32 -DSTM32F1 -DSTM32F103C6Tx -DDEBUG -c -I../Inc -O0 -ffunction-sections -fdata-sections -Wall -fstack-usage -MMD -MP -MF"Src/sysmem.d" -MT"Src/sysmem.o" --specs=nano.specs -mfloat-abi=soft -mthumb -o "Src/sysmem.o"
arm-none-eabi-gcc: error: unrecognized debug output level 'dward-2'
arm-none-eabi-gcc: error: unrecognized debug output level 'dward-2'
arm-none-eabi-gcc: error: unrecognized debug output level 'dward-2'
make: *** [Stm32_F103C6_Drivers/subdir.mk:18: Stm32_F103C6_Drivers/Stm32_F103C6_gpio_driver.o] Error 1
make: *** Waiting for unfinished jobs....
make: *** [Startup/subdir.mk:18: Startup/startup_stm32f103c6tx.o] Error 1
arm-none-eabi-gcc: error: unrecognized debug output level 'dward-2'
make: *** [Src/subdir.mk:24: Src/main.o] Error 1
arm-none-eabi-gcc: error: unrecognized debug output level 'dward-2'
make: *** [Src/subdir.mk:26: Src/syscalls.o] Error 1
make: *** [Src/subdir.mk:28: Src/sysmem.o] Error 1
"make -j12 all" terminated with exit code 2. Build might be incomplete.
17:25:34 **** Build of configuration Debug for project Drivers ****
make -j12 all 
arm-none-eabi-gcc "../Stm32_F1103C6_Drivers/Stm32_F1103C6_gpio_driver.c" -mcpu=cortex-m3 -std=gnu11 -g3 -DSTM32 -DSTM32F1 -DSTM32F103C6Tx -DDEBUG -c -I../Inc -O0 -ffunction-sections -fdata-sections -Wall -fstack-usage -MMD -MP -MF"Stm32_F1103C6_Drivers/Stm32_F1103C6_gpio_driver.d" -MT"Stm32_F1103C6_Drivers/Stm32_F1103C6_gpio_driver.o" --specs=nano.specs -mfloat-abi=soft -mthumb -o "Stm32_F1103C6_Drivers/Stm32_F1103C6_gpio_driver.o"
arm-none-eabi-gcc -mcpu=cortex-m3 -g3 -c -x assembler-with-cpp -MMD -MP -MF"Startup/startup_stm32f103c6tx.d" -MT"Startup/startup_stm32f103c6tx.o" --specs=nano.specs -mfloat-abi=soft -mthumb -o "Startup/startup_stm32f103c6tx.o" "../Startup/startup_stm32f103c6tx.s"
arm-none-eabi-gcc "../Src/main.c" -mcpu=cortex-m3 -std=gnu11 -g3 -DSTM32 -DSTM32F1 -DSTM32F103C6Tx -DDEBUG -c -I../Inc -O0 -ffunction-sections -fdata-sections -Wall -fstack-usage -MMD -MP -MF"Src/main.d" -MT"Src/main.o" --specs=nano.specs -mfloat-abi=soft -mthumb -o "Src/main.o"
arm-none-eabi-gcc "../Src/syscalls.c" -mcpu=cortex-m3 -std=gnu11 -g3 -DSTM32 -DSTM32F1 -DSTM32F103C6Tx -DDEBUG -c -I../Inc -O0 -ffunction-sections -fdata-sections -Wall -fstack-usage -MMD -MP -MF"Src/syscalls.d" -MT"Src/syscalls.o" --specs=nano.specs -mfloat-abi=soft -mthumb -o "Src/syscalls.o"
arm-none-eabi-gcc "../Src/sysmem.c" -mcpu=cortex-m3 -std=gnu11 -g3 -DSTM32 -DSTM32F1 -DSTM32F103C6Tx -DDEBUG -c -I../Inc -O0 -ffunction-sections -fdata-sections -Wall -fstack-usage -MMD -MP -MF"Src/sysmem.d" -MT"Src/sysmem.o" --specs=nano.specs -mfloat-abi=soft -mthumb -o "Src/sysmem.o"
arm-none-eabi-gcc -o "Drivers.elf" @"objects.list"   -mcpu=cortex-m3 -T"D:\sho8l\embedded diploma\units_lab\unit7_lesson3\Drivers\STM32F103C6TX_FLASH.ld" --specs=nosys.specs -Wl,-Map="Drivers.map" -Wl,--gc-sections -static --specs=nano.specs -mfloat-abi=soft -mthumb -Wl,--start-group -lc -lm -Wl,--end-group
Finished building target: Drivers.elf
 
arm-none-eabi-size   Drivers.elf 
arm-none-eabi-objdump -h -S  Drivers.elf  > "Drivers.list"
arm-none-eabi-objcopy  -O binary  Drivers.elf  "Drivers.bin"
   text	   data	    bss	    dec	    hex	filename
    556	      8	   1568	   2132	    854	Drivers.elf
Finished building: default.size.stdout
 
Finished building: Drivers.bin
Finished building: Drivers.list
 
 
17:27:22 **** Incremental Build of configuration Debug for project Drivers ****
make -j12 all 
arm-none-eabi-gcc -gdwarf-2 "../Stm32_F1103C6_Drivers/Stm32_F1103C6_gpio_driver.c" -mcpu=cortex-m3 -std=gnu11 -g3 -DSTM32 -DSTM32F1 -DSTM32F103C6Tx -DDEBUG -c -I../Inc -I"D:/sho8l/embedded diploma/units_lab/unit7_lesson3/Drivers/Stm32_F1103C6_Drivers/inc" -O0 -ffunction-sections -fdata-sections -Wall -fstack-usage -MMD -MP -MF"Stm32_F1103C6_Drivers/Stm32_F1103C6_gpio_driver.d" -MT"Stm32_F1103C6_Drivers/Stm32_F1103C6_gpio_driver.o" --specs=nano.specs -mfloat-abi=soft -mthumb -o "Stm32_F1103C6_Drivers/Stm32_F1103C6_gpio_driver.o"
arm-none-eabi-gcc -gdwarf-2 -mcpu=cortex-m3 -g3 -c -x assembler-with-cpp -MMD -MP -MF"Startup/startup_stm32f103c6tx.d" -MT"Startup/startup_stm32f103c6tx.o" --specs=nano.specs -mfloat-abi=soft -mthumb -o "Startup/startup_stm32f103c6tx.o" "../Startup/startup_stm32f103c6tx.s"
arm-none-eabi-gcc -gdwarf-2 "../Src/main.c" -mcpu=cortex-m3 -std=gnu11 -g3 -DSTM32 -DSTM32F1 -DSTM32F103C6Tx -DDEBUG -c -I../Inc -I"D:/sho8l/embedded diploma/units_lab/unit7_lesson3/Drivers/Stm32_F1103C6_Drivers/inc" -O0 -ffunction-sections -fdata-sections -Wall -fstack-usage -MMD -MP -MF"Src/main.d" -MT"Src/main.o" --specs=nano.specs -mfloat-abi=soft -mthumb -o "Src/main.o"
arm-none-eabi-gcc -gdwarf-2 "../Src/syscalls.c" -mcpu=cortex-m3 -std=gnu11 -g3 -DSTM32 -DSTM32F1 -DSTM32F103C6Tx -DDEBUG -c -I../Inc -I"D:/sho8l/embedded diploma/units_lab/unit7_lesson3/Drivers/Stm32_F1103C6_Drivers/inc" -O0 -ffunction-sections -fdata-sections -Wall -fstack-usage -MMD -MP -MF"Src/syscalls.d" -MT"Src/syscalls.o" --specs=nano.specs -mfloat-abi=soft -mthumb -o "Src/syscalls.o"
arm-none-eabi-gcc -gdwarf-2 "../Src/sysmem.c" -mcpu=cortex-m3 -std=gnu11 -g3 -DSTM32 -DSTM32F1 -DSTM32F103C6Tx -DDEBUG -c -I../Inc -I"D:/sho8l/embedded diploma/units_lab/unit7_lesson3/Drivers/Stm32_F1103C6_Drivers/inc" -O0 -ffunction-sections -fdata-sections -Wall -fstack-usage -MMD -MP -MF"Src/sysmem.d" -MT"Src/sysmem.o" --specs=nano.specs -mfloat-abi=soft -mthumb -o "Src/sysmem.o"
arm-none-eabi-gcc -gdwarf-2 -o "Drivers.elf" @"objects.list"   -mcpu=cortex-m3 -T"D:\sho8l\embedded diploma\units_lab\unit7_lesson3\Drivers\STM32F103C6TX_FLASH.ld" --specs=nosys.specs -Wl,-Map="Drivers.map" -Wl,--gc-sections -static --specs=nano.specs -mfloat-abi=soft -mthumb -Wl,--start-group -lc -lm -Wl,--end-group
Finished building target: Drivers.elf
 
arm-none-eabi-objdump -h -S  Drivers.elf  > "Drivers.list"
arm-none-eabi-objcopy  -O binary  Drivers.elf  "Drivers.bin"
arm-none-eabi-size   Drivers.elf 
   text	   data	    bss	    dec	    hex	filename
    556	      8	   1568	   2132	    854	Drivers.elf
Finished building: default.size.stdout
 
Finished building: Drivers.bin
Finished building: Drivers.list
 
 
17:41:43 **** Incremental Build of configuration Debug for project Drivers ****
make -j12 all 
arm-none-eabi-size   Drivers.elf 
   text	   data	    bss	    dec	    hex	filename
    556	      8	   1568	   2132	    854	Drivers.elf
Finished building: default.size.stdout
 
20:09:23 **** Incremental Build of configuration Debug for project Drivers ****
make -j12 all 
arm-none-eabi-size   Drivers.elf 
   text	   data	    bss	    dec	    hex	filename
    556	      8	   1568	   2132	    854	Drivers.elf
Finished building: default.size.stdout
 
20:16:50 **** Incremental Build of configuration Debug for project Drivers ****
make -j12 all 
arm-none-eabi-size   Drivers.elf 
   text	   data	    bss	    dec	    hex	filename
    556	      8	   1568	   2132	    854	Drivers.elf
Finished building: default.size.stdout
 
20:16:54 **** Incremental Build of configuration Debug for project Drivers ****
make -j12 all 
arm-none-eabi-size   Drivers.elf 
   text	   data	    bss	    dec	    hex	filename
    556	      8	   1568	   2132	    854	Drivers.elf
Finished building: default.size.stdout
 
21:00:42 **** Incremental Build of configuration Debug for project Drivers ****
make -j12 all 
arm-none-eabi-size   Drivers.elf 
   text	   data	    bss	    dec	    hex	filename
    556	      8	   1568	   2132	    854	Drivers.elf
Finished building: default.size.stdout
 
21:01:14 **** Incremental Build of configuration Debug for project Drivers ****
make -j12 all 
arm-none-eabi-gcc -gdwarf-2 "../Src/main.c" -mcpu=cortex-m3 -std=gnu11 -g3 -DSTM32 -DSTM32F1 -DSTM32F103C6Tx -DDEBUG -c -I../Inc -I"D:/sho8l/embedded diploma/units_lab/unit7_lesson3/Drivers/Stm32_F1103C6_Drivers/inc" -O0 -ffunction-sections -fdata-sections -Wall -fstack-usage -MMD -MP -MF"Src/main.d" -MT"Src/main.o" --specs=nano.specs -mfloat-abi=soft -mthumb -o "Src/main.o"
In file included from ../Src/main.c:24:0:
D:/sho8l/embedded diploma/units_lab/unit7_lesson3/Drivers/Stm32_F1103C6_Drivers/inc/stm32f103x6.h:110:2: error: unknown type name 'unit32_t'
  unit32_t RESERVED0 ;
  ^~~~~~~~
make: *** [Src/subdir.mk:24: Src/main.o] Error 1
"make -j12 all" terminated with exit code 2. Build might be incomplete.
21:01:41 **** Incremental Build of configuration Debug for project Drivers ****
make -j12 all 
arm-none-eabi-gcc -gdwarf-2 "../Src/main.c" -mcpu=cortex-m3 -std=gnu11 -g3 -DSTM32 -DSTM32F1 -DSTM32F103C6Tx -DDEBUG -c -I../Inc -I"D:/sho8l/embedded diploma/units_lab/unit7_lesson3/Drivers/Stm32_F1103C6_Drivers/inc" -O0 -ffunction-sections -fdata-sections -Wall -fstack-usage -MMD -MP -MF"Src/main.d" -MT"Src/main.o" --specs=nano.specs -mfloat-abi=soft -mthumb -o "Src/main.o"
arm-none-eabi-gcc -gdwarf-2 -o "Drivers.elf" @"objects.list"   -mcpu=cortex-m3 -T"D:\sho8l\embedded diploma\units_lab\unit7_lesson3\Drivers\STM32F103C6TX_FLASH.ld" --specs=nosys.specs -Wl,-Map="Drivers.map" -Wl,--gc-sections -static --specs=nano.specs -mfloat-abi=soft -mthumb -Wl,--start-group -lc -lm -Wl,--end-group
Finished building target: Drivers.elf
 
arm-none-eabi-objdump -h -S  Drivers.elf  > "Drivers.list"
arm-none-eabi-objcopy  -O binary  Drivers.elf  "Drivers.bin"
arm-none-eabi-size   Drivers.elf 
   text	   data	    bss	    dec	    hex	filename
    556	      8	   1568	   2132	    854	Drivers.elf
Finished building: default.size.stdout
 
Finished building: Drivers.bin
Finished building: Drivers.list
 
 
21:01:46 **** Incremental Build of configuration Debug for project Drivers ****
make -j12 all 
arm-none-eabi-size   Drivers.elf 
   text	   data	    bss	    dec	    hex	filename
    556	      8	   1568	   2132	    854	Drivers.elf
Finished building: default.size.stdout
 
21:05:26 **** Incremental Build of configuration Debug for project Drivers ****
make -j12 all 
arm-none-eabi-gcc -gdwarf-2 "../Stm32_F1103C6_Drivers/Stm32_F1103C6_gpio_driver.c" -mcpu=cortex-m3 -std=gnu11 -g3 -DSTM32 -DSTM32F1 -DSTM32F103C6Tx -DDEBUG -c -I../Inc -I"D:/sho8l/embedded diploma/units_lab/unit7_lesson3/Drivers/Stm32_F1103C6_Drivers/inc" -O0 -ffunction-sections -fdata-sections -Wall -fstack-usage -MMD -MP -MF"Stm32_F1103C6_Drivers/Stm32_F1103C6_gpio_driver.d" -MT"Stm32_F1103C6_Drivers/Stm32_F1103C6_gpio_driver.o" --specs=nano.specs -mfloat-abi=soft -mthumb -o "Stm32_F1103C6_Drivers/Stm32_F1103C6_gpio_driver.o"
arm-none-eabi-gcc -gdwarf-2 "../Src/main.c" -mcpu=cortex-m3 -std=gnu11 -g3 -DSTM32 -DSTM32F1 -DSTM32F103C6Tx -DDEBUG -c -I../Inc -I"D:/sho8l/embedded diploma/units_lab/unit7_lesson3/Drivers/Stm32_F1103C6_Drivers/inc" -O0 -ffunction-sections -fdata-sections -Wall -fstack-usage -MMD -MP -MF"Src/main.d" -MT"Src/main.o" --specs=nano.specs -mfloat-abi=soft -mthumb -o "Src/main.o"
../Stm32_F1103C6_Drivers/Stm32_F1103C6_gpio_driver.c:17:22: error: unknown type name 'GPIO_TypeDef'
 void MCAL_GPIO_Init (GPIO_TypeDef *GPIOx, GPIO_PinConfig_t* PinConfig)
                      ^~~~~~~~~~~~
../Stm32_F1103C6_Drivers/Stm32_F1103C6_gpio_driver.c:17:43: error: unknown type name 'GPIO_PinConfig_t'
 void MCAL_GPIO_Init (GPIO_TypeDef *GPIOx, GPIO_PinConfig_t* PinConfig)
                                           ^~~~~~~~~~~~~~~~
make: *** [Stm32_F1103C6_Drivers/subdir.mk:18: Stm32_F1103C6_Drivers/Stm32_F1103C6_gpio_driver.o] Error 1
make: *** Waiting for unfinished jobs....
"make -j12 all" terminated with exit code 2. Build might be incomplete.
21:06:24 **** Incremental Build of configuration Debug for project Drivers ****
make -j12 all 
arm-none-eabi-gcc -gdwarf-2 "../Stm32_F1103C6_Drivers/Stm32_F1103C6_gpio_driver.c" -mcpu=cortex-m3 -std=gnu11 -g3 -DSTM32 -DSTM32F1 -DSTM32F103C6Tx -DDEBUG -c -I../Inc -I"D:/sho8l/embedded diploma/units_lab/unit7_lesson3/Drivers/Stm32_F1103C6_Drivers/inc" -O0 -ffunction-sections -fdata-sections -Wall -fstack-usage -MMD -MP -MF"Stm32_F1103C6_Drivers/Stm32_F1103C6_gpio_driver.d" -MT"Stm32_F1103C6_Drivers/Stm32_F1103C6_gpio_driver.o" --specs=nano.specs -mfloat-abi=soft -mthumb -o "Stm32_F1103C6_Drivers/Stm32_F1103C6_gpio_driver.o"
../Stm32_F1103C6_Drivers/Stm32_F1103C6_gpio_driver.c:17:22: error: unknown type name 'GPIO_TypeDef'
 void MCAL_GPIO_Init (GPIO_TypeDef *GPIOx, GPIO_PinConfig_t* PinConfig)
                      ^~~~~~~~~~~~
../Stm32_F1103C6_Drivers/Stm32_F1103C6_gpio_driver.c:17:43: error: unknown type name 'GPIO_PinConfig_t'
 void MCAL_GPIO_Init (GPIO_TypeDef *GPIOx, GPIO_PinConfig_t* PinConfig)
                                           ^~~~~~~~~~~~~~~~
make: *** [Stm32_F1103C6_Drivers/subdir.mk:18: Stm32_F1103C6_Drivers/Stm32_F1103C6_gpio_driver.o] Error 1
"make -j12 all" terminated with exit code 2. Build might be incomplete.
21:25:02 **** Incremental Build of configuration Debug for project Drivers ****
make -j12 all 
arm-none-eabi-gcc -gdwarf-2 "../Stm32_F1103C6_Drivers/Stm32_F1103C6_gpio_driver.c" -mcpu=cortex-m3 -std=gnu11 -g3 -DSTM32 -DSTM32F1 -DSTM32F103C6Tx -DDEBUG -c -I../Inc -I"D:/sho8l/embedded diploma/units_lab/unit7_lesson3/Drivers/Stm32_F1103C6_Drivers/inc" -O0 -ffunction-sections -fdata-sections -Wall -fstack-usage -MMD -MP -MF"Stm32_F1103C6_Drivers/Stm32_F1103C6_gpio_driver.d" -MT"Stm32_F1103C6_Drivers/Stm32_F1103C6_gpio_driver.o" --specs=nano.specs -mfloat-abi=soft -mthumb -o "Stm32_F1103C6_Drivers/Stm32_F1103C6_gpio_driver.o"
arm-none-eabi-gcc -gdwarf-2 "../Src/main.c" -mcpu=cortex-m3 -std=gnu11 -g3 -DSTM32 -DSTM32F1 -DSTM32F103C6Tx -DDEBUG -c -I../Inc -I"D:/sho8l/embedded diploma/units_lab/unit7_lesson3/Drivers/Stm32_F1103C6_Drivers/inc" -O0 -ffunction-sections -fdata-sections -Wall -fstack-usage -MMD -MP -MF"Src/main.d" -MT"Src/main.o" --specs=nano.specs -mfloat-abi=soft -mthumb -o "Src/main.o"
In file included from ../Stm32_F1103C6_Drivers/Stm32_F1103C6_gpio_driver.c:8:0:
D:/sho8l/embedded diploma/units_lab/unit7_lesson3/Drivers/Stm32_F1103C6_Drivers/inc/Stm32_F1103C6_gpio_driver.h:90:6: error: conflicting types for 'MCAL_GPIO_ReadPin'
 void MCAL_GPIO_ReadPin (GPIO_TypeDef *GPIOx, uint16_t PinNumber, uint8_t Value);
      ^~~~~~~~~~~~~~~~~
D:/sho8l/embedded diploma/units_lab/unit7_lesson3/Drivers/Stm32_F1103C6_Drivers/inc/Stm32_F1103C6_gpio_driver.h:86:9: note: previous declaration of 'MCAL_GPIO_ReadPin' was here
 uint8_t MCAL_GPIO_ReadPin (GPIO_TypeDef *GPIOx, uint16_t PinNumber);
         ^~~~~~~~~~~~~~~~~
D:/sho8l/embedded diploma/units_lab/unit7_lesson3/Drivers/Stm32_F1103C6_Drivers/inc/Stm32_F1103C6_gpio_driver.h:91:6: error: conflicting types for 'MCAL_GPIO_ReadPort'
 void MCAL_GPIO_ReadPort (GPIO_TypeDef *GPIOx, uint16_t Value);
      ^~~~~~~~~~~~~~~~~~
D:/sho8l/embedded diploma/units_lab/unit7_lesson3/Drivers/Stm32_F1103C6_Drivers/inc/Stm32_F1103C6_gpio_driver.h:87:10: note: previous declaration of 'MCAL_GPIO_ReadPort' was here
 uint16_t MCAL_GPIO_ReadPort (GPIO_TypeDef *GPIOx);
          ^~~~~~~~~~~~~~~~~~
../Stm32_F1103C6_Drivers/Stm32_F1103C6_gpio_driver.c:20:9: error: conflicting types for 'MCAL_GPIO_ReadPin'
 uint8_t MCAL_GPIO_ReadPin (GPIO_TypeDef *GPIOx, uint8_t PinNumber)
         ^~~~~~~~~~~~~~~~~
In file included from ../Stm32_F1103C6_Drivers/Stm32_F1103C6_gpio_driver.c:8:0:
D:/sho8l/embedded diploma/units_lab/unit7_lesson3/Drivers/Stm32_F1103C6_Drivers/inc/Stm32_F1103C6_gpio_driver.h:86:9: note: previous declaration of 'MCAL_GPIO_ReadPin' was here
 uint8_t MCAL_GPIO_ReadPin (GPIO_TypeDef *GPIOx, uint16_t PinNumber);
         ^~~~~~~~~~~~~~~~~
In file included from ../Src/main.c:25:0:
D:/sho8l/embedded diploma/units_lab/unit7_lesson3/Drivers/Stm32_F1103C6_Drivers/inc/Stm32_F1103C6_gpio_driver.h:90:6: error: conflicting types for 'MCAL_GPIO_ReadPin'
 void MCAL_GPIO_ReadPin (GPIO_TypeDef *GPIOx, uint16_t PinNumber, uint8_t Value);
      ^~~~~~~~~~~~~~~~~
../Stm32_F1103C6_Drivers/Stm32_F1103C6_gpio_driver.c:30:6: error: conflicting types for 'MCAL_GPIO_ReadPin'
 void MCAL_GPIO_ReadPin (GPIO_TypeDef *GPIOx, uint16_t PinNumber, uint8_t Value)
      ^~~~~~~~~~~~~~~~~
In file included from ../Stm32_F1103C6_Drivers/Stm32_F1103C6_gpio_driver.c:8:0:
D:/sho8l/embedded diploma/units_lab/unit7_lesson3/Drivers/Stm32_F1103C6_Drivers/inc/Stm32_F1103C6_gpio_driver.h:86:9: note: previous declaration of 'MCAL_GPIO_ReadPin' was here
 uint8_t MCAL_GPIO_ReadPin (GPIO_TypeDef *GPIOx, uint16_t PinNumber);
         ^~~~~~~~~~~~~~~~~
D:/sho8l/embedded diploma/units_lab/unit7_lesson3/Drivers/Stm32_F1103C6_Drivers/inc/Stm32_F1103C6_gpio_driver.h:86:9: note: previous declaration of 'MCAL_GPIO_ReadPin' was here
 uint8_t MCAL_GPIO_ReadPin (GPIO_TypeDef *GPIOx, uint16_t PinNumber);
         ^~~~~~~~~~~~~~~~~
../Stm32_F1103C6_Drivers/Stm32_F1103C6_gpio_driver.c:35:6: error: conflicting types for 'MCAL_GPIO_ReadPort'
 void MCAL_GPIO_ReadPort (GPIO_TypeDef *GPIOx, uint16_t Value)
      ^~~~~~~~~~~~~~~~~~
../Stm32_F1103C6_Drivers/Stm32_F1103C6_gpio_driver.c:25:10: note: previous definition of 'MCAL_GPIO_ReadPort' was here
 uint16_t MCAL_GPIO_ReadPort (GPIO_TypeDef *GPIOx)
          ^~~~~~~~~~~~~~~~~~
D:/sho8l/embedded diploma/units_lab/unit7_lesson3/Drivers/Stm32_F1103C6_Drivers/inc/Stm32_F1103C6_gpio_driver.h:91:6: error: conflicting types for 'MCAL_GPIO_ReadPort'
 void MCAL_GPIO_ReadPort (GPIO_TypeDef *GPIOx, uint16_t Value);
      ^~~~~~~~~~~~~~~~~~
D:/sho8l/embedded diploma/units_lab/unit7_lesson3/Drivers/Stm32_F1103C6_Drivers/inc/Stm32_F1103C6_gpio_driver.h:87:10: note: previous declaration of 'MCAL_GPIO_ReadPort' was here
 uint16_t MCAL_GPIO_ReadPort (GPIO_TypeDef *GPIOx);
          ^~~~~~~~~~~~~~~~~~
../Stm32_F1103C6_Drivers/Stm32_F1103C6_gpio_driver.c: In function 'MCAL_GPIO_ReadPin':
../Stm32_F1103C6_Drivers/Stm32_F1103C6_gpio_driver.c:23:1: warning: control reaches end of non-void function [-Wreturn-type]
 }
 ^
../Stm32_F1103C6_Drivers/Stm32_F1103C6_gpio_driver.c: In function 'MCAL_GPIO_LockPin':
../Stm32_F1103C6_Drivers/Stm32_F1103C6_gpio_driver.c:48:1: warning: control reaches end of non-void function [-Wreturn-type]
 }
 ^
make: *** [Src/subdir.mk:24: Src/main.o] Error 1
make: *** Waiting for unfinished jobs....
make: *** [Stm32_F1103C6_Drivers/subdir.mk:18: Stm32_F1103C6_Drivers/Stm32_F1103C6_gpio_driver.o] Error 1
"make -j12 all" terminated with exit code 2. Build might be incomplete.
21:26:09 **** Incremental Build of configuration Debug for project Drivers ****
make -j12 all 
arm-none-eabi-gcc -gdwarf-2 "../Stm32_F1103C6_Drivers/Stm32_F1103C6_gpio_driver.c" -mcpu=cortex-m3 -std=gnu11 -g3 -DSTM32 -DSTM32F1 -DSTM32F103C6Tx -DDEBUG -c -I../Inc -I"D:/sho8l/embedded diploma/units_lab/unit7_lesson3/Drivers/Stm32_F1103C6_Drivers/inc" -O0 -ffunction-sections -fdata-sections -Wall -fstack-usage -MMD -MP -MF"Stm32_F1103C6_Drivers/Stm32_F1103C6_gpio_driver.d" -MT"Stm32_F1103C6_Drivers/Stm32_F1103C6_gpio_driver.o" --specs=nano.specs -mfloat-abi=soft -mthumb -o "Stm32_F1103C6_Drivers/Stm32_F1103C6_gpio_driver.o"
arm-none-eabi-gcc -gdwarf-2 "../Src/main.c" -mcpu=cortex-m3 -std=gnu11 -g3 -DSTM32 -DSTM32F1 -DSTM32F103C6Tx -DDEBUG -c -I../Inc -I"D:/sho8l/embedded diploma/units_lab/unit7_lesson3/Drivers/Stm32_F1103C6_Drivers/inc" -O0 -ffunction-sections -fdata-sections -Wall -fstack-usage -MMD -MP -MF"Src/main.d" -MT"Src/main.o" --specs=nano.specs -mfloat-abi=soft -mthumb -o "Src/main.o"
../Stm32_F1103C6_Drivers/Stm32_F1103C6_gpio_driver.c:20:9: error: conflicting types for 'MCAL_GPIO_ReadPin'
 uint8_t MCAL_GPIO_ReadPin (GPIO_TypeDef *GPIOx, uint8_t PinNumber)
         ^~~~~~~~~~~~~~~~~
In file included from ../Stm32_F1103C6_Drivers/Stm32_F1103C6_gpio_driver.c:8:0:
D:/sho8l/embedded diploma/units_lab/unit7_lesson3/Drivers/Stm32_F1103C6_Drivers/inc/Stm32_F1103C6_gpio_driver.h:86:9: note: previous declaration of 'MCAL_GPIO_ReadPin' was here
 uint8_t MCAL_GPIO_ReadPin (GPIO_TypeDef *GPIOx, uint16_t PinNumber);
         ^~~~~~~~~~~~~~~~~
../Stm32_F1103C6_Drivers/Stm32_F1103C6_gpio_driver.c: In function 'MCAL_GPIO_ReadPin':
../Stm32_F1103C6_Drivers/Stm32_F1103C6_gpio_driver.c:23:1: warning: control reaches end of non-void function [-Wreturn-type]
 }
 ^
../Stm32_F1103C6_Drivers/Stm32_F1103C6_gpio_driver.c: In function 'MCAL_GPIO_ReadPort':
../Stm32_F1103C6_Drivers/Stm32_F1103C6_gpio_driver.c:28:1: warning: control reaches end of non-void function [-Wreturn-type]
 }
 ^
../Stm32_F1103C6_Drivers/Stm32_F1103C6_gpio_driver.c: In function 'MCAL_GPIO_LockPin':
../Stm32_F1103C6_Drivers/Stm32_F1103C6_gpio_driver.c:48:1: warning: control reaches end of non-void function [-Wreturn-type]
 }
 ^
make: *** [Stm32_F1103C6_Drivers/subdir.mk:18: Stm32_F1103C6_Drivers/Stm32_F1103C6_gpio_driver.o] Error 1
make: *** Waiting for unfinished jobs....
"make -j12 all" terminated with exit code 2. Build might be incomplete.
21:26:44 **** Incremental Build of configuration Debug for project Drivers ****
make -j12 all 
arm-none-eabi-gcc -gdwarf-2 "../Stm32_F1103C6_Drivers/Stm32_F1103C6_gpio_driver.c" -mcpu=cortex-m3 -std=gnu11 -g3 -DSTM32 -DSTM32F1 -DSTM32F103C6Tx -DDEBUG -c -I../Inc -I"D:/sho8l/embedded diploma/units_lab/unit7_lesson3/Drivers/Stm32_F1103C6_Drivers/inc" -O0 -ffunction-sections -fdata-sections -Wall -fstack-usage -MMD -MP -MF"Stm32_F1103C6_Drivers/Stm32_F1103C6_gpio_driver.d" -MT"Stm32_F1103C6_Drivers/Stm32_F1103C6_gpio_driver.o" --specs=nano.specs -mfloat-abi=soft -mthumb -o "Stm32_F1103C6_Drivers/Stm32_F1103C6_gpio_driver.o"
../Stm32_F1103C6_Drivers/Stm32_F1103C6_gpio_driver.c: In function 'MCAL_GPIO_ReadPin':
../Stm32_F1103C6_Drivers/Stm32_F1103C6_gpio_driver.c:23:1: warning: control reaches end of non-void function [-Wreturn-type]
 }
 ^
../Stm32_F1103C6_Drivers/Stm32_F1103C6_gpio_driver.c: In function 'MCAL_GPIO_ReadPort':
../Stm32_F1103C6_Drivers/Stm32_F1103C6_gpio_driver.c:28:1: warning: control reaches end of non-void function [-Wreturn-type]
 }
 ^
../Stm32_F1103C6_Drivers/Stm32_F1103C6_gpio_driver.c: In function 'MCAL_GPIO_LockPin':
../Stm32_F1103C6_Drivers/Stm32_F1103C6_gpio_driver.c:48:1: warning: control reaches end of non-void function [-Wreturn-type]
 }
 ^
arm-none-eabi-gcc -gdwarf-2 -o "Drivers.elf" @"objects.list"   -mcpu=cortex-m3 -T"D:\sho8l\embedded diploma\units_lab\unit7_lesson3\Drivers\STM32F103C6TX_FLASH.ld" --specs=nosys.specs -Wl,-Map="Drivers.map" -Wl,--gc-sections -static --specs=nano.specs -mfloat-abi=soft -mthumb -Wl,--start-group -lc -lm -Wl,--end-group
Finished building target: Drivers.elf
 
arm-none-eabi-objdump -h -S  Drivers.elf  > "Drivers.list"
arm-none-eabi-objcopy  -O binary  Drivers.elf  "Drivers.bin"
arm-none-eabi-size   Drivers.elf 
   text	   data	    bss	    dec	    hex	filename
    556	      8	   1568	   2132	    854	Drivers.elf
Finished building: default.size.stdout
 
Finished building: Drivers.bin
Finished building: Drivers.list
 
 
21:29:39 **** Incremental Build of configuration Debug for project Drivers ****
make -j12 all 
arm-none-eabi-gcc -gdwarf-2 "../Stm32_F1103C6_Drivers/Stm32_F1103C6_gpio_driver.c" -mcpu=cortex-m3 -std=gnu11 -g3 -DSTM32 -DSTM32F1 -DSTM32F103C6Tx -DDEBUG -c -I../Inc -I"D:/sho8l/embedded diploma/units_lab/unit7_lesson3/Drivers/Stm32_F1103C6_Drivers/inc" -O0 -ffunction-sections -fdata-sections -Wall -fstack-usage -MMD -MP -MF"Stm32_F1103C6_Drivers/Stm32_F1103C6_gpio_driver.d" -MT"Stm32_F1103C6_Drivers/Stm32_F1103C6_gpio_driver.o" --specs=nano.specs -mfloat-abi=soft -mthumb -o "Stm32_F1103C6_Drivers/Stm32_F1103C6_gpio_driver.o"
arm-none-eabi-gcc -gdwarf-2 "../Src/main.c" -mcpu=cortex-m3 -std=gnu11 -g3 -DSTM32 -DSTM32F1 -DSTM32F103C6Tx -DDEBUG -c -I../Inc -I"D:/sho8l/embedded diploma/units_lab/unit7_lesson3/Drivers/Stm32_F1103C6_Drivers/inc" -O0 -ffunction-sections -fdata-sections -Wall -fstack-usage -MMD -MP -MF"Src/main.d" -MT"Src/main.o" --specs=nano.specs -mfloat-abi=soft -mthumb -o "Src/main.o"
../Stm32_F1103C6_Drivers/Stm32_F1103C6_gpio_driver.c: In function 'MCAL_GPIO_ReadPin':
../Stm32_F1103C6_Drivers/Stm32_F1103C6_gpio_driver.c:23:1: warning: control reaches end of non-void function [-Wreturn-type]
 }
 ^
../Stm32_F1103C6_Drivers/Stm32_F1103C6_gpio_driver.c: In function 'MCAL_GPIO_ReadPort':
../Stm32_F1103C6_Drivers/Stm32_F1103C6_gpio_driver.c:28:1: warning: control reaches end of non-void function [-Wreturn-type]
 }
 ^
../Stm32_F1103C6_Drivers/Stm32_F1103C6_gpio_driver.c: In function 'MCAL_GPIO_LockPin':
../Stm32_F1103C6_Drivers/Stm32_F1103C6_gpio_driver.c:48:1: warning: control reaches end of non-void function [-Wreturn-type]
 }
 ^
arm-none-eabi-gcc -gdwarf-2 -o "Drivers.elf" @"objects.list"   -mcpu=cortex-m3 -T"D:\sho8l\embedded diploma\units_lab\unit7_lesson3\Drivers\STM32F103C6TX_FLASH.ld" --specs=nosys.specs -Wl,-Map="Drivers.map" -Wl,--gc-sections -static --specs=nano.specs -mfloat-abi=soft -mthumb -Wl,--start-group -lc -lm -Wl,--end-group
Finished building target: Drivers.elf
 
arm-none-eabi-objdump -h -S  Drivers.elf  > "Drivers.list"
arm-none-eabi-objcopy  -O binary  Drivers.elf  "Drivers.bin"
arm-none-eabi-size   Drivers.elf 
   text	   data	    bss	    dec	    hex	filename
    556	      8	   1568	   2132	    854	Drivers.elf
Finished building: default.size.stdout
 
Finished building: Drivers.bin
Finished building: Drivers.list
 
 
23:05:48 **** Incremental Build of configuration Debug for project Drivers ****
make -j12 all 
arm-none-eabi-gcc -gdwarf-2 "../Stm32_F1103C6_Drivers/Stm32_F1103C6_gpio_driver.c" -mcpu=cortex-m3 -std=gnu11 -g3 -DSTM32 -DSTM32F1 -DSTM32F103C6Tx -DDEBUG -c -I../Inc -I"D:/sho8l/embedded diploma/units_lab/unit7_lesson3/Drivers/Stm32_F1103C6_Drivers/inc" -O0 -ffunction-sections -fdata-sections -Wall -fstack-usage -MMD -MP -MF"Stm32_F1103C6_Drivers/Stm32_F1103C6_gpio_driver.d" -MT"Stm32_F1103C6_Drivers/Stm32_F1103C6_gpio_driver.o" --specs=nano.specs -mfloat-abi=soft -mthumb -o "Stm32_F1103C6_Drivers/Stm32_F1103C6_gpio_driver.o"
../Stm32_F1103C6_Drivers/Stm32_F1103C6_gpio_driver.c: In function 'MCAL_GPIO_Init':
../Stm32_F1103C6_Drivers/Stm32_F1103C6_gpio_driver.c:72:36: warning: initialization makes integer from pointer without a cast [-Wint-conversion]
  volatile uint8_t configregister = NULL ;
                                    ^~~~
../Stm32_F1103C6_Drivers/Stm32_F1103C6_gpio_driver.c:74:17: warning: assignment makes integer from pointer without a cast [-Wint-conversion]
  configregister = (PinConfig->GPIO_PinNumber < GPIO_PIN_8)? &GPIOx->CRL : &GPIOx->CRH ;
                 ^
../Stm32_F1103C6_Drivers/Stm32_F1103C6_gpio_driver.c:72:19: warning: variable 'configregister' set but not used [-Wunused-but-set-variable]
  volatile uint8_t configregister = NULL ;
                   ^~~~~~~~~~~~~~
../Stm32_F1103C6_Drivers/Stm32_F1103C6_gpio_driver.c: In function 'MCAL_GPIO_ReadPin':
../Stm32_F1103C6_Drivers/Stm32_F1103C6_gpio_driver.c:86:1: warning: control reaches end of non-void function [-Wreturn-type]
 }
 ^
../Stm32_F1103C6_Drivers/Stm32_F1103C6_gpio_driver.c: In function 'MCAL_GPIO_ReadPort':
../Stm32_F1103C6_Drivers/Stm32_F1103C6_gpio_driver.c:91:1: warning: control reaches end of non-void function [-Wreturn-type]
 }
 ^
../Stm32_F1103C6_Drivers/Stm32_F1103C6_gpio_driver.c: In function 'MCAL_GPIO_LockPin':
../Stm32_F1103C6_Drivers/Stm32_F1103C6_gpio_driver.c:111:1: warning: control reaches end of non-void function [-Wreturn-type]
 }
 ^
arm-none-eabi-gcc -gdwarf-2 -o "Drivers.elf" @"objects.list"   -mcpu=cortex-m3 -T"D:\sho8l\embedded diploma\units_lab\unit7_lesson3\Drivers\STM32F103C6TX_FLASH.ld" --specs=nosys.specs -Wl,-Map="Drivers.map" -Wl,--gc-sections -static --specs=nano.specs -mfloat-abi=soft -mthumb -Wl,--start-group -lc -lm -Wl,--end-group
Finished building target: Drivers.elf
 
arm-none-eabi-objdump -h -S  Drivers.elf  > "Drivers.list"
arm-none-eabi-objcopy  -O binary  Drivers.elf  "Drivers.bin"
arm-none-eabi-size   Drivers.elf 
   text	   data	    bss	    dec	    hex	filename
    556	      8	   1568	   2132	    854	Drivers.elf
Finished building: default.size.stdout
 
Finished building: Drivers.bin
Finished building: Drivers.list
 
 
23:21:52 **** Incremental Build of configuration Debug for project Drivers ****
make -j12 all 
arm-none-eabi-gcc -gdwarf-2 "../Stm32_F1103C6_Drivers/Stm32_F1103C6_gpio_driver.c" -mcpu=cortex-m3 -std=gnu11 -g3 -DSTM32 -DSTM32F1 -DSTM32F103C6Tx -DDEBUG -c -I../Inc -I"D:/sho8l/embedded diploma/units_lab/unit7_lesson3/Drivers/Stm32_F1103C6_Drivers/inc" -O0 -ffunction-sections -fdata-sections -Wall -fstack-usage -MMD -MP -MF"Stm32_F1103C6_Drivers/Stm32_F1103C6_gpio_driver.d" -MT"Stm32_F1103C6_Drivers/Stm32_F1103C6_gpio_driver.o" --specs=nano.specs -mfloat-abi=soft -mthumb -o "Stm32_F1103C6_Drivers/Stm32_F1103C6_gpio_driver.o"
../Stm32_F1103C6_Drivers/Stm32_F1103C6_gpio_driver.c: In function 'MCAL_GPIO_Init':
../Stm32_F1103C6_Drivers/Stm32_F1103C6_gpio_driver.c:72:36: warning: initialization makes integer from pointer without a cast [-Wint-conversion]
  volatile uint8_t configregister = NULL ;
                                    ^~~~
../Stm32_F1103C6_Drivers/Stm32_F1103C6_gpio_driver.c:74:17: warning: assignment makes integer from pointer without a cast [-Wint-conversion]
  configregister = (PinConfig->GPIO_PinNumber < GPIO_PIN_8)? &GPIOx->CRL : &GPIOx->CRH ;
                 ^
../Stm32_F1103C6_Drivers/Stm32_F1103C6_gpio_driver.c:77:2: error: invalid type argument of unary '*' (have 'int')
  *configregister &= ~(0xF << Get_CRLH_POSITION(PinConfig->GPIO_PinNumber));
  ^~~~~~~~~~~~~~~
../Stm32_F1103C6_Drivers/Stm32_F1103C6_gpio_driver.c: In function 'MCAL_GPIO_ReadPin':
../Stm32_F1103C6_Drivers/Stm32_F1103C6_gpio_driver.c:88:1: warning: control reaches end of non-void function [-Wreturn-type]
 }
 ^
../Stm32_F1103C6_Drivers/Stm32_F1103C6_gpio_driver.c: In function 'MCAL_GPIO_ReadPort':
../Stm32_F1103C6_Drivers/Stm32_F1103C6_gpio_driver.c:93:1: warning: control reaches end of non-void function [-Wreturn-type]
 }
 ^
../Stm32_F1103C6_Drivers/Stm32_F1103C6_gpio_driver.c: In function 'MCAL_GPIO_LockPin':
../Stm32_F1103C6_Drivers/Stm32_F1103C6_gpio_driver.c:113:1: warning: control reaches end of non-void function [-Wreturn-type]
 }
 ^
make: *** [Stm32_F1103C6_Drivers/subdir.mk:18: Stm32_F1103C6_Drivers/Stm32_F1103C6_gpio_driver.o] Error 1
"make -j12 all" terminated with exit code 2. Build might be incomplete.
23:22:14 **** Incremental Build of configuration Debug for project Drivers ****
make -j12 all 
arm-none-eabi-gcc -gdwarf-2 "../Stm32_F1103C6_Drivers/Stm32_F1103C6_gpio_driver.c" -mcpu=cortex-m3 -std=gnu11 -g3 -DSTM32 -DSTM32F1 -DSTM32F103C6Tx -DDEBUG -c -I../Inc -I"D:/sho8l/embedded diploma/units_lab/unit7_lesson3/Drivers/Stm32_F1103C6_Drivers/inc" -O0 -ffunction-sections -fdata-sections -Wall -fstack-usage -MMD -MP -MF"Stm32_F1103C6_Drivers/Stm32_F1103C6_gpio_driver.d" -MT"Stm32_F1103C6_Drivers/Stm32_F1103C6_gpio_driver.o" --specs=nano.specs -mfloat-abi=soft -mthumb -o "Stm32_F1103C6_Drivers/Stm32_F1103C6_gpio_driver.o"
../Stm32_F1103C6_Drivers/Stm32_F1103C6_gpio_driver.c: In function 'MCAL_GPIO_Init':
../Stm32_F1103C6_Drivers/Stm32_F1103C6_gpio_driver.c:72:36: warning: initialization makes integer from pointer without a cast [-Wint-conversion]
  volatile uint8_t configregister = NULL ;
                                    ^~~~
../Stm32_F1103C6_Drivers/Stm32_F1103C6_gpio_driver.c:74:17: warning: assignment makes integer from pointer without a cast [-Wint-conversion]
  configregister = (PinConfig->GPIO_PinNumber < GPIO_PIN_8)? &GPIOx->CRL : &GPIOx->CRH ;
                 ^
../Stm32_F1103C6_Drivers/Stm32_F1103C6_gpio_driver.c:77:3: error: invalid type argument of unary '*' (have 'int')
  (*configregister) &= ~(0xF << Get_CRLH_POSITION(PinConfig->GPIO_PinNumber));
   ^~~~~~~~~~~~~~~
../Stm32_F1103C6_Drivers/Stm32_F1103C6_gpio_driver.c: In function 'MCAL_GPIO_ReadPin':
../Stm32_F1103C6_Drivers/Stm32_F1103C6_gpio_driver.c:88:1: warning: control reaches end of non-void function [-Wreturn-type]
 }
 ^
../Stm32_F1103C6_Drivers/Stm32_F1103C6_gpio_driver.c: In function 'MCAL_GPIO_ReadPort':
../Stm32_F1103C6_Drivers/Stm32_F1103C6_gpio_driver.c:93:1: warning: control reaches end of non-void function [-Wreturn-type]
 }
 ^
../Stm32_F1103C6_Drivers/Stm32_F1103C6_gpio_driver.c: In function 'MCAL_GPIO_LockPin':
../Stm32_F1103C6_Drivers/Stm32_F1103C6_gpio_driver.c:113:1: warning: control reaches end of non-void function [-Wreturn-type]
 }
 ^
make: *** [Stm32_F1103C6_Drivers/subdir.mk:18: Stm32_F1103C6_Drivers/Stm32_F1103C6_gpio_driver.o] Error 1
"make -j12 all" terminated with exit code 2. Build might be incomplete.
23:22:22 **** Incremental Build of configuration Debug for project Drivers ****
make -j12 all 
arm-none-eabi-gcc -gdwarf-2 "../Stm32_F1103C6_Drivers/Stm32_F1103C6_gpio_driver.c" -mcpu=cortex-m3 -std=gnu11 -g3 -DSTM32 -DSTM32F1 -DSTM32F103C6Tx -DDEBUG -c -I../Inc -I"D:/sho8l/embedded diploma/units_lab/unit7_lesson3/Drivers/Stm32_F1103C6_Drivers/inc" -O0 -ffunction-sections -fdata-sections -Wall -fstack-usage -MMD -MP -MF"Stm32_F1103C6_Drivers/Stm32_F1103C6_gpio_driver.d" -MT"Stm32_F1103C6_Drivers/Stm32_F1103C6_gpio_driver.o" --specs=nano.specs -mfloat-abi=soft -mthumb -o "Stm32_F1103C6_Drivers/Stm32_F1103C6_gpio_driver.o"
../Stm32_F1103C6_Drivers/Stm32_F1103C6_gpio_driver.c: In function 'MCAL_GPIO_Init':
../Stm32_F1103C6_Drivers/Stm32_F1103C6_gpio_driver.c:72:36: warning: initialization makes integer from pointer without a cast [-Wint-conversion]
  volatile uint8_t configregister = NULL ;
                                    ^~~~
../Stm32_F1103C6_Drivers/Stm32_F1103C6_gpio_driver.c:74:17: warning: assignment makes integer from pointer without a cast [-Wint-conversion]
  configregister = (PinConfig->GPIO_PinNumber < GPIO_PIN_8)? &GPIOx->CRL : &GPIOx->CRH ;
                 ^
../Stm32_F1103C6_Drivers/Stm32_F1103C6_gpio_driver.c:77:3: error: invalid type argument of unary '*' (have 'int')
  (*configregister) &= ~(0xf << Get_CRLH_POSITION(PinConfig->GPIO_PinNumber));
   ^~~~~~~~~~~~~~~
../Stm32_F1103C6_Drivers/Stm32_F1103C6_gpio_driver.c: In function 'MCAL_GPIO_ReadPin':
../Stm32_F1103C6_Drivers/Stm32_F1103C6_gpio_driver.c:88:1: warning: control reaches end of non-void function [-Wreturn-type]
 }
 ^
../Stm32_F1103C6_Drivers/Stm32_F1103C6_gpio_driver.c: In function 'MCAL_GPIO_ReadPort':
../Stm32_F1103C6_Drivers/Stm32_F1103C6_gpio_driver.c:93:1: warning: control reaches end of non-void function [-Wreturn-type]
 }
 ^
../Stm32_F1103C6_Drivers/Stm32_F1103C6_gpio_driver.c: In function 'MCAL_GPIO_LockPin':
../Stm32_F1103C6_Drivers/Stm32_F1103C6_gpio_driver.c:113:1: warning: control reaches end of non-void function [-Wreturn-type]
 }
 ^
make: *** [Stm32_F1103C6_Drivers/subdir.mk:18: Stm32_F1103C6_Drivers/Stm32_F1103C6_gpio_driver.o] Error 1
"make -j12 all" terminated with exit code 2. Build might be incomplete.
23:25:00 **** Incremental Build of configuration Debug for project Drivers ****
make -j12 all 
arm-none-eabi-gcc -gdwarf-2 "../Stm32_F1103C6_Drivers/Stm32_F1103C6_gpio_driver.c" -mcpu=cortex-m3 -std=gnu11 -g3 -DSTM32 -DSTM32F1 -DSTM32F103C6Tx -DDEBUG -c -I../Inc -I"D:/sho8l/embedded diploma/units_lab/unit7_lesson3/Drivers/Stm32_F1103C6_Drivers/inc" -O0 -ffunction-sections -fdata-sections -Wall -fstack-usage -MMD -MP -MF"Stm32_F1103C6_Drivers/Stm32_F1103C6_gpio_driver.d" -MT"Stm32_F1103C6_Drivers/Stm32_F1103C6_gpio_driver.o" --specs=nano.specs -mfloat-abi=soft -mthumb -o "Stm32_F1103C6_Drivers/Stm32_F1103C6_gpio_driver.o"
arm-none-eabi-gcc -gdwarf-2 "../Src/main.c" -mcpu=cortex-m3 -std=gnu11 -g3 -DSTM32 -DSTM32F1 -DSTM32F103C6Tx -DDEBUG -c -I../Inc -I"D:/sho8l/embedded diploma/units_lab/unit7_lesson3/Drivers/Stm32_F1103C6_Drivers/inc" -O0 -ffunction-sections -fdata-sections -Wall -fstack-usage -MMD -MP -MF"Src/main.d" -MT"Src/main.o" --specs=nano.specs -mfloat-abi=soft -mthumb -o "Src/main.o"
../Stm32_F1103C6_Drivers/Stm32_F1103C6_gpio_driver.c: In function 'MCAL_GPIO_Init':
../Stm32_F1103C6_Drivers/Stm32_F1103C6_gpio_driver.c:72:36: warning: initialization makes integer from pointer without a cast [-Wint-conversion]
  volatile uint8_t configregister = NULL ;
                                    ^~~~
../Stm32_F1103C6_Drivers/Stm32_F1103C6_gpio_driver.c:74:17: warning: assignment makes integer from pointer without a cast [-Wint-conversion]
  configregister = (PinConfig->GPIO_PinNumber < GPIO_PIN_8)? &GPIOx->CRL : &GPIOx->CRH ;
                 ^
../Stm32_F1103C6_Drivers/Stm32_F1103C6_gpio_driver.c:77:3: error: invalid type argument of unary '*' (have 'int')
  (*configregister) &= ~(0xf << Get_CRLH_POSITION(PinConfig->GPIO_PinNumber));
   ^~~~~~~~~~~~~~~
../Stm32_F1103C6_Drivers/Stm32_F1103C6_gpio_driver.c:80:29: error: 'GPIO_M' undeclared (first use in this function); did you mean 'GPIOx'?
  if(PinConfig->GPIO_Mode == GPIO_M)
                             ^~~~~~
                             GPIOx
../Stm32_F1103C6_Drivers/Stm32_F1103C6_gpio_driver.c:80:29: note: each undeclared identifier is reported only once for each function it appears in
../Stm32_F1103C6_Drivers/Stm32_F1103C6_gpio_driver.c:81:1: error: expected expression before '}' token
 }
 ^
../Stm32_F1103C6_Drivers/Stm32_F1103C6_gpio_driver.c: In function 'MCAL_GPIO_ReadPin':
../Stm32_F1103C6_Drivers/Stm32_F1103C6_gpio_driver.c:91:1: warning: control reaches end of non-void function [-Wreturn-type]
 }
 ^
../Stm32_F1103C6_Drivers/Stm32_F1103C6_gpio_driver.c: In function 'MCAL_GPIO_ReadPort':
../Stm32_F1103C6_Drivers/Stm32_F1103C6_gpio_driver.c:96:1: warning: control reaches end of non-void function [-Wreturn-type]
 }
 ^
../Stm32_F1103C6_Drivers/Stm32_F1103C6_gpio_driver.c: In function 'MCAL_GPIO_LockPin':
../Stm32_F1103C6_Drivers/Stm32_F1103C6_gpio_driver.c:116:1: warning: control reaches end of non-void function [-Wreturn-type]
 }
 ^
make: *** [Stm32_F1103C6_Drivers/subdir.mk:18: Stm32_F1103C6_Drivers/Stm32_F1103C6_gpio_driver.o] Error 1
make: *** Waiting for unfinished jobs....
"make -j12 all" terminated with exit code 2. Build might be incomplete.
23:42:56 **** Incremental Build of configuration Debug for project Drivers ****
make -j12 all 
arm-none-eabi-gcc -gdwarf-2 "../Stm32_F1103C6_Drivers/Stm32_F1103C6_gpio_driver.c" -mcpu=cortex-m3 -std=gnu11 -g3 -DSTM32 -DSTM32F1 -DSTM32F103C6Tx -DDEBUG -c -I../Inc -I"D:/sho8l/embedded diploma/units_lab/unit7_lesson3/Drivers/Stm32_F1103C6_Drivers/inc" -O0 -ffunction-sections -fdata-sections -Wall -fstack-usage -MMD -MP -MF"Stm32_F1103C6_Drivers/Stm32_F1103C6_gpio_driver.d" -MT"Stm32_F1103C6_Drivers/Stm32_F1103C6_gpio_driver.o" --specs=nano.specs -mfloat-abi=soft -mthumb -o "Stm32_F1103C6_Drivers/Stm32_F1103C6_gpio_driver.o"
../Stm32_F1103C6_Drivers/Stm32_F1103C6_gpio_driver.c: In function 'MCAL_GPIO_Init':
../Stm32_F1103C6_Drivers/Stm32_F1103C6_gpio_driver.c:72:36: warning: initialization makes integer from pointer without a cast [-Wint-conversion]
  volatile uint8_t configregister = NULL ;
                                    ^~~~
../Stm32_F1103C6_Drivers/Stm32_F1103C6_gpio_driver.c:75:17: warning: assignment makes integer from pointer without a cast [-Wint-conversion]
  configregister = (PinConfig->GPIO_PinNumber < GPIO_PIN_8)? &GPIOx->CRL : &GPIOx->CRH ;
                 ^
../Stm32_F1103C6_Drivers/Stm32_F1103C6_gpio_driver.c:78:3: error: invalid type argument of unary '*' (have 'int')
  (*configregister) &= ~(0xf << Get_CRLH_POSITION(PinConfig->GPIO_PinNumber));
   ^~~~~~~~~~~~~~~
../Stm32_F1103C6_Drivers/Stm32_F1103C6_gpio_driver.c:117:2: error: invalid type argument of unary '*' (have 'int')
  *configregister |= (Pin_Conf << Get_CRLH_POSITION(PinConfig->GPIO_PinNumber));
  ^~~~~~~~~~~~~~~
../Stm32_F1103C6_Drivers/Stm32_F1103C6_gpio_driver.c: In function 'MCAL_GPIO_ReadPin':
../Stm32_F1103C6_Drivers/Stm32_F1103C6_gpio_driver.c:129:1: warning: control reaches end of non-void function [-Wreturn-type]
 }
 ^
../Stm32_F1103C6_Drivers/Stm32_F1103C6_gpio_driver.c: In function 'MCAL_GPIO_ReadPort':
../Stm32_F1103C6_Drivers/Stm32_F1103C6_gpio_driver.c:134:1: warning: control reaches end of non-void function [-Wreturn-type]
 }
 ^
../Stm32_F1103C6_Drivers/Stm32_F1103C6_gpio_driver.c: In function 'MCAL_GPIO_LockPin':
../Stm32_F1103C6_Drivers/Stm32_F1103C6_gpio_driver.c:154:1: warning: control reaches end of non-void function [-Wreturn-type]
 }
 ^
make: *** [Stm32_F1103C6_Drivers/subdir.mk:18: Stm32_F1103C6_Drivers/Stm32_F1103C6_gpio_driver.o] Error 1
"make -j12 all" terminated with exit code 2. Build might be incomplete.
23:44:23 **** Incremental Build of configuration Debug for project Drivers ****
make -j12 all 
arm-none-eabi-gcc -gdwarf-2 "../Stm32_F1103C6_Drivers/Stm32_F1103C6_gpio_driver.c" -mcpu=cortex-m3 -std=gnu11 -g3 -DSTM32 -DSTM32F1 -DSTM32F103C6Tx -DDEBUG -c -I../Inc -I"D:/sho8l/embedded diploma/units_lab/unit7_lesson3/Drivers/Stm32_F1103C6_Drivers/inc" -O0 -ffunction-sections -fdata-sections -Wall -fstack-usage -MMD -MP -MF"Stm32_F1103C6_Drivers/Stm32_F1103C6_gpio_driver.d" -MT"Stm32_F1103C6_Drivers/Stm32_F1103C6_gpio_driver.o" --specs=nano.specs -mfloat-abi=soft -mthumb -o "Stm32_F1103C6_Drivers/Stm32_F1103C6_gpio_driver.o"
../Stm32_F1103C6_Drivers/Stm32_F1103C6_gpio_driver.c: In function 'MCAL_GPIO_Init':
../Stm32_F1103C6_Drivers/Stm32_F1103C6_gpio_driver.c:72:36: warning: initialization makes integer from pointer without a cast [-Wint-conversion]
  volatile uint8_t configregister = NULL ;
                                    ^~~~
../Stm32_F1103C6_Drivers/Stm32_F1103C6_gpio_driver.c:75:17: warning: assignment makes integer from pointer without a cast [-Wint-conversion]
  configregister = (PinConfig->GPIO_PinNumber < GPIO_PIN_8)? &GPIOx->CRL : &GPIOx->CRH ;
                 ^
../Stm32_F1103C6_Drivers/Stm32_F1103C6_gpio_driver.c:78:3: error: invalid type argument of unary '*' (have 'int')
  (*configregister) &= ~(0xf << Get_CRLH_POSITION(PinConfig->GPIO_PinNumber));
   ^~~~~~~~~~~~~~~
../Stm32_F1103C6_Drivers/Stm32_F1103C6_gpio_driver.c:117:2: error: invalid type argument of unary '*' (have 'int')
  *configregister |= ((Pin_Conf) << Get_CRLH_POSITION(PinConfig->GPIO_PinNumber));
  ^~~~~~~~~~~~~~~
../Stm32_F1103C6_Drivers/Stm32_F1103C6_gpio_driver.c: In function 'MCAL_GPIO_ReadPin':
../Stm32_F1103C6_Drivers/Stm32_F1103C6_gpio_driver.c:129:1: warning: control reaches end of non-void function [-Wreturn-type]
 }
 ^
../Stm32_F1103C6_Drivers/Stm32_F1103C6_gpio_driver.c: In function 'MCAL_GPIO_ReadPort':
../Stm32_F1103C6_Drivers/Stm32_F1103C6_gpio_driver.c:134:1: warning: control reaches end of non-void function [-Wreturn-type]
 }
 ^
../Stm32_F1103C6_Drivers/Stm32_F1103C6_gpio_driver.c: In function 'MCAL_GPIO_LockPin':
../Stm32_F1103C6_Drivers/Stm32_F1103C6_gpio_driver.c:154:1: warning: control reaches end of non-void function [-Wreturn-type]
 }
 ^
make: *** [Stm32_F1103C6_Drivers/subdir.mk:18: Stm32_F1103C6_Drivers/Stm32_F1103C6_gpio_driver.o] Error 1
"make -j12 all" terminated with exit code 2. Build might be incomplete.
23:44:50 **** Incremental Build of configuration Debug for project Drivers ****
make -j12 all 
arm-none-eabi-gcc -gdwarf-2 "../Stm32_F1103C6_Drivers/Stm32_F1103C6_gpio_driver.c" -mcpu=cortex-m3 -std=gnu11 -g3 -DSTM32 -DSTM32F1 -DSTM32F103C6Tx -DDEBUG -c -I../Inc -I"D:/sho8l/embedded diploma/units_lab/unit7_lesson3/Drivers/Stm32_F1103C6_Drivers/inc" -O0 -ffunction-sections -fdata-sections -Wall -fstack-usage -MMD -MP -MF"Stm32_F1103C6_Drivers/Stm32_F1103C6_gpio_driver.d" -MT"Stm32_F1103C6_Drivers/Stm32_F1103C6_gpio_driver.o" --specs=nano.specs -mfloat-abi=soft -mthumb -o "Stm32_F1103C6_Drivers/Stm32_F1103C6_gpio_driver.o"
../Stm32_F1103C6_Drivers/Stm32_F1103C6_gpio_driver.c: In function 'MCAL_GPIO_Init':
../Stm32_F1103C6_Drivers/Stm32_F1103C6_gpio_driver.c:72:37: warning: initialization makes integer from pointer without a cast [-Wint-conversion]
  volatile uint32_t configregister = NULL ;
                                     ^~~~
../Stm32_F1103C6_Drivers/Stm32_F1103C6_gpio_driver.c:75:17: warning: assignment makes integer from pointer without a cast [-Wint-conversion]
  configregister = (PinConfig->GPIO_PinNumber < GPIO_PIN_8)? &GPIOx->CRL : &GPIOx->CRH ;
                 ^
../Stm32_F1103C6_Drivers/Stm32_F1103C6_gpio_driver.c:78:3: error: invalid type argument of unary '*' (have 'uint32_t {aka volatile long unsigned int}')
  (*configregister) &= ~(0xf << Get_CRLH_POSITION(PinConfig->GPIO_PinNumber));
   ^~~~~~~~~~~~~~~
../Stm32_F1103C6_Drivers/Stm32_F1103C6_gpio_driver.c:117:2: error: invalid type argument of unary '*' (have 'uint32_t {aka volatile long unsigned int}')
  *configregister |= ((Pin_Conf) << Get_CRLH_POSITION(PinConfig->GPIO_PinNumber));
  ^~~~~~~~~~~~~~~
../Stm32_F1103C6_Drivers/Stm32_F1103C6_gpio_driver.c: In function 'MCAL_GPIO_ReadPin':
../Stm32_F1103C6_Drivers/Stm32_F1103C6_gpio_driver.c:129:1: warning: control reaches end of non-void function [-Wreturn-type]
 }
 ^
../Stm32_F1103C6_Drivers/Stm32_F1103C6_gpio_driver.c: In function 'MCAL_GPIO_ReadPort':
../Stm32_F1103C6_Drivers/Stm32_F1103C6_gpio_driver.c:134:1: warning: control reaches end of non-void function [-Wreturn-type]
 }
 ^
../Stm32_F1103C6_Drivers/Stm32_F1103C6_gpio_driver.c: In function 'MCAL_GPIO_LockPin':
../Stm32_F1103C6_Drivers/Stm32_F1103C6_gpio_driver.c:154:1: warning: control reaches end of non-void function [-Wreturn-type]
 }
 ^
make: *** [Stm32_F1103C6_Drivers/subdir.mk:18: Stm32_F1103C6_Drivers/Stm32_F1103C6_gpio_driver.o] Error 1
"make -j12 all" terminated with exit code 2. Build might be incomplete.
23:45:48 **** Incremental Build of configuration Debug for project Drivers ****
make -j12 all 
arm-none-eabi-gcc -gdwarf-2 "../Stm32_F1103C6_Drivers/Stm32_F1103C6_gpio_driver.c" -mcpu=cortex-m3 -std=gnu11 -g3 -DSTM32 -DSTM32F1 -DSTM32F103C6Tx -DDEBUG -c -I../Inc -I"D:/sho8l/embedded diploma/units_lab/unit7_lesson3/Drivers/Stm32_F1103C6_Drivers/inc" -O0 -ffunction-sections -fdata-sections -Wall -fstack-usage -MMD -MP -MF"Stm32_F1103C6_Drivers/Stm32_F1103C6_gpio_driver.d" -MT"Stm32_F1103C6_Drivers/Stm32_F1103C6_gpio_driver.o" --specs=nano.specs -mfloat-abi=soft -mthumb -o "Stm32_F1103C6_Drivers/Stm32_F1103C6_gpio_driver.o"
../Stm32_F1103C6_Drivers/Stm32_F1103C6_gpio_driver.c: In function 'MCAL_GPIO_Init':
../Stm32_F1103C6_Drivers/Stm32_F1103C6_gpio_driver.c:72:28: warning: initialization makes integer from pointer without a cast [-Wint-conversion]
  uint32_t configregister = NULL ;
                            ^~~~
../Stm32_F1103C6_Drivers/Stm32_F1103C6_gpio_driver.c:75:17: warning: assignment makes integer from pointer without a cast [-Wint-conversion]
  configregister = (PinConfig->GPIO_PinNumber < GPIO_PIN_8)? &GPIOx->CRL : &GPIOx->CRH ;
                 ^
../Stm32_F1103C6_Drivers/Stm32_F1103C6_gpio_driver.c:78:3: error: invalid type argument of unary '*' (have 'uint32_t {aka long unsigned int}')
  (*configregister) &= ~(0xf << Get_CRLH_POSITION(PinConfig->GPIO_PinNumber));
   ^~~~~~~~~~~~~~~
../Stm32_F1103C6_Drivers/Stm32_F1103C6_gpio_driver.c:117:2: error: invalid type argument of unary '*' (have 'uint32_t {aka long unsigned int}')
  *configregister |= ((Pin_Conf) << Get_CRLH_POSITION(PinConfig->GPIO_PinNumber));
  ^~~~~~~~~~~~~~~
../Stm32_F1103C6_Drivers/Stm32_F1103C6_gpio_driver.c: In function 'MCAL_GPIO_ReadPin':
../Stm32_F1103C6_Drivers/Stm32_F1103C6_gpio_driver.c:129:1: warning: control reaches end of non-void function [-Wreturn-type]
 }
 ^
../Stm32_F1103C6_Drivers/Stm32_F1103C6_gpio_driver.c: In function 'MCAL_GPIO_ReadPort':
../Stm32_F1103C6_Drivers/Stm32_F1103C6_gpio_driver.c:134:1: warning: control reaches end of non-void function [-Wreturn-type]
 }
 ^
../Stm32_F1103C6_Drivers/Stm32_F1103C6_gpio_driver.c: In function 'MCAL_GPIO_LockPin':
../Stm32_F1103C6_Drivers/Stm32_F1103C6_gpio_driver.c:154:1: warning: control reaches end of non-void function [-Wreturn-type]
 }
 ^
make: *** [Stm32_F1103C6_Drivers/subdir.mk:18: Stm32_F1103C6_Drivers/Stm32_F1103C6_gpio_driver.o] Error 1
"make -j12 all" terminated with exit code 2. Build might be incomplete.
23:45:53 **** Incremental Build of configuration Debug for project Drivers ****
make -j12 all 
arm-none-eabi-gcc -gdwarf-2 "../Stm32_F1103C6_Drivers/Stm32_F1103C6_gpio_driver.c" -mcpu=cortex-m3 -std=gnu11 -g3 -DSTM32 -DSTM32F1 -DSTM32F103C6Tx -DDEBUG -c -I../Inc -I"D:/sho8l/embedded diploma/units_lab/unit7_lesson3/Drivers/Stm32_F1103C6_Drivers/inc" -O0 -ffunction-sections -fdata-sections -Wall -fstack-usage -MMD -MP -MF"Stm32_F1103C6_Drivers/Stm32_F1103C6_gpio_driver.d" -MT"Stm32_F1103C6_Drivers/Stm32_F1103C6_gpio_driver.o" --specs=nano.specs -mfloat-abi=soft -mthumb -o "Stm32_F1103C6_Drivers/Stm32_F1103C6_gpio_driver.o"
../Stm32_F1103C6_Drivers/Stm32_F1103C6_gpio_driver.c: In function 'MCAL_GPIO_Init':
../Stm32_F1103C6_Drivers/Stm32_F1103C6_gpio_driver.c:72:37: warning: initialization makes integer from pointer without a cast [-Wint-conversion]
  volatile uint32_t configregister = NULL ;
                                     ^~~~
../Stm32_F1103C6_Drivers/Stm32_F1103C6_gpio_driver.c:75:17: warning: assignment makes integer from pointer without a cast [-Wint-conversion]
  configregister = (PinConfig->GPIO_PinNumber < GPIO_PIN_8)? &GPIOx->CRL : &GPIOx->CRH ;
                 ^
../Stm32_F1103C6_Drivers/Stm32_F1103C6_gpio_driver.c:78:3: error: invalid type argument of unary '*' (have 'uint32_t {aka volatile long unsigned int}')
  (*configregister) &= ~(0xf << Get_CRLH_POSITION(PinConfig->GPIO_PinNumber));
   ^~~~~~~~~~~~~~~
../Stm32_F1103C6_Drivers/Stm32_F1103C6_gpio_driver.c:117:2: error: invalid type argument of unary '*' (have 'uint32_t {aka volatile long unsigned int}')
  *configregister |= ((Pin_Conf) << Get_CRLH_POSITION(PinConfig->GPIO_PinNumber));
  ^~~~~~~~~~~~~~~
../Stm32_F1103C6_Drivers/Stm32_F1103C6_gpio_driver.c: In function 'MCAL_GPIO_ReadPin':
../Stm32_F1103C6_Drivers/Stm32_F1103C6_gpio_driver.c:129:1: warning: control reaches end of non-void function [-Wreturn-type]
 }
 ^
../Stm32_F1103C6_Drivers/Stm32_F1103C6_gpio_driver.c: In function 'MCAL_GPIO_ReadPort':
../Stm32_F1103C6_Drivers/Stm32_F1103C6_gpio_driver.c:134:1: warning: control reaches end of non-void function [-Wreturn-type]
 }
 ^
../Stm32_F1103C6_Drivers/Stm32_F1103C6_gpio_driver.c: In function 'MCAL_GPIO_LockPin':
../Stm32_F1103C6_Drivers/Stm32_F1103C6_gpio_driver.c:154:1: warning: control reaches end of non-void function [-Wreturn-type]
 }
 ^
make: *** [Stm32_F1103C6_Drivers/subdir.mk:18: Stm32_F1103C6_Drivers/Stm32_F1103C6_gpio_driver.o] Error 1
"make -j12 all" terminated with exit code 2. Build might be incomplete.
23:47:12 **** Incremental Build of configuration Debug for project Drivers ****
make -j12 all 
arm-none-eabi-gcc -gdwarf-2 "../Stm32_F1103C6_Drivers/Stm32_F1103C6_gpio_driver.c" -mcpu=cortex-m3 -std=gnu11 -g3 -DSTM32 -DSTM32F1 -DSTM32F103C6Tx -DDEBUG -c -I../Inc -I"D:/sho8l/embedded diploma/units_lab/unit7_lesson3/Drivers/Stm32_F1103C6_Drivers/inc" -O0 -ffunction-sections -fdata-sections -Wall -fstack-usage -MMD -MP -MF"Stm32_F1103C6_Drivers/Stm32_F1103C6_gpio_driver.d" -MT"Stm32_F1103C6_Drivers/Stm32_F1103C6_gpio_driver.o" --specs=nano.specs -mfloat-abi=soft -mthumb -o "Stm32_F1103C6_Drivers/Stm32_F1103C6_gpio_driver.o"
../Stm32_F1103C6_Drivers/Stm32_F1103C6_gpio_driver.c: In function 'MCAL_GPIO_Init':
../Stm32_F1103C6_Drivers/Stm32_F1103C6_gpio_driver.c:72:37: warning: initialization makes integer from pointer without a cast [-Wint-conversion]
  volatile uint32_t configregister = NULL ;
                                     ^~~~
../Stm32_F1103C6_Drivers/Stm32_F1103C6_gpio_driver.c:75:17: warning: assignment makes integer from pointer without a cast [-Wint-conversion]
  configregister = (PinConfig->GPIO_PinNumber < GPIO_PIN_8)? &GPIOx->CRL : &GPIOx->CRH ;
                 ^
../Stm32_F1103C6_Drivers/Stm32_F1103C6_gpio_driver.c:78:3: error: invalid type argument of unary '*' (have 'uint32_t {aka volatile long unsigned int}')
  (*configregister) &= ~(0xf << Get_CRLH_POSITION(PinConfig->GPIO_PinNumber));
   ^~~~~~~~~~~~~~~
../Stm32_F1103C6_Drivers/Stm32_F1103C6_gpio_driver.c:117:2: error: invalid type argument of unary '*' (have 'uint32_t {aka volatile long unsigned int}')
  *configregister |= ((Pin_Conf) << Get_CRLH_POSITION(PinConfig->GPIO_PinNumber));
  ^~~~~~~~~~~~~~~
../Stm32_F1103C6_Drivers/Stm32_F1103C6_gpio_driver.c: In function 'MCAL_GPIO_ReadPin':
../Stm32_F1103C6_Drivers/Stm32_F1103C6_gpio_driver.c:129:1: warning: control reaches end of non-void function [-Wreturn-type]
 }
 ^
../Stm32_F1103C6_Drivers/Stm32_F1103C6_gpio_driver.c: In function 'MCAL_GPIO_ReadPort':
../Stm32_F1103C6_Drivers/Stm32_F1103C6_gpio_driver.c:134:1: warning: control reaches end of non-void function [-Wreturn-type]
 }
 ^
../Stm32_F1103C6_Drivers/Stm32_F1103C6_gpio_driver.c: In function 'MCAL_GPIO_LockPin':
../Stm32_F1103C6_Drivers/Stm32_F1103C6_gpio_driver.c:154:1: warning: control reaches end of non-void function [-Wreturn-type]
 }
 ^
make: *** [Stm32_F1103C6_Drivers/subdir.mk:18: Stm32_F1103C6_Drivers/Stm32_F1103C6_gpio_driver.o] Error 1
"make -j12 all" terminated with exit code 2. Build might be incomplete.
23:47:31 **** Incremental Build of configuration Debug for project Drivers ****
make -j12 all 
arm-none-eabi-gcc -gdwarf-2 "../Stm32_F1103C6_Drivers/Stm32_F1103C6_gpio_driver.c" -mcpu=cortex-m3 -std=gnu11 -g3 -DSTM32 -DSTM32F1 -DSTM32F103C6Tx -DDEBUG -c -I../Inc -I"D:/sho8l/embedded diploma/units_lab/unit7_lesson3/Drivers/Stm32_F1103C6_Drivers/inc" -O0 -ffunction-sections -fdata-sections -Wall -fstack-usage -MMD -MP -MF"Stm32_F1103C6_Drivers/Stm32_F1103C6_gpio_driver.d" -MT"Stm32_F1103C6_Drivers/Stm32_F1103C6_gpio_driver.o" --specs=nano.specs -mfloat-abi=soft -mthumb -o "Stm32_F1103C6_Drivers/Stm32_F1103C6_gpio_driver.o"
../Stm32_F1103C6_Drivers/Stm32_F1103C6_gpio_driver.c: In function 'MCAL_GPIO_Init':
../Stm32_F1103C6_Drivers/Stm32_F1103C6_gpio_driver.c:72:37: warning: initialization makes integer from pointer without a cast [-Wint-conversion]
  volatile uint32_t configregister = NULL ;
                                     ^~~~
../Stm32_F1103C6_Drivers/Stm32_F1103C6_gpio_driver.c:75:17: warning: assignment makes integer from pointer without a cast [-Wint-conversion]
  configregister = (PinConfig->GPIO_PinNumber < GPIO_PIN_8)? &GPIOx->CRL : &GPIOx->CRH ;
                 ^
../Stm32_F1103C6_Drivers/Stm32_F1103C6_gpio_driver.c:117:2: error: invalid type argument of unary '*' (have 'uint32_t {aka volatile long unsigned int}')
  *configregister |= ((Pin_Conf) << Get_CRLH_POSITION(PinConfig->GPIO_PinNumber));
  ^~~~~~~~~~~~~~~
../Stm32_F1103C6_Drivers/Stm32_F1103C6_gpio_driver.c: In function 'MCAL_GPIO_ReadPin':
../Stm32_F1103C6_Drivers/Stm32_F1103C6_gpio_driver.c:129:1: warning: control reaches end of non-void function [-Wreturn-type]
 }
 ^
../Stm32_F1103C6_Drivers/Stm32_F1103C6_gpio_driver.c: In function 'MCAL_GPIO_ReadPort':
../Stm32_F1103C6_Drivers/Stm32_F1103C6_gpio_driver.c:134:1: warning: control reaches end of non-void function [-Wreturn-type]
 }
 ^
../Stm32_F1103C6_Drivers/Stm32_F1103C6_gpio_driver.c: In function 'MCAL_GPIO_LockPin':
../Stm32_F1103C6_Drivers/Stm32_F1103C6_gpio_driver.c:154:1: warning: control reaches end of non-void function [-Wreturn-type]
 }
 ^
make: *** [Stm32_F1103C6_Drivers/subdir.mk:18: Stm32_F1103C6_Drivers/Stm32_F1103C6_gpio_driver.o] Error 1
"make -j12 all" terminated with exit code 2. Build might be incomplete.
23:47:39 **** Incremental Build of configuration Debug for project Drivers ****
make -j12 all 
arm-none-eabi-gcc -gdwarf-2 "../Stm32_F1103C6_Drivers/Stm32_F1103C6_gpio_driver.c" -mcpu=cortex-m3 -std=gnu11 -g3 -DSTM32 -DSTM32F1 -DSTM32F103C6Tx -DDEBUG -c -I../Inc -I"D:/sho8l/embedded diploma/units_lab/unit7_lesson3/Drivers/Stm32_F1103C6_Drivers/inc" -O0 -ffunction-sections -fdata-sections -Wall -fstack-usage -MMD -MP -MF"Stm32_F1103C6_Drivers/Stm32_F1103C6_gpio_driver.d" -MT"Stm32_F1103C6_Drivers/Stm32_F1103C6_gpio_driver.o" --specs=nano.specs -mfloat-abi=soft -mthumb -o "Stm32_F1103C6_Drivers/Stm32_F1103C6_gpio_driver.o"
../Stm32_F1103C6_Drivers/Stm32_F1103C6_gpio_driver.c: In function 'MCAL_GPIO_Init':
../Stm32_F1103C6_Drivers/Stm32_F1103C6_gpio_driver.c:72:37: warning: initialization makes integer from pointer without a cast [-Wint-conversion]
  volatile uint32_t configregister = NULL ;
                                     ^~~~
../Stm32_F1103C6_Drivers/Stm32_F1103C6_gpio_driver.c:75:17: warning: assignment makes integer from pointer without a cast [-Wint-conversion]
  configregister = (PinConfig->GPIO_PinNumber < GPIO_PIN_8)? &GPIOx->CRL : &GPIOx->CRH ;
                 ^
../Stm32_F1103C6_Drivers/Stm32_F1103C6_gpio_driver.c:78:3: error: invalid type argument of unary '*' (have 'uint32_t {aka volatile long unsigned int}')
  (*configregister) &= ~(0xf << Get_CRLH_POSITION(PinConfig->GPIO_PinNumber));
   ^~~~~~~~~~~~~~~
../Stm32_F1103C6_Drivers/Stm32_F1103C6_gpio_driver.c:117:2: error: invalid type argument of unary '*' (have 'uint32_t {aka volatile long unsigned int}')
  *configregister |= ((Pin_Conf) << Get_CRLH_POSITION(PinConfig->GPIO_PinNumber));
  ^~~~~~~~~~~~~~~
../Stm32_F1103C6_Drivers/Stm32_F1103C6_gpio_driver.c: In function 'MCAL_GPIO_ReadPin':
../Stm32_F1103C6_Drivers/Stm32_F1103C6_gpio_driver.c:129:1: warning: control reaches end of non-void function [-Wreturn-type]
 }
 ^
../Stm32_F1103C6_Drivers/Stm32_F1103C6_gpio_driver.c: In function 'MCAL_GPIO_ReadPort':
../Stm32_F1103C6_Drivers/Stm32_F1103C6_gpio_driver.c:134:1: warning: control reaches end of non-void function [-Wreturn-type]
 }
 ^
../Stm32_F1103C6_Drivers/Stm32_F1103C6_gpio_driver.c: In function 'MCAL_GPIO_LockPin':
../Stm32_F1103C6_Drivers/Stm32_F1103C6_gpio_driver.c:154:1: warning: control reaches end of non-void function [-Wreturn-type]
 }
 ^
make: *** [Stm32_F1103C6_Drivers/subdir.mk:18: Stm32_F1103C6_Drivers/Stm32_F1103C6_gpio_driver.o] Error 1
"make -j12 all" terminated with exit code 2. Build might be incomplete.
23:47:55 **** Incremental Build of configuration Debug for project Drivers ****
make -j12 all 
arm-none-eabi-gcc -gdwarf-2 "../Stm32_F1103C6_Drivers/Stm32_F1103C6_gpio_driver.c" -mcpu=cortex-m3 -std=gnu11 -g3 -DSTM32 -DSTM32F1 -DSTM32F103C6Tx -DDEBUG -c -I../Inc -I"D:/sho8l/embedded diploma/units_lab/unit7_lesson3/Drivers/Stm32_F1103C6_Drivers/inc" -O0 -ffunction-sections -fdata-sections -Wall -fstack-usage -MMD -MP -MF"Stm32_F1103C6_Drivers/Stm32_F1103C6_gpio_driver.d" -MT"Stm32_F1103C6_Drivers/Stm32_F1103C6_gpio_driver.o" --specs=nano.specs -mfloat-abi=soft -mthumb -o "Stm32_F1103C6_Drivers/Stm32_F1103C6_gpio_driver.o"
../Stm32_F1103C6_Drivers/Stm32_F1103C6_gpio_driver.c: In function 'MCAL_GPIO_ReadPin':
../Stm32_F1103C6_Drivers/Stm32_F1103C6_gpio_driver.c:129:1: warning: control reaches end of non-void function [-Wreturn-type]
 }
 ^
../Stm32_F1103C6_Drivers/Stm32_F1103C6_gpio_driver.c: In function 'MCAL_GPIO_ReadPort':
../Stm32_F1103C6_Drivers/Stm32_F1103C6_gpio_driver.c:134:1: warning: control reaches end of non-void function [-Wreturn-type]
 }
 ^
../Stm32_F1103C6_Drivers/Stm32_F1103C6_gpio_driver.c: In function 'MCAL_GPIO_LockPin':
../Stm32_F1103C6_Drivers/Stm32_F1103C6_gpio_driver.c:154:1: warning: control reaches end of non-void function [-Wreturn-type]
 }
 ^
arm-none-eabi-gcc -gdwarf-2 -o "Drivers.elf" @"objects.list"   -mcpu=cortex-m3 -T"D:\sho8l\embedded diploma\units_lab\unit7_lesson3\Drivers\STM32F103C6TX_FLASH.ld" --specs=nosys.specs -Wl,-Map="Drivers.map" -Wl,--gc-sections -static --specs=nano.specs -mfloat-abi=soft -mthumb -Wl,--start-group -lc -lm -Wl,--end-group
Finished building target: Drivers.elf
 
arm-none-eabi-objdump -h -S  Drivers.elf  > "Drivers.list"
arm-none-eabi-objcopy  -O binary  Drivers.elf  "Drivers.bin"
arm-none-eabi-size   Drivers.elf 
   text	   data	    bss	    dec	    hex	filename
    556	      8	   1568	   2132	    854	Drivers.elf
Finished building: default.size.stdout
 
Finished building: Drivers.bin
Finished building: Drivers.list
 
 
23:48:40 **** Incremental Build of configuration Debug for project Drivers ****
make -j12 all 
arm-none-eabi-gcc -gdwarf-2 "../Stm32_F1103C6_Drivers/Stm32_F1103C6_gpio_driver.c" -mcpu=cortex-m3 -std=gnu11 -g3 -DSTM32 -DSTM32F1 -DSTM32F103C6Tx -DDEBUG -c -I../Inc -I"D:/sho8l/embedded diploma/units_lab/unit7_lesson3/Drivers/Stm32_F1103C6_Drivers/inc" -O0 -ffunction-sections -fdata-sections -Wall -fstack-usage -MMD -MP -MF"Stm32_F1103C6_Drivers/Stm32_F1103C6_gpio_driver.d" -MT"Stm32_F1103C6_Drivers/Stm32_F1103C6_gpio_driver.o" --specs=nano.specs -mfloat-abi=soft -mthumb -o "Stm32_F1103C6_Drivers/Stm32_F1103C6_gpio_driver.o"
../Stm32_F1103C6_Drivers/Stm32_F1103C6_gpio_driver.c: In function 'MCAL_GPIO_ReadPin':
../Stm32_F1103C6_Drivers/Stm32_F1103C6_gpio_driver.c:129:1: warning: control reaches end of non-void function [-Wreturn-type]
 }
 ^
../Stm32_F1103C6_Drivers/Stm32_F1103C6_gpio_driver.c: In function 'MCAL_GPIO_ReadPort':
../Stm32_F1103C6_Drivers/Stm32_F1103C6_gpio_driver.c:134:1: warning: control reaches end of non-void function [-Wreturn-type]
 }
 ^
../Stm32_F1103C6_Drivers/Stm32_F1103C6_gpio_driver.c: In function 'MCAL_GPIO_LockPin':
../Stm32_F1103C6_Drivers/Stm32_F1103C6_gpio_driver.c:154:1: warning: control reaches end of non-void function [-Wreturn-type]
 }
 ^
arm-none-eabi-gcc -gdwarf-2 -o "Drivers.elf" @"objects.list"   -mcpu=cortex-m3 -T"D:\sho8l\embedded diploma\units_lab\unit7_lesson3\Drivers\STM32F103C6TX_FLASH.ld" --specs=nosys.specs -Wl,-Map="Drivers.map" -Wl,--gc-sections -static --specs=nano.specs -mfloat-abi=soft -mthumb -Wl,--start-group -lc -lm -Wl,--end-group
Finished building target: Drivers.elf
 
arm-none-eabi-objdump -h -S  Drivers.elf  > "Drivers.list"
arm-none-eabi-objcopy  -O binary  Drivers.elf  "Drivers.bin"
arm-none-eabi-size   Drivers.elf 
   text	   data	    bss	    dec	    hex	filename
    556	      8	   1568	   2132	    854	Drivers.elf
Finished building: default.size.stdout
 
Finished building: Drivers.bin
Finished building: Drivers.list
 
 
23:58:03 **** Incremental Build of configuration Debug for project Drivers ****
make -j12 all 
[...]
make -j12 all 
arm-none-eabi-gcc -gdwarf-2 "../Src/main.c" -mcpu=cortex-m3 -std=gnu11 -g3 -DSTM32 -DSTM32F1 -DSTM32F103C6Tx -DDEBUG -c -I../Inc -I"D:/sho8l/embedded diploma/units_lab/unit7_lesson3/Drivers/HAL/LCD_Driver" -I"D:/sho8l/embedded diploma/units_lab/unit7_lesson3/Drivers/HAL/Keypad_Driver" -I"D:/sho8l/embedded diploma/units_lab/unit7_lesson3/Drivers/Stm32_F1103C6_Drivers/inc" -O0 -ffunction-sections -fdata-sections -Wall -fstack-usage -MMD -MP -MF"Src/main.d" -MT"Src/main.o" --specs=nano.specs -mfloat-abi=soft -mthumb -o "Src/main.o"
../Src/main.c: In function 'EXT9_CallBack':
../Src/main.c:47:5: warning: 'main' is normally a non-static function [-Wmain]
 int main(void)
     ^~~~
../Src/main.c:86:1: error: expected declaration or statement at end of input
 }
 ^
At top level:
../Src/main.c:47:5: warning: 'main' defined but not used [-Wunused-function]
 int main(void)
     ^~~~
make: *** [Src/subdir.mk:24: Src/main.o] Error 1
"make -j12 all" terminated with exit code 2. Build might be incomplete.
05:57:18 **** Incremental Build of configuration Debug for project Drivers ****
make -j12 all 
arm-none-eabi-gcc -gdwarf-2 "../Src/main.c" -mcpu=cortex-m3 -std=gnu11 -g3 -DSTM32 -DSTM32F1 -DSTM32F103C6Tx -DDEBUG -c -I../Inc -I"D:/sho8l/embedded diploma/units_lab/unit7_lesson3/Drivers/HAL/LCD_Driver" -I"D:/sho8l/embedded diploma/units_lab/unit7_lesson3/Drivers/HAL/Keypad_Driver" -I"D:/sho8l/embedded diploma/units_lab/unit7_lesson3/Drivers/Stm32_F1103C6_Drivers/inc" -O0 -ffunction-sections -fdata-sections -Wall -fstack-usage -MMD -MP -MF"Src/main.d" -MT"Src/main.o" --specs=nano.specs -mfloat-abi=soft -mthumb -o "Src/main.o"
arm-none-eabi-gcc -gdwarf-2 -o "Drivers.elf" @"objects.list"   -mcpu=cortex-m3 -T"D:\sho8l\embedded diploma\units_lab\unit7_lesson3\Drivers\STM32F103C6TX_FLASH.ld" --specs=nosys.specs -Wl,-Map="Drivers.map" -Wl,--gc-sections -static --specs=nano.specs -mfloat-abi=soft -mthumb -Wl,--start-group -lc -lm -Wl,--end-group
Finished building target: Drivers.elf
 
arm-none-eabi-objdump -h -S  Drivers.elf  > "Drivers.list"
arm-none-eabi-objcopy  -O binary  Drivers.elf  "Drivers.bin"
arm-none-eabi-size   Drivers.elf 
   text	   data	    bss	    dec	    hex	filename
   2772	      8	   1632	   4412	   113c	Drivers.elf
Finished building: default.size.stdout
 
Finished building: Drivers.bin
Finished building: Drivers.list
 
 
05:58:29 **** Incremental Build of configuration Debug for project Drivers ****
make -j12 all 
arm-none-eabi-gcc -gdwarf-2 "../Src/main.c" -mcpu=cortex-m3 -std=gnu11 -g3 -DSTM32 -DSTM32F1 -DSTM32F103C6Tx -DDEBUG -c -I../Inc -I"D:/sho8l/embedded diploma/units_lab/unit7_lesson3/Drivers/HAL/LCD_Driver" -I"D:/sho8l/embedded diploma/units_lab/unit7_lesson3/Drivers/HAL/Keypad_Driver" -I"D:/sho8l/embedded diploma/units_lab/unit7_lesson3/Drivers/Stm32_F1103C6_Drivers/inc" -O0 -ffunction-sections -fdata-sections -Wall -fstack-usage -MMD -MP -MF"Src/main.d" -MT"Src/main.o" --specs=nano.specs -mfloat-abi=soft -mthumb -o "Src/main.o"
../Src/main.c: In function 'EXT9_CallBack':
../Src/main.c:43:2: warning: implicit declaration of function 'LCD_displayString' [-Wimplicit-function-declaration]
  LCD_displayString("IRQ EXT9 is happened _|-");
  ^~~~~~~~~~~~~~~~~
../Src/main.c: In function 'main':
../Src/main.c:53:2: warning: implicit declaration of function 'LCD_init'; did you mean '__sinit'? [-Wimplicit-function-declaration]
  LCD_init();
  ^~~~~~~~
  __sinit
../Src/main.c:54:2: warning: implicit declaration of function 'LCD_clearScreen' [-Wimplicit-function-declaration]
  LCD_clearScreen();
  ^~~~~~~~~~~~~~~
arm-none-eabi-gcc -gdwarf-2 -o "Drivers.elf" @"objects.list"   -mcpu=cortex-m3 -T"D:\sho8l\embedded diploma\units_lab\unit7_lesson3\Drivers\STM32F103C6TX_FLASH.ld" --specs=nosys.specs -Wl,-Map="Drivers.map" -Wl,--gc-sections -static --specs=nano.specs -mfloat-abi=soft -mthumb -Wl,--start-group -lc -lm -Wl,--end-group
Src/main.o: In function `EXT9_CallBack':
D:/sho8l/embedded diploma/units_lab/unit7_lesson3/Drivers/Debug/../Src/main.c:43: undefined reference to `LCD_displayString'
Src/main.o: In function `main':
D:/sho8l/embedded diploma/units_lab/unit7_lesson3/Drivers/Debug/../Src/main.c:53: undefined reference to `LCD_init'
D:/sho8l/embedded diploma/units_lab/unit7_lesson3/Drivers/Debug/../Src/main.c:54: undefined reference to `LCD_clearScreen'
D:/sho8l/embedded diploma/units_lab/unit7_lesson3/Drivers/Debug/../Src/main.c:66: undefined reference to `LCD_displayString'
D:/sho8l/embedded diploma/units_lab/unit7_lesson3/Drivers/Debug/../Src/main.c:73: undefined reference to `LCD_displayString'
collect2.exe: error: ld returned 1 exit status
make: *** [makefile:52: Drivers.elf] Error 1
"make -j12 all" terminated with exit code 2. Build might be incomplete.
05:58:51 **** Incremental Build of configuration Debug for project Drivers ****
make -j12 all 
arm-none-eabi-gcc -gdwarf-2 "../Src/main.c" -mcpu=cortex-m3 -std=gnu11 -g3 -DSTM32 -DSTM32F1 -DSTM32F103C6Tx -DDEBUG -c -I../Inc -I"D:/sho8l/embedded diploma/units_lab/unit7_lesson3/Drivers/HAL/LCD_Driver" -I"D:/sho8l/embedded diploma/units_lab/unit7_lesson3/Drivers/HAL/Keypad_Driver" -I"D:/sho8l/embedded diploma/units_lab/unit7_lesson3/Drivers/Stm32_F1103C6_Drivers/inc" -O0 -ffunction-sections -fdata-sections -Wall -fstack-usage -MMD -MP -MF"Src/main.d" -MT"Src/main.o" --specs=nano.specs -mfloat-abi=soft -mthumb -o "Src/main.o"
arm-none-eabi-gcc -gdwarf-2 "../HAL/LCD_Driver/STM32F103C6_LCD.c" -mcpu=cortex-m3 -std=gnu11 -g3 -DSTM32 -DSTM32F1 -DSTM32F103C6Tx -DDEBUG -c -I../Inc -I"D:/sho8l/embedded diploma/units_lab/unit7_lesson3/Drivers/HAL/LCD_Driver" -I"D:/sho8l/embedded diploma/units_lab/unit7_lesson3/Drivers/HAL/Keypad_Driver" -I"D:/sho8l/embedded diploma/units_lab/unit7_lesson3/Drivers/Stm32_F1103C6_Drivers/inc" -O0 -ffunction-sections -fdata-sections -Wall -fstack-usage -MMD -MP -MF"HAL/LCD_Driver/STM32F103C6_LCD.d" -MT"HAL/LCD_Driver/STM32F103C6_LCD.o" --specs=nano.specs -mfloat-abi=soft -mthumb -o "HAL/LCD_Driver/STM32F103C6_LCD.o"
arm-none-eabi-gcc -gdwarf-2 "../HAL/Keypad_Driver/STM32F103C6_KEYPAD.c" -mcpu=cortex-m3 -std=gnu11 -g3 -DSTM32 -DSTM32F1 -DSTM32F103C6Tx -DDEBUG -c -I../Inc -I"D:/sho8l/embedded diploma/units_lab/unit7_lesson3/Drivers/HAL/LCD_Driver" -I"D:/sho8l/embedded diploma/units_lab/unit7_lesson3/Drivers/HAL/Keypad_Driver" -I"D:/sho8l/embedded diploma/units_lab/unit7_lesson3/Drivers/Stm32_F1103C6_Drivers/inc" -O0 -ffunction-sections -fdata-sections -Wall -fstack-usage -MMD -MP -MF"HAL/Keypad_Driver/STM32F103C6_KEYPAD.d" -MT"HAL/Keypad_Driver/STM32F103C6_KEYPAD.o" --specs=nano.specs -mfloat-abi=soft -mthumb -o "HAL/Keypad_Driver/STM32F103C6_KEYPAD.o"
arm-none-eabi-gcc -gdwarf-2 -o "Drivers.elf" @"objects.list"   -mcpu=cortex-m3 -T"D:\sho8l\embedded diploma\units_lab\unit7_lesson3\Drivers\STM32F103C6TX_FLASH.ld" --specs=nosys.specs -Wl,-Map="Drivers.map" -Wl,--gc-sections -static --specs=nano.specs -mfloat-abi=soft -mthumb -Wl,--start-group -lc -lm -Wl,--end-group
Finished building target: Drivers.elf
 
arm-none-eabi-objdump -h -S  Drivers.elf  > "Drivers.list"
arm-none-eabi-objcopy  -O binary  Drivers.elf  "Drivers.bin"
arm-none-eabi-size   Drivers.elf 
   text	   data	    bss	    dec	    hex	filename
   3388	      8	   1632	   5028	   13a4	Drivers.elf
Finished building: default.size.stdout
 
Finished building: Drivers.bin
Finished building: Drivers.list
 
 
05:58:55 **** Incremental Build of configuration Debug for project Drivers ****
make -j12 all 
arm-none-eabi-size   Drivers.elf 
   text	   data	    bss	    dec	    hex	filename
   3388	      8	   1632	   5028	   13a4	Drivers.elf
Finished building: default.size.stdout
 
06:00:18 **** Incremental Build of configuration Debug for project Drivers ****
make -j12 all 
arm-none-eabi-gcc -gdwarf-2 "../Src/main.c" -mcpu=cortex-m3 -std=gnu11 -g3 -DSTM32 -DSTM32F1 -DSTM32F103C6Tx -DDEBUG -c -I../Inc -I"D:/sho8l/embedded diploma/units_lab/unit7_lesson3/Drivers/HAL/LCD_Driver" -I"D:/sho8l/embedded diploma/units_lab/unit7_lesson3/Drivers/HAL/Keypad_Driver" -I"D:/sho8l/embedded diploma/units_lab/unit7_lesson3/Drivers/Stm32_F1103C6_Drivers/inc" -O0 -ffunction-sections -fdata-sections -Wall -fstack-usage -MMD -MP -MF"Src/main.d" -MT"Src/main.o" --specs=nano.specs -mfloat-abi=soft -mthumb -o "Src/main.o"
../Src/main.c: In function 'main':
../Src/main.c:72:4: warning: implicit declaration of function 'LCD_clear_screen'; did you mean 'LCD_clearScreen'? [-Wimplicit-function-declaration]
    LCD_clear_screen();
    ^~~~~~~~~~~~~~~~
    LCD_clearScreen
arm-none-eabi-gcc -gdwarf-2 -o "Drivers.elf" @"objects.list"   -mcpu=cortex-m3 -T"D:\sho8l\embedded diploma\units_lab\unit7_lesson3\Drivers\STM32F103C6TX_FLASH.ld" --specs=nosys.specs -Wl,-Map="Drivers.map" -Wl,--gc-sections -static --specs=nano.specs -mfloat-abi=soft -mthumb -Wl,--start-group -lc -lm -Wl,--end-group
Src/main.o: In function `main':
D:/sho8l/embedded diploma/units_lab/unit7_lesson3/Drivers/Debug/../Src/main.c:72: undefined reference to `LCD_clear_screen'
collect2.exe: error: ld returned 1 exit status
make: *** [makefile:52: Drivers.elf] Error 1
"make -j12 all" terminated with exit code 2. Build might be incomplete.
06:00:38 **** Incremental Build of configuration Debug for project Drivers ****
make -j12 all 
arm-none-eabi-gcc -gdwarf-2 "../Src/main.c" -mcpu=cortex-m3 -std=gnu11 -g3 -DSTM32 -DSTM32F1 -DSTM32F103C6Tx -DDEBUG -c -I../Inc -I"D:/sho8l/embedded diploma/units_lab/unit7_lesson3/Drivers/HAL/LCD_Driver" -I"D:/sho8l/embedded diploma/units_lab/unit7_lesson3/Drivers/HAL/Keypad_Driver" -I"D:/sho8l/embedded diploma/units_lab/unit7_lesson3/Drivers/Stm32_F1103C6_Drivers/inc" -O0 -ffunction-sections -fdata-sections -Wall -fstack-usage -MMD -MP -MF"Src/main.d" -MT"Src/main.o" --specs=nano.specs -mfloat-abi=soft -mthumb -o "Src/main.o"
arm-none-eabi-gcc -gdwarf-2 -o "Drivers.elf" @"objects.list"   -mcpu=cortex-m3 -T"D:\sho8l\embedded diploma\units_lab\unit7_lesson3\Drivers\STM32F103C6TX_FLASH.ld" --specs=nosys.specs -Wl,-Map="Drivers.map" -Wl,--gc-sections -static --specs=nano.specs -mfloat-abi=soft -mthumb -Wl,--start-group -lc -lm -Wl,--end-group
Finished building target: Drivers.elf
 
arm-none-eabi-objdump -h -S  Drivers.elf  > "Drivers.list"
arm-none-eabi-objcopy  -O binary  Drivers.elf  "Drivers.bin"
arm-none-eabi-size   Drivers.elf 
   text	   data	    bss	    dec	    hex	filename
   3372	      8	   1632	   5012	   1394	Drivers.elf
Finished building: default.size.stdout
 
Finished building: Drivers.bin
Finished building: Drivers.list
 
 
06:02:17 **** Incremental Build of configuration Debug for project Drivers ****
make -j12 all 
arm-none-eabi-gcc -gdwarf-2 "../Src/main.c" -mcpu=cortex-m3 -std=gnu11 -g3 -DSTM32 -DSTM32F1 -DSTM32F103C6Tx -DDEBUG -c -I../Inc -I"D:/sho8l/embedded diploma/units_lab/unit7_lesson3/Drivers/HAL/LCD_Driver" -I"D:/sho8l/embedded diploma/units_lab/unit7_lesson3/Drivers/HAL/Keypad_Driver" -I"D:/sho8l/embedded diploma/units_lab/unit7_lesson3/Drivers/Stm32_F1103C6_Drivers/inc" -O0 -ffunction-sections -fdata-sections -Wall -fstack-usage -MMD -MP -MF"Src/main.d" -MT"Src/main.o" --specs=nano.specs -mfloat-abi=soft -mthumb -o "Src/main.o"
arm-none-eabi-gcc -gdwarf-2 -o "Drivers.elf" @"objects.list"   -mcpu=cortex-m3 -T"D:\sho8l\embedded diploma\units_lab\unit7_lesson3\Drivers\STM32F103C6TX_FLASH.ld" --specs=nosys.specs -Wl,-Map="Drivers.map" -Wl,--gc-sections -static --specs=nano.specs -mfloat-abi=soft -mthumb -Wl,--start-group -lc -lm -Wl,--end-group
Finished building target: Drivers.elf
 
arm-none-eabi-objdump -h -S  Drivers.elf  > "Drivers.list"
arm-none-eabi-objcopy  -O binary  Drivers.elf  "Drivers.bin"
arm-none-eabi-size   Drivers.elf 
   text	   data	    bss	    dec	    hex	filename
   3360	      8	   1632	   5000	   1388	Drivers.elf
Finished building: default.size.stdout
 
Finished building: Drivers.bin
Finished building: Drivers.list
 
 
06:05:55 **** Incremental Build of configuration Debug for project Drivers ****
make -j12 all 
arm-none-eabi-gcc -gdwarf-2 "../Src/main.c" -mcpu=cortex-m3 -std=gnu11 -g3 -DSTM32 -DSTM32F1 -DSTM32F103C6Tx -DDEBUG -c -I../Inc -I"D:/sho8l/embedded diploma/units_lab/unit7_lesson3/Drivers/HAL/LCD_Driver" -I"D:/sho8l/embedded diploma/units_lab/unit7_lesson3/Drivers/HAL/Keypad_Driver" -I"D:/sho8l/embedded diploma/units_lab/unit7_lesson3/Drivers/Stm32_F1103C6_Drivers/inc" -O0 -ffunction-sections -fdata-sections -Wall -fstack-usage -MMD -MP -MF"Src/main.d" -MT"Src/main.o" --specs=nano.specs -mfloat-abi=soft -mthumb -o "Src/main.o"
arm-none-eabi-gcc -gdwarf-2 -o "Drivers.elf" @"objects.list"   -mcpu=cortex-m3 -T"D:\sho8l\embedded diploma\units_lab\unit7_lesson3\Drivers\STM32F103C6TX_FLASH.ld" --specs=nosys.specs -Wl,-Map="Drivers.map" -Wl,--gc-sections -static --specs=nano.specs -mfloat-abi=soft -mthumb -Wl,--start-group -lc -lm -Wl,--end-group
Finished building target: Drivers.elf
 
arm-none-eabi-objdump -h -S  Drivers.elf  > "Drivers.list"
arm-none-eabi-objcopy  -O binary  Drivers.elf  "Drivers.bin"
arm-none-eabi-size   Drivers.elf 
   text	   data	    bss	    dec	    hex	filename
   3356	      8	   1632	   4996	   1384	Drivers.elf
Finished building: default.size.stdout
 
Finished building: Drivers.bin
Finished building: Drivers.list
 
 
06:07:58 **** Incremental Build of configuration Debug for project Drivers ****
make -j12 all 
arm-none-eabi-gcc -gdwarf-2 "../Src/main.c" -mcpu=cortex-m3 -std=gnu11 -g3 -DSTM32 -DSTM32F1 -DSTM32F103C6Tx -DDEBUG -c -I../Inc -I"D:/sho8l/embedded diploma/units_lab/unit7_lesson3/Drivers/HAL/LCD_Driver" -I"D:/sho8l/embedded diploma/units_lab/unit7_lesson3/Drivers/HAL/Keypad_Driver" -I"D:/sho8l/embedded diploma/units_lab/unit7_lesson3/Drivers/Stm32_F1103C6_Drivers/inc" -O0 -ffunction-sections -fdata-sections -Wall -fstack-usage -MMD -MP -MF"Src/main.d" -MT"Src/main.o" --specs=nano.specs -mfloat-abi=soft -mthumb -o "Src/main.o"
arm-none-eabi-gcc -gdwarf-2 -o "Drivers.elf" @"objects.list"   -mcpu=cortex-m3 -T"D:\sho8l\embedded diploma\units_lab\unit7_lesson3\Drivers\STM32F103C6TX_FLASH.ld" --specs=nosys.specs -Wl,-Map="Drivers.map" -Wl,--gc-sections -static --specs=nano.specs -mfloat-abi=soft -mthumb -Wl,--start-group -lc -lm -Wl,--end-group
Finished building target: Drivers.elf
 
arm-none-eabi-objdump -h -S  Drivers.elf  > "Drivers.list"
arm-none-eabi-objcopy  -O binary  Drivers.elf  "Drivers.bin"
arm-none-eabi-size   Drivers.elf 
   text	   data	    bss	    dec	    hex	filename
   3356	      8	   1632	   4996	   1384	Drivers.elf
Finished building: default.size.stdout
 
Finished building: Drivers.bin
Finished building: Drivers.list
 
 
06:09:25 **** Incremental Build of configuration Debug for project Drivers ****
make -j12 all 
arm-none-eabi-gcc -gdwarf-2 "../Src/main.c" -mcpu=cortex-m3 -std=gnu11 -g3 -DSTM32 -DSTM32F1 -DSTM32F103C6Tx -DDEBUG -c -I../Inc -I"D:/sho8l/embedded diploma/units_lab/unit7_lesson3/Drivers/HAL/LCD_Driver" -I"D:/sho8l/embedded diploma/units_lab/unit7_lesson3/Drivers/HAL/Keypad_Driver" -I"D:/sho8l/embedded diploma/units_lab/unit7_lesson3/Drivers/Stm32_F1103C6_Drivers/inc" -O0 -ffunction-sections -fdata-sections -Wall -fstack-usage -MMD -MP -MF"Src/main.d" -MT"Src/main.o" --specs=nano.specs -mfloat-abi=soft -mthumb -o "Src/main.o"
arm-none-eabi-gcc -gdwarf-2 -o "Drivers.elf" @"objects.list"   -mcpu=cortex-m3 -T"D:\sho8l\embedded diploma\units_lab\unit7_lesson3\Drivers\STM32F103C6TX_FLASH.ld" --specs=nosys.specs -Wl,-Map="Drivers.map" -Wl,--gc-sections -static --specs=nano.specs -mfloat-abi=soft -mthumb -Wl,--start-group -lc -lm -Wl,--end-group
Finished building target: Drivers.elf
 
arm-none-eabi-objdump -h -S  Drivers.elf  > "Drivers.list"
arm-none-eabi-objcopy  -O binary  Drivers.elf  "Drivers.bin"
arm-none-eabi-size   Drivers.elf 
   text	   data	    bss	    dec	    hex	filename
   3356	      8	   1632	   4996	   1384	Drivers.elf
Finished building: default.size.stdout
 
Finished building: Drivers.bin
Finished building: Drivers.list
 
 
06:10:37 **** Incremental Build of configuration Debug for project Drivers ****
make -j12 all 
arm-none-eabi-gcc -gdwarf-2 "../Src/main.c" -mcpu=cortex-m3 -std=gnu11 -g3 -DSTM32 -DSTM32F1 -DSTM32F103C6Tx -DDEBUG -c -I../Inc -I"D:/sho8l/embedded diploma/units_lab/unit7_lesson3/Drivers/HAL/LCD_Driver" -I"D:/sho8l/embedded diploma/units_lab/unit7_lesson3/Drivers/HAL/Keypad_Driver" -I"D:/sho8l/embedded diploma/units_lab/unit7_lesson3/Drivers/Stm32_F1103C6_Drivers/inc" -O0 -ffunction-sections -fdata-sections -Wall -fstack-usage -MMD -MP -MF"Src/main.d" -MT"Src/main.o" --specs=nano.specs -mfloat-abi=soft -mthumb -o "Src/main.o"
arm-none-eabi-gcc -gdwarf-2 -o "Drivers.elf" @"objects.list"   -mcpu=cortex-m3 -T"D:\sho8l\embedded diploma\units_lab\unit7_lesson3\Drivers\STM32F103C6TX_FLASH.ld" --specs=nosys.specs -Wl,-Map="Drivers.map" -Wl,--gc-sections -static --specs=nano.specs -mfloat-abi=soft -mthumb -Wl,--start-group -lc -lm -Wl,--end-group
Finished building target: Drivers.elf
 
arm-none-eabi-objdump -h -S  Drivers.elf  > "Drivers.list"
arm-none-eabi-objcopy  -O binary  Drivers.elf  "Drivers.bin"
arm-none-eabi-size   Drivers.elf 
   text	   data	    bss	    dec	    hex	filename
   3356	      8	   1632	   4996	   1384	Drivers.elf
Finished building: default.size.stdout
 
Finished building: Drivers.bin
Finished building: Drivers.list
 
 
06:13:51 **** Incremental Build of configuration Debug for project Drivers ****
make -j12 all 
arm-none-eabi-gcc -gdwarf-2 "../Src/main.c" -mcpu=cortex-m3 -std=gnu11 -g3 -DSTM32 -DSTM32F1 -DSTM32F103C6Tx -DDEBUG -c -I../Inc -I"D:/sho8l/embedded diploma/units_lab/unit7_lesson3/Drivers/HAL/LCD_Driver" -I"D:/sho8l/embedded diploma/units_lab/unit7_lesson3/Drivers/HAL/Keypad_Driver" -I"D:/sho8l/embedded diploma/units_lab/unit7_lesson3/Drivers/Stm32_F1103C6_Drivers/inc" -O0 -ffunction-sections -fdata-sections -Wall -fstack-usage -MMD -MP -MF"Src/main.d" -MT"Src/main.o" --specs=nano.specs -mfloat-abi=soft -mthumb -o "Src/main.o"
arm-none-eabi-gcc -gdwarf-2 -o "Drivers.elf" @"objects.list"   -mcpu=cortex-m3 -T"D:\sho8l\embedded diploma\units_lab\unit7_lesson3\Drivers\STM32F103C6TX_FLASH.ld" --specs=nosys.specs -Wl,-Map="Drivers.map" -Wl,--gc-sections -static --specs=nano.specs -mfloat-abi=soft -mthumb -Wl,--start-group -lc -lm -Wl,--end-group
Finished building target: Drivers.elf
 
arm-none-eabi-objdump -h -S  Drivers.elf  > "Drivers.list"
arm-none-eabi-objcopy  -O binary  Drivers.elf  "Drivers.bin"
arm-none-eabi-size   Drivers.elf 
   text	   data	    bss	    dec	    hex	filename
   3360	      8	   1632	   5000	   1388	Drivers.elf
Finished building: default.size.stdout
 
Finished building: Drivers.bin
Finished building: Drivers.list
 
 
06:18:09 **** Incremental Build of configuration Debug for project Drivers ****
make -j12 all 
arm-none-eabi-gcc -gdwarf-2 "../Src/main.c" -mcpu=cortex-m3 -std=gnu11 -g3 -DSTM32 -DSTM32F1 -DSTM32F103C6Tx -DDEBUG -c -I../Inc -I"D:/sho8l/embedded diploma/units_lab/unit7_lesson3/Drivers/HAL/LCD_Driver" -I"D:/sho8l/embedded diploma/units_lab/unit7_lesson3/Drivers/HAL/Keypad_Driver" -I"D:/sho8l/embedded diploma/units_lab/unit7_lesson3/Drivers/Stm32_F1103C6_Drivers/inc" -O0 -ffunction-sections -fdata-sections -Wall -fstack-usage -MMD -MP -MF"Src/main.d" -MT"Src/main.o" --specs=nano.specs -mfloat-abi=soft -mthumb -o "Src/main.o"
arm-none-eabi-gcc -gdwarf-2 -o "Drivers.elf" @"objects.list"   -mcpu=cortex-m3 -T"D:\sho8l\embedded diploma\units_lab\unit7_lesson3\Drivers\STM32F103C6TX_FLASH.ld" --specs=nosys.specs -Wl,-Map="Drivers.map" -Wl,--gc-sections -static --specs=nano.specs -mfloat-abi=soft -mthumb -Wl,--start-group -lc -lm -Wl,--end-group
Finished building target: Drivers.elf
 
arm-none-eabi-objdump -h -S  Drivers.elf  > "Drivers.list"
arm-none-eabi-objcopy  -O binary  Drivers.elf  "Drivers.bin"
arm-none-eabi-size   Drivers.elf 
   text	   data	    bss	    dec	    hex	filename
   3372	      8	   1632	   5012	   1394	Drivers.elf
Finished building: default.size.stdout
 
Finished building: Drivers.bin
Finished building: Drivers.list
 
 
