Stm32_F103C6_EXTI_driver.c:28:6:NVIC_Enable	16	static
Stm32_F103C6_EXTI_driver.c:65:6:NVIC_Disable	16	static
Stm32_F103C6_EXTI_driver.c:109:6:MCAL_EXTI_GPIO_DeInit	4	static
Stm32_F103C6_EXTI_driver.c:127:6:MCAL_EXTI_GPIO_Init	16	static
Stm32_F103C6_EXTI_driver.c:132:6:MCAL_EXTI_GPIO_Update	24	static
Stm32_F103C6_EXTI_driver.c:187:6:EXTI0_IRQHandler	8	static
Stm32_F103C6_EXTI_driver.c:195:6:EXTI1_IRQHandler	8	static
Stm32_F103C6_EXTI_driver.c:203:6:EXTI2_IRQHandler	8	static
Stm32_F103C6_EXTI_driver.c:211:6:EXTI3_IRQHandler	8	static
Stm32_F103C6_EXTI_driver.c:219:6:EXTI4_IRQHandler	8	static
Stm32_F103C6_EXTI_driver.c:227:6:EXTI9_5_IRQHandler	8	static
Stm32_F103C6_EXTI_driver.c:257:6:EXTI15_10_IRQHandler	8	static
