Stm32_F103C6_USART_driver.c:21:6:MCAL_UART_Init	24	static
Stm32_F103C6_USART_driver.c:82:6:MCAL_UART_DeInit	16	static
Stm32_F103C6_USART_driver.c:102:6:MCAL_UART_GPIO_SetPins	24	static
Stm32_F103C6_USART_driver.c:206:6:MCAL_UART_SendData	24	static
Stm32_F103C6_USART_driver.c:219:6:MCAL_UART_ReceiveData	24	static
Stm32_F103C6_USART_driver.c:242:6:MCAL_UART_WAIT_TC	16	static
Stm32_F103C6_USART_driver.c:249:6:USART1_IRQHandler	8	static
Stm32_F103C6_USART_driver.c:254:6:USART2_IRQHandler	8	static
Stm32_F103C6_USART_driver.c:259:6:USART3_IRQHandler	8	static
