Archive member included to satisfy reference by file (symbol)

c:/st/stm32cubeide_1.4.0/stm32cubeide/plugins/com.st.stm32cube.ide.mcu.externaltools.gnu-tools-for-stm32.7-2018-q2-update.win32_1.4.0.202007081208/tools/bin/../lib/gcc/arm-none-eabi/7.3.1/../../../../arm-none-eabi/lib/thumb/v7-m\libc_nano.a(lib_a-errno.o)
                              Src/syscalls.o (__errno)
c:/st/stm32cubeide_1.4.0/stm32cubeide/plugins/com.st.stm32cube.ide.mcu.externaltools.gnu-tools-for-stm32.7-2018-q2-update.win32_1.4.0.202007081208/tools/bin/../lib/gcc/arm-none-eabi/7.3.1/../../../../arm-none-eabi/lib/thumb/v7-m\libc_nano.a(lib_a-exit.o)
                              c:/st/stm32cubeide_1.4.0/stm32cubeide/plugins/com.st.stm32cube.ide.mcu.externaltools.gnu-tools-for-stm32.7-2018-q2-update.win32_1.4.0.202007081208/tools/bin/../lib/gcc/arm-none-eabi/7.3.1/../../../../arm-none-eabi/lib/thumb/v7-m/crt0.o (exit)
c:/st/stm32cubeide_1.4.0/stm32cubeide/plugins/com.st.stm32cube.ide.mcu.externaltools.gnu-tools-for-stm32.7-2018-q2-update.win32_1.4.0.202007081208/tools/bin/../lib/gcc/arm-none-eabi/7.3.1/../../../../arm-none-eabi/lib/thumb/v7-m\libc_nano.a(lib_a-impure.o)
                              c:/st/stm32cubeide_1.4.0/stm32cubeide/plugins/com.st.stm32cube.ide.mcu.externaltools.gnu-tools-for-stm32.7-2018-q2-update.win32_1.4.0.202007081208/tools/bin/../lib/gcc/arm-none-eabi/7.3.1/../../../../arm-none-eabi/lib/thumb/v7-m\libc_nano.a(lib_a-exit.o) (_global_impure_ptr)
c:/st/stm32cubeide_1.4.0/stm32cubeide/plugins/com.st.stm32cube.ide.mcu.externaltools.gnu-tools-for-stm32.7-2018-q2-update.win32_1.4.0.202007081208/tools/bin/../lib/gcc/arm-none-eabi/7.3.1/../../../../arm-none-eabi/lib/thumb/v7-m\libc_nano.a(lib_a-init.o)
                              c:/st/stm32cubeide_1.4.0/stm32cubeide/plugins/com.st.stm32cube.ide.mcu.externaltools.gnu-tools-for-stm32.7-2018-q2-update.win32_1.4.0.202007081208/tools/bin/../lib/gcc/arm-none-eabi/7.3.1/../../../../arm-none-eabi/lib/thumb/v7-m/crt0.o (__libc_init_array)
c:/st/stm32cubeide_1.4.0/stm32cubeide/plugins/com.st.stm32cube.ide.mcu.externaltools.gnu-tools-for-stm32.7-2018-q2-update.win32_1.4.0.202007081208/tools/bin/../lib/gcc/arm-none-eabi/7.3.1/../../../../arm-none-eabi/lib/thumb/v7-m\libc_nano.a(lib_a-memset.o)
                              c:/st/stm32cubeide_1.4.0/stm32cubeide/plugins/com.st.stm32cube.ide.mcu.externaltools.gnu-tools-for-stm32.7-2018-q2-update.win32_1.4.0.202007081208/tools/bin/../lib/gcc/arm-none-eabi/7.3.1/../../../../arm-none-eabi/lib/thumb/v7-m/crt0.o (memset)

Allocating common symbols
Common symbol       size              file

Global_SPI_Config2  0x18              Stm32_F103C6_Drivers/Stm32_F103C6_SPI_driver.o
PinCfg              0x4               HAL/Keypad_Driver/STM32F103C6_KEYPAD.o
Global_SPI_Config1  0x18              Stm32_F103C6_Drivers/Stm32_F103C6_SPI_driver.o
GP_IRQ_CallBack     0x3c              Stm32_F103C6_Drivers/Stm32_F103C6_EXTI_driver.o

Discarded input sections

 .text          0x0000000000000000        0x0 c:/st/stm32cubeide_1.4.0/stm32cubeide/plugins/com.st.stm32cube.ide.mcu.externaltools.gnu-tools-for-stm32.7-2018-q2-update.win32_1.4.0.202007081208/tools/bin/../lib/gcc/arm-none-eabi/7.3.1/thumb/v7-m/crti.o
 .data          0x0000000000000000        0x0 c:/st/stm32cubeide_1.4.0/stm32cubeide/plugins/com.st.stm32cube.ide.mcu.externaltools.gnu-tools-for-stm32.7-2018-q2-update.win32_1.4.0.202007081208/tools/bin/../lib/gcc/arm-none-eabi/7.3.1/thumb/v7-m/crti.o
 .bss           0x0000000000000000        0x0 c:/st/stm32cubeide_1.4.0/stm32cubeide/plugins/com.st.stm32cube.ide.mcu.externaltools.gnu-tools-for-stm32.7-2018-q2-update.win32_1.4.0.202007081208/tools/bin/../lib/gcc/arm-none-eabi/7.3.1/thumb/v7-m/crti.o
 .data          0x0000000000000000        0x4 c:/st/stm32cubeide_1.4.0/stm32cubeide/plugins/com.st.stm32cube.ide.mcu.externaltools.gnu-tools-for-stm32.7-2018-q2-update.win32_1.4.0.202007081208/tools/bin/../lib/gcc/arm-none-eabi/7.3.1/thumb/v7-m/crtbegin.o
 .text          0x0000000000000000       0x74 c:/st/stm32cubeide_1.4.0/stm32cubeide/plugins/com.st.stm32cube.ide.mcu.externaltools.gnu-tools-for-stm32.7-2018-q2-update.win32_1.4.0.202007081208/tools/bin/../lib/gcc/arm-none-eabi/7.3.1/../../../../arm-none-eabi/lib/thumb/v7-m/crt0.o
 .data          0x0000000000000000        0x0 c:/st/stm32cubeide_1.4.0/stm32cubeide/plugins/com.st.stm32cube.ide.mcu.externaltools.gnu-tools-for-stm32.7-2018-q2-update.win32_1.4.0.202007081208/tools/bin/../lib/gcc/arm-none-eabi/7.3.1/../../../../arm-none-eabi/lib/thumb/v7-m/crt0.o
 .bss           0x0000000000000000        0x0 c:/st/stm32cubeide_1.4.0/stm32cubeide/plugins/com.st.stm32cube.ide.mcu.externaltools.gnu-tools-for-stm32.7-2018-q2-update.win32_1.4.0.202007081208/tools/bin/../lib/gcc/arm-none-eabi/7.3.1/../../../../arm-none-eabi/lib/thumb/v7-m/crt0.o
[...]
Memory Configuration

Name             Origin             Length             Attributes
RAM              0x0000000020000000 0x0000000000002800 xrw
ROM              0x0000000008000000 0x0000000000008000 xr
*default*        0x0000000000000000 0xffffffffffffffff

Linker script and memory map

LOAD c:/st/stm32cubeide_1.4.0/stm32cubeide/plugins/com.st.stm32cube.ide.mcu.externaltools.gnu-tools-for-stm32.7-2018-q2-update.win32_1.4.0.202007081208/tools/bin/../lib/gcc/arm-none-eabi/7.3.1/thumb/v7-m/crti.o
LOAD c:/st/stm32cubeide_1.4.0/stm32cubeide/plugins/com.st.stm32cube.ide.mcu.externaltools.gnu-tools-for-stm32.7-2018-q2-update.win32_1.4.0.202007081208/tools/bin/../lib/gcc/arm-none-eabi/7.3.1/thumb/v7-m/crtbegin.o
LOAD c:/st/stm32cubeide_1.4.0/stm32cubeide/plugins/com.st.stm32cube.ide.mcu.externaltools.gnu-tools-for-stm32.7-2018-q2-update.win32_1.4.0.202007081208/tools/bin/../lib/gcc/arm-none-eabi/7.3.1/../../../../arm-none-eabi/lib/thumb/v7-m/crt0.o
LOAD HAL/I2C_Slave_EEPROM/STM32F103C6_EEPROM.o
LOAD HAL/Keypad_Driver/STM32F103C6_KEYPAD.o
LOAD HAL/LCD_Driver/STM32F103C6_LCD.o
LOAD Src/main.o
LOAD Src/syscalls.o
LOAD Src/sysmem.o
LOAD Startup/startup_stm32f103c6tx.o
LOAD Stm32_F103C6_Drivers/Stm32_F103C6_EXTI_driver.o
LOAD Stm32_F103C6_Drivers/Stm32_F103C6_I2C_driver.o
LOAD Stm32_F103C6_Drivers/Stm32_F103C6_RCC_driver.o
LOAD Stm32_F103C6_Drivers/Stm32_F103C6_SPI_driver.o
LOAD Stm32_F103C6_Drivers/Stm32_F103C6_USART_driver.o
LOAD Stm32_F103C6_Drivers/Stm32_F103C6_gpio_driver.o
START GROUP
LOAD c:/st/stm32cubeide_1.4.0/stm32cubeide/plugins/com.st.stm32cube.ide.mcu.externaltools.gnu-tools-for-stm32.7-2018-q2-update.win32_1.4.0.202007081208/tools/bin/../lib/gcc/arm-none-eabi/7.3.1/../../../../arm-none-eabi/lib/thumb/v7-m\libc_nano.a
LOAD c:/st/stm32cubeide_1.4.0/stm32cubeide/plugins/com.st.stm32cube.ide.mcu.externaltools.gnu-tools-for-stm32.7-2018-q2-update.win32_1.4.0.202007081208/tools/bin/../lib/gcc/arm-none-eabi/7.3.1/../../../../arm-none-eabi/lib/thumb/v7-m\libm.a
END GROUP
START GROUP
LOAD c:/st/stm32cubeide_1.4.0/stm32cubeide/plugins/com.st.stm32cube.ide.mcu.externaltools.gnu-tools-for-stm32.7-2018-q2-update.win32_1.4.0.202007081208/tools/bin/../lib/gcc/arm-none-eabi/7.3.1/thumb/v7-m\libgcc.a
LOAD c:/st/stm32cubeide_1.4.0/stm32cubeide/plugins/com.st.stm32cube.ide.mcu.externaltools.gnu-tools-for-stm32.7-2018-q2-update.win32_1.4.0.202007081208/tools/bin/../lib/gcc/arm-none-eabi/7.3.1/../../../../arm-none-eabi/lib/thumb/v7-m\libg_nano.a
LOAD c:/st/stm32cubeide_1.4.0/stm32cubeide/plugins/com.st.stm32cube.ide.mcu.externaltools.gnu-tools-for-stm32.7-2018-q2-update.win32_1.4.0.202007081208/tools/bin/../lib/gcc/arm-none-eabi/7.3.1/../../../../arm-none-eabi/lib/thumb/v7-m\libc_nano.a
END GROUP
START GROUP
LOAD c:/st/stm32cubeide_1.4.0/stm32cubeide/plugins/com.st.stm32cube.ide.mcu.externaltools.gnu-tools-for-stm32.7-2018-q2-update.win32_1.4.0.202007081208/tools/bin/../lib/gcc/arm-none-eabi/7.3.1/thumb/v7-m\libgcc.a
LOAD c:/st/stm32cubeide_1.4.0/stm32cubeide/plugins/com.st.stm32cube.ide.mcu.externaltools.gnu-tools-for-stm32.7-2018-q2-update.win32_1.4.0.202007081208/tools/bin/../lib/gcc/arm-none-eabi/7.3.1/../../../../arm-none-eabi/lib/thumb/v7-m\libc_nano.a
LOAD c:/st/stm32cubeide_1.4.0/stm32cubeide/plugins/com.st.stm32cube.ide.mcu.externaltools.gnu-tools-for-stm32.7-2018-q2-update.win32_1.4.0.202007081208/tools/bin/../lib/gcc/arm-none-eabi/7.3.1/../../../../arm-none-eabi/lib/thumb/v7-m\libnosys.a
END GROUP
START GROUP
LOAD c:/st/stm32cubeide_1.4.0/stm32cubeide/plugins/com.st.stm32cube.ide.mcu.externaltools.gnu-tools-for-stm32.7-2018-q2-update.win32_1.4.0.202007081208/tools/bin/../lib/gcc/arm-none-eabi/7.3.1/thumb/v7-m\libgcc.a
LOAD c:/st/stm32cubeide_1.4.0/stm32cubeide/plugins/com.st.stm32cube.ide.mcu.externaltools.gnu-tools-for-stm32.7-2018-q2-update.win32_1.4.0.202007081208/tools/bin/../lib/gcc/arm-none-eabi/7.3.1/../../../../arm-none-eabi/lib/thumb/v7-m\libc_nano.a
LOAD c:/st/stm32cubeide_1.4.0/stm32cubeide/plugins/com.st.stm32cube.ide.mcu.externaltools.gnu-tools-for-stm32.7-2018-q2-update.win32_1.4.0.202007081208/tools/bin/../lib/gcc/arm-none-eabi/7.3.1/../../../../arm-none-eabi/lib/thumb/v7-m\libnosys.a
END GROUP
LOAD c:/st/stm32cubeide_1.4.0/stm32cubeide/plugins/com.st.stm32cube.ide.mcu.externaltools.gnu-tools-for-stm32.7-2018-q2-update.win32_1.4.0.202007081208/tools/bin/../lib/gcc/arm-none-eabi/7.3.1/thumb/v7-m/crtend.o
LOAD c:/st/stm32cubeide_1.4.0/stm32cubeide/plugins/com.st.stm32cube.ide.mcu.externaltools.gnu-tools-for-stm32.7-2018-q2-update.win32_1.4.0.202007081208/tools/bin/../lib/gcc/arm-none-eabi/7.3.1/thumb/v7-m/crtn.o
                0x0000000020002800                _estack = (ORIGIN (RAM) + LENGTH (RAM))
                0x0000000000000200                _Min_Heap_Size = 0x200
                0x0000000000000400                _Min_Stack_Size = 0x400

.isr_vector     0x0000000008000000      0x130
                0x0000000008000000                . = ALIGN (0x4)
 *(.isr_vector)
 .isr_vector    0x0000000008000000      0x130 Startup/startup_stm32f103c6tx.o
                0x0000000008000000                g_pfnVectors
                0x0000000008000130                . = ALIGN (0x4)

.text           0x0000000008000130      0xf74
                0x0000000008000130                . = ALIGN (0x4)
 *(.text)
 .text          0x0000000008000130       0x40 c:/st/stm32cubeide_1.4.0/stm32cubeide/plugins/com.st.stm32cube.ide.mcu.externaltools.gnu-tools-for-stm32.7-2018-q2-update.win32_1.4.0.202007081208/tools/bin/../lib/gcc/arm-none-eabi/7.3.1/thumb/v7-m/crtbegin.o
 *(.text*)
 .text.EEPROM_Init
                0x0000000008000170       0x40 HAL/I2C_Slave_EEPROM/STM32F103C6_EEPROM.o
                0x0000000008000170                EEPROM_Init
 .text.EEPROM_Write_NBytes
                0x00000000080001b0       0xa4 HAL/I2C_Slave_EEPROM/STM32F103C6_EEPROM.o
                0x00000000080001b0                EEPROM_Write_NBytes
 .text.EEPROM_Read_Byte
                0x0000000008000254       0x58 HAL/I2C_Slave_EEPROM/STM32F103C6_EEPROM.o
                0x0000000008000254                EEPROM_Read_Byte
 .text.clock_init
                0x00000000080002ac       0x34 Src/main.o
                0x00000000080002ac                clock_init
 .text.main     0x00000000080002e0       0x7c Src/main.o
                0x00000000080002e0                main
 .text.Reset_Handler
                0x000000000800035c       0x50 Startup/startup_stm32f103c6tx.o
                0x000000000800035c                Reset_Handler
 .text.Default_Handler
                0x00000000080003ac        0x2 Startup/startup_stm32f103c6tx.o
                0x00000000080003ac                TIM8_TRG_COM_IRQHandler
                0x00000000080003ac                TIM8_CC_IRQHandler
                0x00000000080003ac                DebugMon_Handler
                0x00000000080003ac                TIM1_CC_IRQHandler
                0x00000000080003ac                HardFault_Handler
                0x00000000080003ac                TIM6_IRQHandler
                0x00000000080003ac                SysTick_Handler
                0x00000000080003ac                PVD_IRQHandler
                0x00000000080003ac                SDIO_IRQHandler
                0x00000000080003ac                PendSV_Handler
                0x00000000080003ac                NMI_Handler
                0x00000000080003ac                USB_HP_CAN_TX_IRQHandler
                0x00000000080003ac                UsageFault_Handler
                0x00000000080003ac                ADC1_2_IRQHandler
                0x00000000080003ac                CAN_SCE_IRQHandler
                0x00000000080003ac                TAMPER_IRQHandler
                0x00000000080003ac                TIM8_UP_IRQHandler
                0x00000000080003ac                DMA2_Channel2_IRQHandler
                0x00000000080003ac                DMA1_Channel4_IRQHandler
                0x00000000080003ac                RTC_IRQHandler
                0x00000000080003ac                DMA1_Channel7_IRQHandler
                0x00000000080003ac                UART5_IRQHandler
                0x00000000080003ac                ADC3_IRQHandler
                0x00000000080003ac                TIM4_IRQHandler
                0x00000000080003ac                CAN_RX1_IRQHandler
                0x00000000080003ac                DMA2_Channel1_IRQHandler
                0x00000000080003ac                DMA1_Channel6_IRQHandler
                0x00000000080003ac                UART4_IRQHandler
                0x00000000080003ac                TIM3_IRQHandler
                0x00000000080003ac                RCC_IRQHandler
                0x00000000080003ac                TIM1_TRG_COM_IRQHandler
                0x00000000080003ac                DMA1_Channel1_IRQHandler
                0x00000000080003ac                Default_Handler
                0x00000000080003ac                TIM7_IRQHandler
                0x00000000080003ac                TIM5_IRQHandler
                0x00000000080003ac                USB_LP_CAN_RX0_IRQHandler
                0x00000000080003ac                MemManage_Handler
                0x00000000080003ac                SVC_Handler
                0x00000000080003ac                DMA1_Channel5_IRQHandler
                0x00000000080003ac                DMA1_Channel3_IRQHandler
                0x00000000080003ac                FSMC_IRQHandler
                0x00000000080003ac                TIM1_UP_IRQHandler
                0x00000000080003ac                WWDG_IRQHandler
                0x00000000080003ac                TIM2_IRQHandler
                0x00000000080003ac                TIM1_BRK_IRQHandler
                0x00000000080003ac                RTCAlarm_IRQHandler
                0x00000000080003ac                DMA2_Channel4_5_IRQHandler
                0x00000000080003ac                DMA1_Channel2_IRQHandler
                0x00000000080003ac                TIM8_BRK_IRQHandler
                0x00000000080003ac                FLASH_IRQHandler
                0x00000000080003ac                BusFault_Handler
                0x00000000080003ac                SPI3_IRQHandler
                0x00000000080003ac                DMA2_Channel3_IRQHandler
 *fill*         0x00000000080003ae        0x2 
 .text.EXTI0_IRQHandler
                0x00000000080003b0       0x24 Stm32_F103C6_Drivers/Stm32_F103C6_EXTI_driver.o
                0x00000000080003b0                EXTI0_IRQHandler
 .text.EXTI1_IRQHandler
                0x00000000080003d4       0x24 Stm32_F103C6_Drivers/Stm32_F103C6_EXTI_driver.o
                0x00000000080003d4                EXTI1_IRQHandler
 .text.EXTI2_IRQHandler
                0x00000000080003f8       0x24 Stm32_F103C6_Drivers/Stm32_F103C6_EXTI_driver.o
                0x00000000080003f8                EXTI2_IRQHandler
 .text.EXTI3_IRQHandler
                0x000000000800041c       0x24 Stm32_F103C6_Drivers/Stm32_F103C6_EXTI_driver.o
                0x000000000800041c                EXTI3_IRQHandler
 .text.EXTI4_IRQHandler
                0x0000000008000440       0x24 Stm32_F103C6_Drivers/Stm32_F103C6_EXTI_driver.o
                0x0000000008000440                EXTI4_IRQHandler
 .text.EXTI9_5_IRQHandler
                0x0000000008000464       0x8c Stm32_F103C6_Drivers/Stm32_F103C6_EXTI_driver.o
                0x0000000008000464                EXTI9_5_IRQHandler
 .text.EXTI15_10_IRQHandler
                0x00000000080004f0       0xac Stm32_F103C6_Drivers/Stm32_F103C6_EXTI_driver.o
                0x00000000080004f0                EXTI15_10_IRQHandler
 .text.MCAL_I2C_Init
                0x000000000800059c      0x228 Stm32_F103C6_Drivers/Stm32_F103C6_I2C_driver.o
                0x000000000800059c                MCAL_I2C_Init
 .text.MCAL_I2C_GPIO_Set_Pins
                0x00000000080007c4       0x94 Stm32_F103C6_Drivers/Stm32_F103C6_I2C_driver.o
                0x00000000080007c4                MCAL_I2C_GPIO_Set_Pins
 .text.I2C_ACKConfig
                0x0000000008000858       0x36 Stm32_F103C6_Drivers/Stm32_F103C6_I2C_driver.o
                0x0000000008000858                I2C_ACKConfig
 *fill*         0x000000000800088e        0x2 
 .text.MCAL_I2C_Master_Rx
                0x0000000008000890       0xf4 Stm32_F103C6_Drivers/Stm32_F103C6_I2C_driver.o
                0x0000000008000890                MCAL_I2C_Master_Rx
 .text.MCAL_I2C_Master_Tx
                0x0000000008000984       0xb0 Stm32_F103C6_Drivers/Stm32_F103C6_I2C_driver.o
                0x0000000008000984                MCAL_I2C_Master_Tx
 .text.I2C_GenerateStart
                0x0000000008000a34       0x4e Stm32_F103C6_Drivers/Stm32_F103C6_I2C_driver.o
                0x0000000008000a34                I2C_GenerateStart
 .text.I2C_GenerateStop
                0x0000000008000a82       0x36 Stm32_F103C6_Drivers/Stm32_F103C6_I2C_driver.o
                0x0000000008000a82                I2C_GenerateStop
 .text.I2C_SendADD
                0x0000000008000ab8       0x40 Stm32_F103C6_Drivers/Stm32_F103C6_I2C_driver.o
                0x0000000008000ab8                I2C_SendADD
 .text.I2C_Get_FlagStatus
                0x0000000008000af8       0xf4 Stm32_F103C6_Drivers/Stm32_F103C6_I2C_driver.o
                0x0000000008000af8                I2C_Get_FlagStatus
 .text.I2C1_EV_IRQHandler
                0x0000000008000bec       0xf4 Stm32_F103C6_Drivers/Stm32_F103C6_I2C_driver.o
                0x0000000008000bec                I2C1_EV_IRQHandler
 .text.I2C1_ER_IRQHandler
                0x0000000008000ce0        0xc Stm32_F103C6_Drivers/Stm32_F103C6_I2C_driver.o
                0x0000000008000ce0                I2C1_ER_IRQHandler
 .text.I2C2_EV_IRQHandler
                0x0000000008000cec        0xc Stm32_F103C6_Drivers/Stm32_F103C6_I2C_driver.o
                0x0000000008000cec                I2C2_EV_IRQHandler
 .text.I2C2_ER_IRQHandler
                0x0000000008000cf8        0xc Stm32_F103C6_Drivers/Stm32_F103C6_I2C_driver.o
                0x0000000008000cf8                I2C2_ER_IRQHandler
 .text.MCAL_RCC_Get_SYSCLK_FREQ
                0x0000000008000d04       0x40 Stm32_F103C6_Drivers/Stm32_F103C6_RCC_driver.o
                0x0000000008000d04                MCAL_RCC_Get_SYSCLK_FREQ
 .text.MCAL_RCC_Get_HCLK_FREQ
                0x0000000008000d44       0x28 Stm32_F103C6_Drivers/Stm32_F103C6_RCC_driver.o
                0x0000000008000d44                MCAL_RCC_Get_HCLK_FREQ
 .text.MCAL_RCC_Get_PCLK1_FREQ
                0x0000000008000d6c       0x28 Stm32_F103C6_Drivers/Stm32_F103C6_RCC_driver.o
                0x0000000008000d6c                MCAL_RCC_Get_PCLK1_FREQ
 .text.SPI1_IRQHandler
                0x0000000008000d94       0x58 Stm32_F103C6_Drivers/Stm32_F103C6_SPI_driver.o
                0x0000000008000d94                SPI1_IRQHandler
 .text.SPI2_IRQHandler
                0x0000000008000dec       0x58 Stm32_F103C6_Drivers/Stm32_F103C6_SPI_driver.o
                0x0000000008000dec                SPI2_IRQHandler
 .text.USART1_IRQHandler
                0x0000000008000e44       0x14 Stm32_F103C6_Drivers/Stm32_F103C6_USART_driver.o
                0x0000000008000e44                USART1_IRQHandler
 .text.USART2_IRQHandler
                0x0000000008000e58       0x14 Stm32_F103C6_Drivers/Stm32_F103C6_USART_driver.o
                0x0000000008000e58                USART2_IRQHandler
 .text.USART3_IRQHandler
                0x0000000008000e6c       0x14 Stm32_F103C6_Drivers/Stm32_F103C6_USART_driver.o
                0x0000000008000e6c                USART3_IRQHandler
 .text.Get_CRLH_POSITION
                0x0000000008000e80       0xc6 Stm32_F103C6_Drivers/Stm32_F103C6_gpio_driver.o
                0x0000000008000e80                Get_CRLH_POSITION
 .text.MCAL_GPIO_Init
                0x0000000008000f46       0xfe Stm32_F103C6_Drivers/Stm32_F103C6_gpio_driver.o
                0x0000000008000f46                MCAL_GPIO_Init
 .text.__libc_init_array
                0x0000000008001044       0x48 c:/st/stm32cubeide_1.4.0/stm32cubeide/plugins/com.st.stm32cube.ide.mcu.externaltools.gnu-tools-for-stm32.7-2018-q2-update.win32_1.4.0.202007081208/tools/bin/../lib/gcc/arm-none-eabi/7.3.1/../../../../arm-none-eabi/lib/thumb/v7-m\libc_nano.a(lib_a-init.o)
                0x0000000008001044                __libc_init_array
 *(.glue_7)
 .glue_7        0x000000000800108c        0x0 linker stubs
 *(.glue_7t)
 .glue_7t       0x000000000800108c        0x0 linker stubs
 *(.eh_frame)
 .eh_frame      0x000000000800108c        0x0 c:/st/stm32cubeide_1.4.0/stm32cubeide/plugins/com.st.stm32cube.ide.mcu.externaltools.gnu-tools-for-stm32.7-2018-q2-update.win32_1.4.0.202007081208/tools/bin/../lib/gcc/arm-none-eabi/7.3.1/thumb/v7-m/crtbegin.o
 *(.init)
 .init          0x000000000800108c        0x4 c:/st/stm32cubeide_1.4.0/stm32cubeide/plugins/com.st.stm32cube.ide.mcu.externaltools.gnu-tools-for-stm32.7-2018-q2-update.win32_1.4.0.202007081208/tools/bin/../lib/gcc/arm-none-eabi/7.3.1/thumb/v7-m/crti.o
                0x000000000800108c                _init
 .init          0x0000000008001090        0x8 c:/st/stm32cubeide_1.4.0/stm32cubeide/plugins/com.st.stm32cube.ide.mcu.externaltools.gnu-tools-for-stm32.7-2018-q2-update.win32_1.4.0.202007081208/tools/bin/../lib/gcc/arm-none-eabi/7.3.1/thumb/v7-m/crtn.o
 *(.fini)
 .fini          0x0000000008001098        0x4 c:/st/stm32cubeide_1.4.0/stm32cubeide/plugins/com.st.stm32cube.ide.mcu.externaltools.gnu-tools-for-stm32.7-2018-q2-update.win32_1.4.0.202007081208/tools/bin/../lib/gcc/arm-none-eabi/7.3.1/thumb/v7-m/crti.o
                0x0000000008001098                _fini
 .fini          0x000000000800109c        0x8 c:/st/stm32cubeide_1.4.0/stm32cubeide/plugins/com.st.stm32cube.ide.mcu.externaltools.gnu-tools-for-stm32.7-2018-q2-update.win32_1.4.0.202007081208/tools/bin/../lib/gcc/arm-none-eabi/7.3.1/thumb/v7-m/crtn.o
                0x00000000080010a4                . = ALIGN (0x4)
                0x00000000080010a4                _etext = .

.vfp11_veneer   0x00000000080010a4        0x0
 .vfp11_veneer  0x00000000080010a4        0x0 linker stubs

.v4_bx          0x00000000080010a4        0x0
 .v4_bx         0x00000000080010a4        0x0 linker stubs

.iplt           0x00000000080010a4        0x0
 .iplt          0x00000000080010a4        0x0 c:/st/stm32cubeide_1.4.0/stm32cubeide/plugins/com.st.stm32cube.ide.mcu.externaltools.gnu-tools-for-stm32.7-2018-q2-update.win32_1.4.0.202007081208/tools/bin/../lib/gcc/arm-none-eabi/7.3.1/thumb/v7-m/crtbegin.o

.rodata         0x00000000080010a4       0x20
                0x00000000080010a4                . = ALIGN (0x4)
 *(.rodata)
 .rodata        0x00000000080010a4        0x7 Src/main.o
 *(.rodata*)
 *fill*         0x00000000080010ab        0x1 
 .rodata.APB_Prescalar
                0x00000000080010ac        0x8 Stm32_F103C6_Drivers/Stm32_F103C6_RCC_driver.o
                0x00000000080010ac                APB_Prescalar
 .rodata.AHB_Prescalar
                0x00000000080010b4       0x10 Stm32_F103C6_Drivers/Stm32_F103C6_RCC_driver.o
                0x00000000080010b4                AHB_Prescalar
                0x00000000080010c4                . = ALIGN (0x4)

.rel.dyn        0x00000000080010c4        0x0
 .rel.iplt      0x00000000080010c4        0x0 c:/st/stm32cubeide_1.4.0/stm32cubeide/plugins/com.st.stm32cube.ide.mcu.externaltools.gnu-tools-for-stm32.7-2018-q2-update.win32_1.4.0.202007081208/tools/bin/../lib/gcc/arm-none-eabi/7.3.1/thumb/v7-m/crtbegin.o

.ARM.extab      0x00000000080010c4        0x0
                0x00000000080010c4                . = ALIGN (0x4)
 *(.ARM.extab* .gnu.linkonce.armextab.*)
                0x00000000080010c4                . = ALIGN (0x4)

.ARM            0x00000000080010c4        0x0
                0x00000000080010c4                . = ALIGN (0x4)
                0x00000000080010c4                __exidx_start = .
 *(.ARM.exidx*)
                0x00000000080010c4                __exidx_end = .
                0x00000000080010c4                . = ALIGN (0x4)

.preinit_array  0x00000000080010c4        0x0
                0x00000000080010c4                . = ALIGN (0x4)
                0x00000000080010c4                PROVIDE (__preinit_array_start = .)
 *(.preinit_array*)
                0x00000000080010c4                PROVIDE (__preinit_array_end = .)
                0x00000000080010c4                . = ALIGN (0x4)

.init_array     0x00000000080010c4        0x4
                0x00000000080010c4                . = ALIGN (0x4)
                0x00000000080010c4                PROVIDE (__init_array_start = .)
 *(SORT_BY_NAME(.init_array.*))
 *(.init_array*)
 .init_array    0x00000000080010c4        0x4 c:/st/stm32cubeide_1.4.0/stm32cubeide/plugins/com.st.stm32cube.ide.mcu.externaltools.gnu-tools-for-stm32.7-2018-q2-update.win32_1.4.0.202007081208/tools/bin/../lib/gcc/arm-none-eabi/7.3.1/thumb/v7-m/crtbegin.o
                0x00000000080010c8                PROVIDE (__init_array_end = .)
                0x00000000080010c8                . = ALIGN (0x4)

.fini_array     0x00000000080010c8        0x4
                0x00000000080010c8                . = ALIGN (0x4)
                [!provide]                        PROVIDE (__fini_array_start = .)
 *(SORT_BY_NAME(.fini_array.*))
 *(.fini_array*)
 .fini_array    0x00000000080010c8        0x4 c:/st/stm32cubeide_1.4.0/stm32cubeide/plugins/com.st.stm32cube.ide.mcu.externaltools.gnu-tools-for-stm32.7-2018-q2-update.win32_1.4.0.202007081208/tools/bin/../lib/gcc/arm-none-eabi/7.3.1/thumb/v7-m/crtbegin.o
                [!provide]                        PROVIDE (__fini_array_end = .)
                0x00000000080010cc                . = ALIGN (0x4)
                0x00000000080010cc                _sidata = LOADADDR (.data)

.data           0x0000000020000000        0x0 load address 0x00000000080010cc
                0x0000000020000000                . = ALIGN (0x4)
                0x0000000020000000                _sdata = .
 *(.data)
 *(.data*)
                0x0000000020000000                . = ALIGN (0x4)
                0x0000000020000000                _edata = .

.igot.plt       0x0000000020000000        0x0 load address 0x00000000080010cc
 .igot.plt      0x0000000020000000        0x0 c:/st/stm32cubeide_1.4.0/stm32cubeide/plugins/com.st.stm32cube.ide.mcu.externaltools.gnu-tools-for-stm32.7-2018-q2-update.win32_1.4.0.202007081208/tools/bin/../lib/gcc/arm-none-eabi/7.3.1/thumb/v7-m/crtbegin.o
                0x0000000020000000                . = ALIGN (0x4)

.bss            0x0000000020000000       0xac load address 0x00000000080010cc
                0x0000000020000000                _sbss = .
                0x0000000020000000                __bss_start__ = _sbss
 *(.bss)
 .bss           0x0000000020000000       0x1c c:/st/stm32cubeide_1.4.0/stm32cubeide/plugins/com.st.stm32cube.ide.mcu.externaltools.gnu-tools-for-stm32.7-2018-q2-update.win32_1.4.0.202007081208/tools/bin/../lib/gcc/arm-none-eabi/7.3.1/thumb/v7-m/crtbegin.o
 *(.bss*)
 .bss.Global_I2C_Config
                0x000000002000001c       0x48 Stm32_F103C6_Drivers/Stm32_F103C6_I2C_driver.o
                0x000000002000001c                Global_I2C_Config
 .bss.Global_SPI_Config
                0x0000000020000064        0x8 Stm32_F103C6_Drivers/Stm32_F103C6_SPI_driver.o
                0x0000000020000064                Global_SPI_Config
 .bss.Global_UART_Config
                0x000000002000006c        0x4 Stm32_F103C6_Drivers/Stm32_F103C6_USART_driver.o
                0x000000002000006c                Global_UART_Config
 *(COMMON)
 COMMON         0x0000000020000070       0x3c Stm32_F103C6_Drivers/Stm32_F103C6_EXTI_driver.o
                0x0000000020000070                GP_IRQ_CallBack
                0x00000000200000ac                . = ALIGN (0x4)
                0x00000000200000ac                _ebss = .
                0x00000000200000ac                __bss_end__ = _ebss

._user_heap_stack
                0x00000000200000ac      0x604 load address 0x00000000080010cc
                0x00000000200000b0                . = ALIGN (0x8)
 *fill*         0x00000000200000ac        0x4 
                [!provide]                        PROVIDE (end = .)
                0x00000000200000b0                PROVIDE (_end = .)
                0x00000000200002b0                . = (. + _Min_Heap_Size)
 *fill*         0x00000000200000b0      0x200 
                0x00000000200006b0                . = (. + _Min_Stack_Size)
 *fill*         0x00000000200002b0      0x400 
                0x00000000200006b0                . = ALIGN (0x8)

/DISCARD/
 libc.a(*)
 libm.a(*)
 libgcc.a(*)

.ARM.attributes
                0x0000000000000000       0x29
 *(.ARM.attributes)
 .ARM.attributes
                0x0000000000000000       0x1d c:/st/stm32cubeide_1.4.0/stm32cubeide/plugins/com.st.stm32cube.ide.mcu.externaltools.gnu-tools-for-stm32.7-2018-q2-update.win32_1.4.0.202007081208/tools/bin/../lib/gcc/arm-none-eabi/7.3.1/thumb/v7-m/crti.o
 .ARM.attributes
                0x000000000000001d       0x2d c:/st/stm32cubeide_1.4.0/stm32cubeide/plugins/com.st.stm32cube.ide.mcu.externaltools.gnu-tools-for-stm32.7-2018-q2-update.win32_1.4.0.202007081208/tools/bin/../lib/gcc/arm-none-eabi/7.3.1/thumb/v7-m/crtbegin.o
 .ARM.attributes
                0x000000000000004a       0x33 HAL/I2C_Slave_EEPROM/STM32F103C6_EEPROM.o
 .ARM.attributes
                0x000000000000007d       0x33 Src/main.o
 .ARM.attributes
                0x00000000000000b0       0x21 Startup/startup_stm32f103c6tx.o
 .ARM.attributes
                0x00000000000000d1       0x33 Stm32_F103C6_Drivers/Stm32_F103C6_EXTI_driver.o
 .ARM.attributes
                0x0000000000000104       0x33 Stm32_F103C6_Drivers/Stm32_F103C6_I2C_driver.o
 .ARM.attributes
                0x0000000000000137       0x33 Stm32_F103C6_Drivers/Stm32_F103C6_RCC_driver.o
 .ARM.attributes
                0x000000000000016a       0x33 Stm32_F103C6_Drivers/Stm32_F103C6_SPI_driver.o
 .ARM.attributes
                0x000000000000019d       0x33 Stm32_F103C6_Drivers/Stm32_F103C6_USART_driver.o
 .ARM.attributes
                0x00000000000001d0       0x33 Stm32_F103C6_Drivers/Stm32_F103C6_gpio_driver.o
 .ARM.attributes
                0x0000000000000203       0x2d c:/st/stm32cubeide_1.4.0/stm32cubeide/plugins/com.st.stm32cube.ide.mcu.externaltools.gnu-tools-for-stm32.7-2018-q2-update.win32_1.4.0.202007081208/tools/bin/../lib/gcc/arm-none-eabi/7.3.1/../../../../arm-none-eabi/lib/thumb/v7-m\libc_nano.a(lib_a-init.o)
 .ARM.attributes
                0x0000000000000230       0x1d c:/st/stm32cubeide_1.4.0/stm32cubeide/plugins/com.st.stm32cube.ide.mcu.externaltools.gnu-tools-for-stm32.7-2018-q2-update.win32_1.4.0.202007081208/tools/bin/../lib/gcc/arm-none-eabi/7.3.1/thumb/v7-m/crtn.o
OUTPUT(Drivers.elf elf32-littlearm)

.debug_info     0x0000000000000000     0x6c71
 .debug_info    0x0000000000000000      0xc82 HAL/I2C_Slave_EEPROM/STM32F103C6_EEPROM.o
 .debug_info    0x0000000000000c82      0xaae Src/main.o
 .debug_info    0x0000000000001730       0x22 Startup/startup_stm32f103c6tx.o
 .debug_info    0x0000000000001752      0xd90 Stm32_F103C6_Drivers/Stm32_F103C6_EXTI_driver.o
 .debug_info    0x00000000000024e2     0x122f Stm32_F103C6_Drivers/Stm32_F103C6_I2C_driver.o
 .debug_info    0x0000000000003711      0xb09 Stm32_F103C6_Drivers/Stm32_F103C6_RCC_driver.o
 .debug_info    0x000000000000421a      0xf11 Stm32_F103C6_Drivers/Stm32_F103C6_SPI_driver.o
 .debug_info    0x000000000000512b      0xdf7 Stm32_F103C6_Drivers/Stm32_F103C6_USART_driver.o
 .debug_info    0x0000000000005f22      0xd4f Stm32_F103C6_Drivers/Stm32_F103C6_gpio_driver.o

.debug_abbrev   0x0000000000000000     0x1055
 .debug_abbrev  0x0000000000000000      0x1d1 HAL/I2C_Slave_EEPROM/STM32F103C6_EEPROM.o
 .debug_abbrev  0x00000000000001d1      0x197 Src/main.o
 .debug_abbrev  0x0000000000000368       0x12 Startup/startup_stm32f103c6tx.o
 .debug_abbrev  0x000000000000037a      0x228 Stm32_F103C6_Drivers/Stm32_F103C6_EXTI_driver.o
 .debug_abbrev  0x00000000000005a2      0x298 Stm32_F103C6_Drivers/Stm32_F103C6_I2C_driver.o
 .debug_abbrev  0x000000000000083a      0x19b Stm32_F103C6_Drivers/Stm32_F103C6_RCC_driver.o
 .debug_abbrev  0x00000000000009d5      0x267 Stm32_F103C6_Drivers/Stm32_F103C6_SPI_driver.o
 .debug_abbrev  0x0000000000000c3c      0x22c Stm32_F103C6_Drivers/Stm32_F103C6_USART_driver.o
 .debug_abbrev  0x0000000000000e68      0x1ed Stm32_F103C6_Drivers/Stm32_F103C6_gpio_driver.o

.debug_loc      0x0000000000000000     0x12b6
 .debug_loc     0x0000000000000000       0xf2 HAL/I2C_Slave_EEPROM/STM32F103C6_EEPROM.o
 .debug_loc     0x00000000000000f2       0x7c Src/main.o
 .debug_loc     0x000000000000016e      0x2d0 Stm32_F103C6_Drivers/Stm32_F103C6_EXTI_driver.o
 .debug_loc     0x000000000000043e      0x530 Stm32_F103C6_Drivers/Stm32_F103C6_I2C_driver.o
 .debug_loc     0x000000000000096e       0xc8 Stm32_F103C6_Drivers/Stm32_F103C6_RCC_driver.o
 .debug_loc     0x0000000000000a36      0x2bc Stm32_F103C6_Drivers/Stm32_F103C6_SPI_driver.o
 .debug_loc     0x0000000000000cf2      0x294 Stm32_F103C6_Drivers/Stm32_F103C6_USART_driver.o
 .debug_loc     0x0000000000000f86      0x330 Stm32_F103C6_Drivers/Stm32_F103C6_gpio_driver.o

.debug_aranges  0x0000000000000000      0x2e0
 .debug_aranges
                0x0000000000000000       0x30 HAL/I2C_Slave_EEPROM/STM32F103C6_EEPROM.o
 .debug_aranges
                0x0000000000000030       0x28 Src/main.o
 .debug_aranges
                0x0000000000000058       0x28 Startup/startup_stm32f103c6tx.o
 .debug_aranges
                0x0000000000000080       0x78 Stm32_F103C6_Drivers/Stm32_F103C6_EXTI_driver.o
 .debug_aranges
                0x00000000000000f8       0x98 Stm32_F103C6_Drivers/Stm32_F103C6_I2C_driver.o
 .debug_aranges
                0x0000000000000190       0x38 Stm32_F103C6_Drivers/Stm32_F103C6_RCC_driver.o
 .debug_aranges
                0x00000000000001c8       0x58 Stm32_F103C6_Drivers/Stm32_F103C6_SPI_driver.o
 .debug_aranges
                0x0000000000000220       0x60 Stm32_F103C6_Drivers/Stm32_F103C6_USART_driver.o
 .debug_aranges
                0x0000000000000280       0x60 Stm32_F103C6_Drivers/Stm32_F103C6_gpio_driver.o

.debug_ranges   0x0000000000000000      0x258
 .debug_ranges  0x0000000000000000       0x20 HAL/I2C_Slave_EEPROM/STM32F103C6_EEPROM.o
 .debug_ranges  0x0000000000000020       0x18 Src/main.o
 .debug_ranges  0x0000000000000038       0x20 Startup/startup_stm32f103c6tx.o
 .debug_ranges  0x0000000000000058       0x68 Stm32_F103C6_Drivers/Stm32_F103C6_EXTI_driver.o
 .debug_ranges  0x00000000000000c0       0x88 Stm32_F103C6_Drivers/Stm32_F103C6_I2C_driver.o
 .debug_ranges  0x0000000000000148       0x28 Stm32_F103C6_Drivers/Stm32_F103C6_RCC_driver.o
 .debug_ranges  0x0000000000000170       0x48 Stm32_F103C6_Drivers/Stm32_F103C6_SPI_driver.o
 .debug_ranges  0x00000000000001b8       0x50 Stm32_F103C6_Drivers/Stm32_F103C6_USART_driver.o
 .debug_ranges  0x0000000000000208       0x50 Stm32_F103C6_Drivers/Stm32_F103C6_gpio_driver.o

.debug_macro    0x0000000000000000     0x2fe9
 .debug_macro   0x0000000000000000      0x16f HAL/I2C_Slave_EEPROM/STM32F103C6_EEPROM.o
 .debug_macro   0x000000000000016f      0xa60 HAL/I2C_Slave_EEPROM/STM32F103C6_EEPROM.o
 .debug_macro   0x0000000000000bcf       0x18 HAL/I2C_Slave_EEPROM/STM32F103C6_EEPROM.o
 .debug_macro   0x0000000000000be7       0x22 HAL/I2C_Slave_EEPROM/STM32F103C6_EEPROM.o
 .debug_macro   0x0000000000000c09       0x40 HAL/I2C_Slave_EEPROM/STM32F103C6_EEPROM.o
 .debug_macro   0x0000000000000c49       0x94 HAL/I2C_Slave_EEPROM/STM32F103C6_EEPROM.o
 .debug_macro   0x0000000000000cdd       0x3c HAL/I2C_Slave_EEPROM/STM32F103C6_EEPROM.o
 .debug_macro   0x0000000000000d19       0x34 HAL/I2C_Slave_EEPROM/STM32F103C6_EEPROM.o
 .debug_macro   0x0000000000000d4d       0x16 HAL/I2C_Slave_EEPROM/STM32F103C6_EEPROM.o
 .debug_macro   0x0000000000000d63      0x10e HAL/I2C_Slave_EEPROM/STM32F103C6_EEPROM.o
 .debug_macro   0x0000000000000e71       0x8d HAL/I2C_Slave_EEPROM/STM32F103C6_EEPROM.o
 .debug_macro   0x0000000000000efe       0x57 HAL/I2C_Slave_EEPROM/STM32F103C6_EEPROM.o
 .debug_macro   0x0000000000000f55       0x52 HAL/I2C_Slave_EEPROM/STM32F103C6_EEPROM.o
 .debug_macro   0x0000000000000fa7       0x1f HAL/I2C_Slave_EEPROM/STM32F103C6_EEPROM.o
 .debug_macro   0x0000000000000fc6       0x43 HAL/I2C_Slave_EEPROM/STM32F103C6_EEPROM.o
 .debug_macro   0x0000000000001009       0x20 HAL/I2C_Slave_EEPROM/STM32F103C6_EEPROM.o
 .debug_macro   0x0000000000001029      0x1a3 HAL/I2C_Slave_EEPROM/STM32F103C6_EEPROM.o
 .debug_macro   0x00000000000011cc      0x330 HAL/I2C_Slave_EEPROM/STM32F103C6_EEPROM.o
 .debug_macro   0x00000000000014fc       0x16 HAL/I2C_Slave_EEPROM/STM32F103C6_EEPROM.o
 .debug_macro   0x0000000000001512       0x29 HAL/I2C_Slave_EEPROM/STM32F103C6_EEPROM.o
 .debug_macro   0x000000000000153b       0xef HAL/I2C_Slave_EEPROM/STM32F103C6_EEPROM.o
 .debug_macro   0x000000000000162a       0x6a HAL/I2C_Slave_EEPROM/STM32F103C6_EEPROM.o
 .debug_macro   0x0000000000001694      0x1df HAL/I2C_Slave_EEPROM/STM32F103C6_EEPROM.o
 .debug_macro   0x0000000000001873      0x6be HAL/I2C_Slave_EEPROM/STM32F103C6_EEPROM.o
 .debug_macro   0x0000000000001f31       0xd6 HAL/I2C_Slave_EEPROM/STM32F103C6_EEPROM.o
 .debug_macro   0x0000000000002007       0x10 HAL/I2C_Slave_EEPROM/STM32F103C6_EEPROM.o
 .debug_macro   0x0000000000002017       0x4c HAL/I2C_Slave_EEPROM/STM32F103C6_EEPROM.o
 .debug_macro   0x0000000000002063      0x19f Src/main.o
 .debug_macro   0x0000000000002202      0x21e Src/main.o
 .debug_macro   0x0000000000002420       0x16 Src/main.o
 .debug_macro   0x0000000000002436       0xe2 Src/main.o
 .debug_macro   0x0000000000002518       0xf4 Src/main.o
 .debug_macro   0x000000000000260c       0x46 Src/main.o
 .debug_macro   0x0000000000002652       0xc4 Src/main.o
 .debug_macro   0x0000000000002716       0x10 Src/main.o
 .debug_macro   0x0000000000002726      0x14e Stm32_F103C6_Drivers/Stm32_F103C6_EXTI_driver.o
 .debug_macro   0x0000000000002874      0x16b Stm32_F103C6_Drivers/Stm32_F103C6_I2C_driver.o
 .debug_macro   0x00000000000029df      0x152 Stm32_F103C6_Drivers/Stm32_F103C6_RCC_driver.o
 .debug_macro   0x0000000000002b31      0x160 Stm32_F103C6_Drivers/Stm32_F103C6_SPI_driver.o
 .debug_macro   0x0000000000002c91       0xbe Stm32_F103C6_Drivers/Stm32_F103C6_SPI_driver.o
 .debug_macro   0x0000000000002d4f      0x15b Stm32_F103C6_Drivers/Stm32_F103C6_USART_driver.o
 .debug_macro   0x0000000000002eaa      0x13f Stm32_F103C6_Drivers/Stm32_F103C6_gpio_driver.o

.debug_line     0x0000000000000000     0x36e5
 .debug_line    0x0000000000000000      0x657 HAL/I2C_Slave_EEPROM/STM32F103C6_EEPROM.o
 .debug_line    0x0000000000000657      0x731 Src/main.o
 .debug_line    0x0000000000000d88       0x84 Startup/startup_stm32f103c6tx.o
 .debug_line    0x0000000000000e0c      0x6fe Stm32_F103C6_Drivers/Stm32_F103C6_EXTI_driver.o
 .debug_line    0x000000000000150a      0x816 Stm32_F103C6_Drivers/Stm32_F103C6_I2C_driver.o
 .debug_line    0x0000000000001d20      0x5cd Stm32_F103C6_Drivers/Stm32_F103C6_RCC_driver.o
 .debug_line    0x00000000000022ed      0x6c4 Stm32_F103C6_Drivers/Stm32_F103C6_SPI_driver.o
 .debug_line    0x00000000000029b1      0x6ad Stm32_F103C6_Drivers/Stm32_F103C6_USART_driver.o
 .debug_line    0x000000000000305e      0x687 Stm32_F103C6_Drivers/Stm32_F103C6_gpio_driver.o

.debug_str      0x0000000000000000     0xc44c
 .debug_str     0x0000000000000000     0x974f HAL/I2C_Slave_EEPROM/STM32F103C6_EEPROM.o
                                       0x99c0 (size before relaxing)
 .debug_str     0x000000000000974f     0x21a3 Src/main.o
                                       0xb95a (size before relaxing)
 .debug_str     0x000000000000b8f2       0x31 Startup/startup_stm32f103c6tx.o
                                         0x71 (size before relaxing)
 .debug_str     0x000000000000b923      0x2b4 Stm32_F103C6_Drivers/Stm32_F103C6_EXTI_driver.o
                                       0xa9e5 (size before relaxing)
 .debug_str     0x000000000000bbd7      0x2ae Stm32_F103C6_Drivers/Stm32_F103C6_I2C_driver.o
                                       0x9c73 (size before relaxing)
 .debug_str     0x000000000000be85       0xae Stm32_F103C6_Drivers/Stm32_F103C6_RCC_driver.o
                                       0x9684 (size before relaxing)
 .debug_str     0x000000000000bf33      0x2a2 Stm32_F103C6_Drivers/Stm32_F103C6_SPI_driver.o
                                       0x9d6c (size before relaxing)
 .debug_str     0x000000000000c1d5      0x16e Stm32_F103C6_Drivers/Stm32_F103C6_USART_driver.o
                                       0x9dbe (size before relaxing)
 .debug_str     0x000000000000c343      0x109 Stm32_F103C6_Drivers/Stm32_F103C6_gpio_driver.o
                                       0x9701 (size before relaxing)

.comment        0x0000000000000000       0x7b
 .comment       0x0000000000000000       0x7b HAL/I2C_Slave_EEPROM/STM32F103C6_EEPROM.o
                                         0x7c (size before relaxing)
 .comment       0x000000000000007b       0x7c Src/main.o
 .comment       0x000000000000007b       0x7c Stm32_F103C6_Drivers/Stm32_F103C6_EXTI_driver.o
 .comment       0x000000000000007b       0x7c Stm32_F103C6_Drivers/Stm32_F103C6_I2C_driver.o
 .comment       0x000000000000007b       0x7c Stm32_F103C6_Drivers/Stm32_F103C6_RCC_driver.o
 .comment       0x000000000000007b       0x7c Stm32_F103C6_Drivers/Stm32_F103C6_SPI_driver.o
 .comment       0x000000000000007b       0x7c Stm32_F103C6_Drivers/Stm32_F103C6_USART_driver.o
 .comment       0x000000000000007b       0x7c Stm32_F103C6_Drivers/Stm32_F103C6_gpio_driver.o

.debug_frame    0x0000000000000000      0x97c
 .debug_frame   0x0000000000000000       0x80 HAL/I2C_Slave_EEPROM/STM32F103C6_EEPROM.o
 .debug_frame   0x0000000000000080       0x50 Src/main.o
 .debug_frame   0x00000000000000d0      0x18c Stm32_F103C6_Drivers/Stm32_F103C6_EXTI_driver.o
 .debug_frame   0x000000000000025c      0x264 Stm32_F103C6_Drivers/Stm32_F103C6_I2C_driver.o
 .debug_frame   0x00000000000004c0       0x84 Stm32_F103C6_Drivers/Stm32_F103C6_RCC_driver.o
 .debug_frame   0x0000000000000544      0x148 Stm32_F103C6_Drivers/Stm32_F103C6_SPI_driver.o
 .debug_frame   0x000000000000068c      0x14c Stm32_F103C6_Drivers/Stm32_F103C6_USART_driver.o
 .debug_frame   0x00000000000007d8      0x178 Stm32_F103C6_Drivers/Stm32_F103C6_gpio_driver.o
 .debug_frame   0x0000000000000950       0x2c c:/st/stm32cubeide_1.4.0/stm32cubeide/plugins/com.st.stm32cube.ide.mcu.externaltools.gnu-tools-for-stm32.7-2018-q2-update.win32_1.4.0.202007081208/tools/bin/../lib/gcc/arm-none-eabi/7.3.1/../../../../arm-none-eabi/lib/thumb/v7-m\libc_nano.a(lib_a-init.o)
