
Memory Configuration

Name             Origin             Length             Attributes
flash            0x08000000         0x00020000         xr
sram             0x20000000         0x00005000         xrw
*default*        0x00000000         0xffffffff

Linker script and memory map


.text           0x08000000      0x140
 *(.vectors*)
 .vectors       0x08000000       0x1c startup.o
                0x08000000                vectors
 *(.text*)
 .text          0x0800001c       0x94 main.o
                0x0800001c                NMI_Handler
                0x08000028                Bus_Fault_Handler
                0x08000034                main
 .text          0x080000b0       0x90 startup.o
                0x080000b0                Usage_Fault_Handler
                0x080000b0                Default_Handler
                0x080000b0                H_fault_Handler
                0x080000b0                MM_Fault_Handler
                0x080000bc                Reset_Handler
 *(.rodata)
                0x08000140                _E_text = .

.glue_7         0x08000140        0x0
 .glue_7        0x00000000        0x0 linker stubs

.glue_7t        0x08000140        0x0
 .glue_7t       0x00000000        0x0 linker stubs

.vfp11_veneer   0x08000140        0x0
 .vfp11_veneer  0x00000000        0x0 linker stubs

.v4_bx          0x08000140        0x0
 .v4_bx         0x00000000        0x0 linker stubs

.iplt           0x08000140        0x0
 .iplt          0x00000000        0x0 main.o

.rel.dyn        0x08000140        0x0
 .rel.iplt      0x00000000        0x0 main.o

.data           0x20000000        0x4 load address 0x08000140
                0x20000000                _S_DATA = .
 *(.data)
 .data          0x20000000        0x4 main.o
                0x20000000                R_ODR
 .data          0x20000004        0x0 startup.o
                0x20000004                . = ALIGN (0x4)
                0x20000004                _E_DATA = .
                0x20000004                . = ALIGN (0x4)

.igot.plt       0x20000004        0x0 load address 0x08000144
 .igot.plt      0x00000000        0x0 main.o

.bss            0x20000004     0x1000 load address 0x08000144
                0x20000004                _S_bss = .
 *(.bss*)
 .bss           0x20000004        0x0 main.o
 .bss           0x20000004        0x0 startup.o
                0x20000004                _E_bss = .
                0x20000004                . = ALIGN (0x4)
                0x20001004                . = (. + 0x1000)
 *fill*         0x20000004     0x1000 
                0x20001004                _stack_top = .
LOAD main.o
LOAD startup.o
OUTPUT(learn_in_depth_cortex_m3.elf elf32-littlearm)

.debug_info     0x00000000      0x2fa
 .debug_info    0x00000000      0x169 main.o
 .debug_info    0x00000169      0x191 startup.o

.debug_abbrev   0x00000000      0x1d0
 .debug_abbrev  0x00000000       0xf8 main.o
 .debug_abbrev  0x000000f8       0xd8 startup.o

.debug_loc      0x00000000      0x13c
 .debug_loc     0x00000000       0xc0 main.o
 .debug_loc     0x000000c0       0x7c startup.o

.debug_aranges  0x00000000       0x40
 .debug_aranges
                0x00000000       0x20 main.o
 .debug_aranges
                0x00000020       0x20 startup.o

.debug_line     0x00000000      0x19a
 .debug_line    0x00000000       0x5c main.o
 .debug_line    0x0000005c      0x13e startup.o

.debug_str      0x00000000      0x1fb
 .debug_str     0x00000000      0x170 main.o
                                0x1a4 (size before relaxing)
 .debug_str     0x00000170       0x8b startup.o
                                0x1dd (size before relaxing)

.comment        0x00000000       0x7e
 .comment       0x00000000       0x7e main.o
                                 0x7f (size before relaxing)
 .comment       0x00000000       0x7f startup.o

.ARM.attributes
                0x00000000       0x33
 .ARM.attributes
                0x00000000       0x33 main.o
 .ARM.attributes
                0x00000033       0x33 startup.o

.debug_frame    0x00000000       0xbc
 .debug_frame   0x00000000       0x6c main.o
 .debug_frame   0x0000006c       0x50 startup.o
